<?xml version="1.0"?>
<link_info>
   <banner>TI ARM Linker PC v16.9.6.LTS</banner>
   <copyright>Copyright (c) 1996-2017 Texas Instruments Incorporated</copyright>
   <link_time>0x5a83a7ae</link_time>
   <link_errors>0x0</link_errors>
   <output_file>CEC322_Hostetter_Link_Lab04.out</output_file>
   <entry_point>
      <name>_c_int00</name>
      <address>0x2ecd</address>
   </entry_point>
   <input_file_list>
      <input_file id="fl-2">
         <path>.\</path>
         <kind>object</kind>
         <file>startup_ccs.obj</file>
         <name>startup_ccs.obj</name>
      </input_file>
      <input_file id="fl-3">
         <path>.\</path>
         <kind>object</kind>
         <file>timers.obj</file>
         <name>timers.obj</name>
      </input_file>
      <input_file id="fl-4">
         <path>.\drivers\</path>
         <kind>object</kind>
         <file>buttons.obj</file>
         <name>buttons.obj</name>
      </input_file>
      <input_file id="fl-5">
         <path>.\drivers\</path>
         <kind>object</kind>
         <file>cfal96x64x16.obj</file>
         <name>cfal96x64x16.obj</name>
      </input_file>
      <input_file id="fl-b">
         <kind>object</kind>
         <file>&lt;internal&gt;</file>
         <name>&lt;internal&gt;</name>
      </input_file>
      <input_file id="fl-c1">
         <path>C:\ti\ccsv7\tools\compiler\ti-cgt-arm_16.9.6.LTS\lib\</path>
         <kind>archive</kind>
         <file>rtsv7M4_T_le_v4SPD16_eabi.lib</file>
         <name>boot.obj</name>
      </input_file>
      <input_file id="fl-c2">
         <path>C:\ti\ccsv7\tools\compiler\ti-cgt-arm_16.9.6.LTS\lib\</path>
         <kind>archive</kind>
         <file>rtsv7M4_T_le_v4SPD16_eabi.lib</file>
         <name>copy_decompress_lzss.obj</name>
      </input_file>
      <input_file id="fl-c3">
         <path>C:\ti\ccsv7\tools\compiler\ti-cgt-arm_16.9.6.LTS\lib\</path>
         <kind>archive</kind>
         <file>rtsv7M4_T_le_v4SPD16_eabi.lib</file>
         <name>copy_decompress_none.obj</name>
      </input_file>
      <input_file id="fl-c4">
         <path>C:\ti\ccsv7\tools\compiler\ti-cgt-arm_16.9.6.LTS\lib\</path>
         <kind>archive</kind>
         <file>rtsv7M4_T_le_v4SPD16_eabi.lib</file>
         <name>copy_zero_init.obj</name>
      </input_file>
      <input_file id="fl-c5">
         <path>C:\ti\ccsv7\tools\compiler\ti-cgt-arm_16.9.6.LTS\lib\</path>
         <kind>archive</kind>
         <file>rtsv7M4_T_le_v4SPD16_eabi.lib</file>
         <name>exit.obj</name>
      </input_file>
      <input_file id="fl-c6">
         <path>C:\ti\ccsv7\tools\compiler\ti-cgt-arm_16.9.6.LTS\lib\</path>
         <kind>archive</kind>
         <file>rtsv7M4_T_le_v4SPD16_eabi.lib</file>
         <name>memcpy_t2.obj</name>
      </input_file>
      <input_file id="fl-c7">
         <path>C:\ti\ccsv7\tools\compiler\ti-cgt-arm_16.9.6.LTS\lib\</path>
         <kind>archive</kind>
         <file>rtsv7M4_T_le_v4SPD16_eabi.lib</file>
         <name>memset_t2.obj</name>
      </input_file>
      <input_file id="fl-c8">
         <path>C:\ti\ccsv7\tools\compiler\ti-cgt-arm_16.9.6.LTS\lib\</path>
         <kind>archive</kind>
         <file>rtsv7M4_T_le_v4SPD16_eabi.lib</file>
         <name>mpu_init.obj</name>
      </input_file>
      <input_file id="fl-c9">
         <path>C:\ti\ccsv7\tools\compiler\ti-cgt-arm_16.9.6.LTS\lib\</path>
         <kind>archive</kind>
         <file>rtsv7M4_T_le_v4SPD16_eabi.lib</file>
         <name>pre_init.obj</name>
      </input_file>
      <input_file id="fl-ca">
         <path>C:\ti\ccsv7\tools\compiler\ti-cgt-arm_16.9.6.LTS\lib\</path>
         <kind>archive</kind>
         <file>rtsv7M4_T_le_v4SPD16_eabi.lib</file>
         <name>sprintf.obj</name>
      </input_file>
      <input_file id="fl-cb">
         <path>C:\ti\ccsv7\tools\compiler\ti-cgt-arm_16.9.6.LTS\lib\</path>
         <kind>archive</kind>
         <file>rtsv7M4_T_le_v4SPD16_eabi.lib</file>
         <name>stkdepth_vars.obj</name>
      </input_file>
      <input_file id="fl-cc">
         <path>C:\ti\ccsv7\tools\compiler\ti-cgt-arm_16.9.6.LTS\lib\</path>
         <kind>archive</kind>
         <file>rtsv7M4_T_le_v4SPD16_eabi.lib</file>
         <name>strlen.obj</name>
      </input_file>
      <input_file id="fl-cd">
         <path>C:\ti\ccsv7\tools\compiler\ti-cgt-arm_16.9.6.LTS\lib\</path>
         <kind>archive</kind>
         <file>rtsv7M4_T_le_v4SPD16_eabi.lib</file>
         <name>_lock.obj</name>
      </input_file>
      <input_file id="fl-ce">
         <path>C:\ti\ccsv7\tools\compiler\ti-cgt-arm_16.9.6.LTS\lib\</path>
         <kind>archive</kind>
         <file>rtsv7M4_T_le_v4SPD16_eabi.lib</file>
         <name>_printfi.obj</name>
      </input_file>
      <input_file id="fl-cf">
         <path>C:\ti\ccsv7\tools\compiler\ti-cgt-arm_16.9.6.LTS\lib\</path>
         <kind>archive</kind>
         <file>rtsv7M4_T_le_v4SPD16_eabi.lib</file>
         <name>args_main.obj</name>
      </input_file>
      <input_file id="fl-d0">
         <path>C:\ti\ccsv7\tools\compiler\ti-cgt-arm_16.9.6.LTS\lib\</path>
         <kind>archive</kind>
         <file>rtsv7M4_T_le_v4SPD16_eabi.lib</file>
         <name>atoi.obj</name>
      </input_file>
      <input_file id="fl-d1">
         <path>C:\ti\ccsv7\tools\compiler\ti-cgt-arm_16.9.6.LTS\lib\</path>
         <kind>archive</kind>
         <file>rtsv7M4_T_le_v4SPD16_eabi.lib</file>
         <name>autoinit.obj</name>
      </input_file>
      <input_file id="fl-d2">
         <path>C:\ti\ccsv7\tools\compiler\ti-cgt-arm_16.9.6.LTS\lib\</path>
         <kind>archive</kind>
         <file>rtsv7M4_T_le_v4SPD16_eabi.lib</file>
         <name>cpy_tbl.obj</name>
      </input_file>
      <input_file id="fl-d3">
         <path>C:\ti\ccsv7\tools\compiler\ti-cgt-arm_16.9.6.LTS\lib\</path>
         <kind>archive</kind>
         <file>rtsv7M4_T_le_v4SPD16_eabi.lib</file>
         <name>ctype.obj</name>
      </input_file>
      <input_file id="fl-d4">
         <path>C:\ti\ccsv7\tools\compiler\ti-cgt-arm_16.9.6.LTS\lib\</path>
         <kind>archive</kind>
         <file>rtsv7M4_T_le_v4SPD16_eabi.lib</file>
         <name>fd_add_t2.obj</name>
      </input_file>
      <input_file id="fl-d5">
         <path>C:\ti\ccsv7\tools\compiler\ti-cgt-arm_16.9.6.LTS\lib\</path>
         <kind>archive</kind>
         <file>rtsv7M4_T_le_v4SPD16_eabi.lib</file>
         <name>fd_cmp_t2.obj</name>
      </input_file>
      <input_file id="fl-d6">
         <path>C:\ti\ccsv7\tools\compiler\ti-cgt-arm_16.9.6.LTS\lib\</path>
         <kind>archive</kind>
         <file>rtsv7M4_T_le_v4SPD16_eabi.lib</file>
         <name>fd_div_t2.obj</name>
      </input_file>
      <input_file id="fl-d7">
         <path>C:\ti\ccsv7\tools\compiler\ti-cgt-arm_16.9.6.LTS\lib\</path>
         <kind>archive</kind>
         <file>rtsv7M4_T_le_v4SPD16_eabi.lib</file>
         <name>fd_mul_t2.obj</name>
      </input_file>
      <input_file id="fl-d8">
         <path>C:\ti\ccsv7\tools\compiler\ti-cgt-arm_16.9.6.LTS\lib\</path>
         <kind>archive</kind>
         <file>rtsv7M4_T_le_v4SPD16_eabi.lib</file>
         <name>fd_toi_t2.obj</name>
      </input_file>
      <input_file id="fl-d9">
         <path>C:\ti\ccsv7\tools\compiler\ti-cgt-arm_16.9.6.LTS\lib\</path>
         <kind>archive</kind>
         <file>rtsv7M4_T_le_v4SPD16_eabi.lib</file>
         <name>i_tofd_t2.obj</name>
      </input_file>
      <input_file id="fl-da">
         <path>C:\ti\ccsv7\tools\compiler\ti-cgt-arm_16.9.6.LTS\lib\</path>
         <kind>archive</kind>
         <file>rtsv7M4_T_le_v4SPD16_eabi.lib</file>
         <name>ltoa.obj</name>
      </input_file>
      <input_file id="fl-db">
         <path>C:\ti\ccsv7\tools\compiler\ti-cgt-arm_16.9.6.LTS\lib\</path>
         <kind>archive</kind>
         <file>rtsv7M4_T_le_v4SPD16_eabi.lib</file>
         <name>memccpy.obj</name>
      </input_file>
      <input_file id="fl-dc">
         <path>C:\ti\ccsv7\tools\compiler\ti-cgt-arm_16.9.6.LTS\lib\</path>
         <kind>archive</kind>
         <file>rtsv7M4_T_le_v4SPD16_eabi.lib</file>
         <name>s_frexp.obj</name>
      </input_file>
      <input_file id="fl-dd">
         <path>C:\ti\ccsv7\tools\compiler\ti-cgt-arm_16.9.6.LTS\lib\</path>
         <kind>archive</kind>
         <file>rtsv7M4_T_le_v4SPD16_eabi.lib</file>
         <name>s_scalbn.obj</name>
      </input_file>
      <input_file id="fl-de">
         <path>C:\ti\ccsv7\tools\compiler\ti-cgt-arm_16.9.6.LTS\lib\</path>
         <kind>archive</kind>
         <file>rtsv7M4_T_le_v4SPD16_eabi.lib</file>
         <name>startup.obj</name>
      </input_file>
      <input_file id="fl-df">
         <path>C:\ti\ccsv7\tools\compiler\ti-cgt-arm_16.9.6.LTS\lib\</path>
         <kind>archive</kind>
         <file>rtsv7M4_T_le_v4SPD16_eabi.lib</file>
         <name>strchr.obj</name>
      </input_file>
      <input_file id="fl-e0">
         <path>C:\ti\ccsv7\tools\compiler\ti-cgt-arm_16.9.6.LTS\lib\</path>
         <kind>archive</kind>
         <file>rtsv7M4_T_le_v4SPD16_eabi.lib</file>
         <name>ull_div_t2.obj</name>
      </input_file>
      <input_file id="fl-e1">
         <path>C:\ti\ccsv7\tools\compiler\ti-cgt-arm_16.9.6.LTS\lib\</path>
         <kind>archive</kind>
         <file>rtsv7M4_T_le_v4SPD16_eabi.lib</file>
         <name>errno.obj</name>
      </input_file>
      <input_file id="fl-e2">
         <path>C:\ti\ccsv7\tools\compiler\ti-cgt-arm_16.9.6.LTS\lib\</path>
         <kind>archive</kind>
         <file>rtsv7M4_T_le_v4SPD16_eabi.lib</file>
         <name>s_copysign.obj</name>
      </input_file>
      <input_file id="fl-e3">
         <path>C:\ti\TivaWare_C_Series-2.1.3.156\driverlib\ccs\Debug\</path>
         <kind>archive</kind>
         <file>driverlib.lib</file>
         <name>adc.obj</name>
      </input_file>
      <input_file id="fl-e4">
         <path>C:\ti\TivaWare_C_Series-2.1.3.156\driverlib\ccs\Debug\</path>
         <kind>archive</kind>
         <file>driverlib.lib</file>
         <name>fpu.obj</name>
      </input_file>
      <input_file id="fl-e5">
         <path>C:\ti\TivaWare_C_Series-2.1.3.156\driverlib\ccs\Debug\</path>
         <kind>archive</kind>
         <file>driverlib.lib</file>
         <name>gpio.obj</name>
      </input_file>
      <input_file id="fl-e6">
         <path>C:\ti\TivaWare_C_Series-2.1.3.156\driverlib\ccs\Debug\</path>
         <kind>archive</kind>
         <file>driverlib.lib</file>
         <name>interrupt.obj</name>
      </input_file>
      <input_file id="fl-e7">
         <path>C:\ti\TivaWare_C_Series-2.1.3.156\driverlib\ccs\Debug\</path>
         <kind>archive</kind>
         <file>driverlib.lib</file>
         <name>sysctl.obj</name>
      </input_file>
      <input_file id="fl-e8">
         <path>C:\ti\TivaWare_C_Series-2.1.3.156\driverlib\ccs\Debug\</path>
         <kind>archive</kind>
         <file>driverlib.lib</file>
         <name>timer.obj</name>
      </input_file>
      <input_file id="fl-e9">
         <path>C:\ti\TivaWare_C_Series-2.1.3.156\driverlib\ccs\Debug\</path>
         <kind>archive</kind>
         <file>driverlib.lib</file>
         <name>uart.obj</name>
      </input_file>
      <input_file id="fl-ea">
         <path>C:\ti\TivaWare_C_Series-2.1.3.156\driverlib\ccs\Debug\</path>
         <kind>archive</kind>
         <file>driverlib.lib</file>
         <name>cpu.obj</name>
      </input_file>
      <input_file id="fl-eb">
         <path>C:\ti\TivaWare_C_Series-2.1.3.156\grlib\ccs\Debug\</path>
         <kind>archive</kind>
         <file>grlib.lib</file>
         <name>context.obj</name>
      </input_file>
      <input_file id="fl-ec">
         <path>C:\ti\TivaWare_C_Series-2.1.3.156\grlib\ccs\Debug\</path>
         <kind>archive</kind>
         <file>grlib.lib</file>
         <name>rectangle.obj</name>
      </input_file>
      <input_file id="fl-ed">
         <path>C:\ti\TivaWare_C_Series-2.1.3.156\grlib\ccs\Debug\</path>
         <kind>archive</kind>
         <file>grlib.lib</file>
         <name>string.obj</name>
      </input_file>
      <input_file id="fl-ee">
         <path>C:\ti\TivaWare_C_Series-2.1.3.156\grlib\ccs\Debug\</path>
         <kind>archive</kind>
         <file>grlib.lib</file>
         <name>fontfixed6x8.obj</name>
      </input_file>
      <input_file id="fl-ef">
         <path>C:\ti\TivaWare_C_Series-2.1.3.156\grlib\ccs\Debug\</path>
         <kind>archive</kind>
         <file>grlib.lib</file>
         <name>charmap.obj</name>
      </input_file>
      <input_file id="fl-f0">
         <path>C:\ti\TivaWare_C_Series-2.1.3.156\grlib\ccs\Debug\</path>
         <kind>archive</kind>
         <file>grlib.lib</file>
         <name>line.obj</name>
      </input_file>
   </input_file_list>
   <object_component_list>
      <object_component id="oc-f">
         <name>.intvecs</name>
         <load_address>0x0</load_address>
         <run_address>0x0</run_address>
         <size>0x26c</size>
         <input_file_ref idref="fl-2"/>
      </object_component>
      <object_component id="oc-21e">
         <name>.text</name>
         <load_address>0x26c</load_address>
         <run_address>0x26c</run_address>
         <size>0x113e</size>
         <input_file_ref idref="fl-ce"/>
      </object_component>
      <object_component id="oc-365">
         <name>.text:GrFontGlyphRender</name>
         <load_address>0x13aa</load_address>
         <run_address>0x13aa</run_address>
         <size>0x254</size>
         <input_file_ref idref="fl-ed"/>
      </object_component>
      <object_component id="oc-2e3">
         <name>.text</name>
         <load_address>0x15fe</load_address>
         <run_address>0x15fe</run_address>
         <size>0x1f4</size>
         <input_file_ref idref="fl-e0"/>
      </object_component>
      <object_component id="oc-2cf">
         <name>.text:CFAL96x64x16Flush</name>
         <load_address>0x17f2</load_address>
         <run_address>0x17f2</run_address>
         <size>0x2</size>
         <input_file_ref idref="fl-5"/>
      </object_component>
      <object_component id="oc-11c">
         <name>.text:main</name>
         <load_address>0x17f4</load_address>
         <run_address>0x17f4</run_address>
         <size>0x1c0</size>
         <input_file_ref idref="fl-3"/>
      </object_component>
      <object_component id="oc-312">
         <name>.text</name>
         <load_address>0x19b4</load_address>
         <run_address>0x19b4</run_address>
         <size>0x1b6</size>
         <input_file_ref idref="fl-d4"/>
      </object_component>
      <object_component id="oc-37">
         <name>.text:FaultISR</name>
         <load_address>0x1b6a</load_address>
         <run_address>0x1b6a</run_address>
         <size>0x2</size>
         <input_file_ref idref="fl-2"/>
      </object_component>
      <object_component id="oc-194">
         <name>.text:CFAL96x64x16Init</name>
         <load_address>0x1b6c</load_address>
         <run_address>0x1b6c</run_address>
         <size>0x184</size>
         <input_file_ref idref="fl-5"/>
      </object_component>
      <object_component id="oc-2b7">
         <name>.text:CFAL96x64x16PixelDrawMultiple</name>
         <load_address>0x1cf0</load_address>
         <run_address>0x1cf0</run_address>
         <size>0x13a</size>
         <input_file_ref idref="fl-5"/>
      </object_component>
      <object_component id="oc-2f8">
         <name>.text</name>
         <load_address>0x1e2a</load_address>
         <run_address>0x1e2a</run_address>
         <size>0x136</size>
         <input_file_ref idref="fl-d6"/>
      </object_component>
      <object_component id="oc-294">
         <name>.text:GPIOPadConfigSet</name>
         <load_address>0x1f60</load_address>
         <run_address>0x1f60</run_address>
         <size>0x132</size>
         <input_file_ref idref="fl-e5"/>
      </object_component>
      <object_component id="oc-3d">
         <name>.text:IntDefaultHandler</name>
         <load_address>0x2092</load_address>
         <run_address>0x2092</run_address>
         <size>0x2</size>
         <input_file_ref idref="fl-2"/>
      </object_component>
      <object_component id="oc-c5">
         <name>.text:SysCtlClockGet</name>
         <load_address>0x2094</load_address>
         <run_address>0x2094</run_address>
         <size>0x110</size>
         <input_file_ref idref="fl-e7"/>
      </object_component>
      <object_component id="oc-2f3">
         <name>.text</name>
         <load_address>0x21a4</load_address>
         <run_address>0x21a4</run_address>
         <size>0xfc</size>
         <input_file_ref idref="fl-d7"/>
      </object_component>
      <object_component id="oc-31d">
         <name>.text</name>
         <load_address>0x22a0</load_address>
         <run_address>0x22a0</run_address>
         <size>0xfc</size>
         <input_file_ref idref="fl-dd"/>
      </object_component>
      <object_component id="oc-18e">
         <name>.text:SysCtlClockSet</name>
         <load_address>0x239c</load_address>
         <run_address>0x239c</run_address>
         <size>0xf4</size>
         <input_file_ref idref="fl-e7"/>
      </object_component>
      <object_component id="oc-43">
         <name>.text:Timer0IntHandler</name>
         <load_address>0x2490</load_address>
         <run_address>0x2490</run_address>
         <size>0xd0</size>
         <input_file_ref idref="fl-3"/>
      </object_component>
      <object_component id="oc-26d">
         <name>.text:GrDefaultStringRenderer</name>
         <load_address>0x2560</load_address>
         <run_address>0x2560</run_address>
         <size>0xc0</size>
         <input_file_ref idref="fl-ed"/>
      </object_component>
      <object_component id="oc-b9">
         <name>.text:diplayADCInfoOnBoard</name>
         <load_address>0x2620</load_address>
         <run_address>0x2620</run_address>
         <size>0xa8</size>
         <input_file_ref idref="fl-3"/>
      </object_component>
      <object_component id="oc-5d">
         <name>.text</name>
         <load_address>0x26c8</load_address>
         <run_address>0x26c8</run_address>
         <size>0x9c</size>
         <input_file_ref idref="fl-c6"/>
      </object_component>
      <object_component id="oc-2c3">
         <name>.text:CFAL96x64x16LineDrawV</name>
         <load_address>0x2764</load_address>
         <run_address>0x2764</run_address>
         <size>0x8e</size>
         <input_file_ref idref="fl-5"/>
      </object_component>
      <object_component id="oc-139">
         <name>.text:GrRectFill</name>
         <load_address>0x27f2</load_address>
         <run_address>0x27f2</run_address>
         <size>0x86</size>
         <input_file_ref idref="fl-ec"/>
      </object_component>
      <object_component id="oc-2ee">
         <name>.text:__aeabi_cdcmple</name>
         <load_address>0x2878</load_address>
         <run_address>0x2878</run_address>
         <size>0x86</size>
         <input_file_ref idref="fl-d5"/>
      </object_component>
      <object_component id="oc-2fd">
         <name>.text:__aeabi_cdrcmple</name>
         <load_address>0x28fe</load_address>
         <run_address>0x28fe</run_address>
         <size>0x86</size>
         <input_file_ref idref="fl-d5"/>
      </object_component>
      <object_component id="oc-1ca">
         <name>.text:ADCSequenceStepConfigure</name>
         <load_address>0x2984</load_address>
         <run_address>0x2984</run_address>
         <size>0x7a</size>
         <input_file_ref idref="fl-e3"/>
      </object_component>
      <object_component id="oc-69">
         <name>.text</name>
         <load_address>0x29fe</load_address>
         <run_address>0x29fe</run_address>
         <size>0x7a</size>
         <input_file_ref idref="fl-c7"/>
      </object_component>
      <object_component id="oc-81">
         <name>.text</name>
         <load_address>0x2a78</load_address>
         <run_address>0x2a78</run_address>
         <size>0x70</size>
         <input_file_ref idref="fl-d1"/>
      </object_component>
      <object_component id="oc-2bd">
         <name>.text:CFAL96x64x16LineDrawH</name>
         <load_address>0x2ae8</load_address>
         <run_address>0x2ae8</run_address>
         <size>0x6c</size>
         <input_file_ref idref="fl-5"/>
      </object_component>
      <object_component id="oc-1a0">
         <name>.text:GrContextInit</name>
         <load_address>0x2b54</load_address>
         <run_address>0x2b54</run_address>
         <size>0x68</size>
         <input_file_ref idref="fl-eb"/>
      </object_component>
      <object_component id="oc-150">
         <name>.text:GrStringWidthGet</name>
         <load_address>0x2bbc</load_address>
         <run_address>0x2bbc</run_address>
         <size>0x68</size>
         <input_file_ref idref="fl-ed"/>
      </object_component>
      <object_component id="oc-1e8">
         <name>.text:IntEnable</name>
         <load_address>0x2c24</load_address>
         <run_address>0x2c24</run_address>
         <size>0x68</size>
         <input_file_ref idref="fl-e6"/>
      </object_component>
      <object_component id="oc-12">
         <name>.text:decompress:lzss</name>
         <load_address>0x2c8c</load_address>
         <run_address>0x2c8c</run_address>
         <size>0x68</size>
         <input_file_ref idref="fl-c2"/>
      </object_component>
      <object_component id="oc-317">
         <name>.text</name>
         <load_address>0x2cf4</load_address>
         <run_address>0x2cf4</run_address>
         <size>0x64</size>
         <input_file_ref idref="fl-dc"/>
      </object_component>
      <object_component id="oc-1e2">
         <name>.text:TimerConfigure</name>
         <load_address>0x2d58</load_address>
         <run_address>0x2d58</run_address>
         <size>0x60</size>
         <input_file_ref idref="fl-e8"/>
      </object_component>
      <object_component id="oc-14a">
         <name>.text</name>
         <load_address>0x2db8</load_address>
         <run_address>0x2db8</run_address>
         <size>0x60</size>
         <input_file_ref idref="fl-ca"/>
      </object_component>
      <object_component id="oc-349">
         <name>.text:FontWideGlyphDataGet</name>
         <load_address>0x2e18</load_address>
         <run_address>0x2e18</run_address>
         <size>0x5a</size>
         <input_file_ref idref="fl-ed"/>
      </object_component>
      <object_component id="oc-31">
         <name>.text:NmiSR</name>
         <load_address>0x2e72</load_address>
         <run_address>0x2e72</run_address>
         <size>0x2</size>
         <input_file_ref idref="fl-2"/>
      </object_component>
      <object_component id="oc-1c4">
         <name>.text:ADCSequenceConfigure</name>
         <load_address>0x2e74</load_address>
         <run_address>0x2e74</run_address>
         <size>0x58</size>
         <input_file_ref idref="fl-e3"/>
      </object_component>
      <object_component id="oc-24">
         <name>.text</name>
         <load_address>0x2ecc</load_address>
         <run_address>0x2ecc</run_address>
         <size>0x54</size>
         <input_file_ref idref="fl-c1"/>
      </object_component>
      <object_component id="oc-8d">
         <name>.text</name>
         <load_address>0x2f20</load_address>
         <run_address>0x2f20</run_address>
         <size>0x54</size>
         <input_file_ref idref="fl-c5"/>
      </object_component>
      <object_component id="oc-307">
         <name>.text</name>
         <load_address>0x2f74</load_address>
         <run_address>0x2f74</run_address>
         <size>0x54</size>
         <input_file_ref idref="fl-da"/>
      </object_component>
      <object_component id="oc-256">
         <name>.text:CFAL96x64x16WriteCommand</name>
         <load_address>0x2fc8</load_address>
         <run_address>0x2fc8</run_address>
         <size>0x50</size>
         <input_file_ref idref="fl-5"/>
      </object_component>
      <object_component id="oc-388">
         <name>.text:CFAL96x64x16WriteData</name>
         <load_address>0x3018</load_address>
         <run_address>0x3018</run_address>
         <size>0x50</size>
         <input_file_ref idref="fl-5"/>
      </object_component>
      <object_component id="oc-329">
         <name>.text</name>
         <load_address>0x3068</load_address>
         <run_address>0x3068</run_address>
         <size>0x4c</size>
         <input_file_ref idref="fl-d0"/>
      </object_component>
      <object_component id="oc-10e">
         <name>.text</name>
         <load_address>0x30b4</load_address>
         <run_address>0x30b4</run_address>
         <size>0x4c</size>
         <input_file_ref idref="fl-d2"/>
      </object_component>
      <object_component id="oc-27a">
         <name>.text:UpdateContextCharMapping</name>
         <load_address>0x3100</load_address>
         <run_address>0x3100</run_address>
         <size>0x4a</size>
         <input_file_ref idref="fl-ed"/>
      </object_component>
      <object_component id="oc-302">
         <name>.text</name>
         <load_address>0x314a</load_address>
         <run_address>0x314a</run_address>
         <size>0x48</size>
         <input_file_ref idref="fl-d8"/>
      </object_component>
      <object_component id="oc-1b8">
         <name>.text:UARTConfigSetExpClk</name>
         <load_address>0x3192</load_address>
         <run_address>0x3192</run_address>
         <size>0x46</size>
         <input_file_ref idref="fl-e9"/>
      </object_component>
      <object_component id="oc-34f">
         <name>.text:FontGlyphDataGet</name>
         <load_address>0x31d8</load_address>
         <run_address>0x31d8</run_address>
         <size>0x3a</size>
         <input_file_ref idref="fl-ed"/>
      </object_component>
      <object_component id="oc-75">
         <name>.text</name>
         <load_address>0x3212</load_address>
         <run_address>0x3212</run_address>
         <size>0x2</size>
         <input_file_ref idref="fl-c8"/>
      </object_component>
      <object_component id="oc-1b2">
         <name>.text:SysCtlPeripheralReady</name>
         <load_address>0x3214</load_address>
         <run_address>0x3214</run_address>
         <size>0x38</size>
         <input_file_ref idref="fl-e7"/>
      </object_component>
      <object_component id="oc-1ac">
         <name>.text:SysCtlPeripheralEnable</name>
         <load_address>0x324c</load_address>
         <run_address>0x324c</run_address>
         <size>0x34</size>
         <input_file_ref idref="fl-e7"/>
      </object_component>
      <object_component id="oc-a7">
         <name>.text:clearBlack</name>
         <load_address>0x3280</load_address>
         <run_address>0x3280</run_address>
         <size>0x34</size>
         <input_file_ref idref="fl-3"/>
      </object_component>
      <object_component id="oc-2b1">
         <name>.text:CFAL96x64x16PixelDraw</name>
         <load_address>0x32b4</load_address>
         <run_address>0x32b4</run_address>
         <size>0x32</size>
         <input_file_ref idref="fl-5"/>
      </object_component>
      <object_component id="oc-a1">
         <name>.text:ADCIntStatus</name>
         <load_address>0x32e6</load_address>
         <run_address>0x32e6</run_address>
         <size>0x2e</size>
         <input_file_ref idref="fl-e3"/>
      </object_component>
      <object_component id="oc-22b">
         <name>.text:GrStringNextCharGet</name>
         <load_address>0x3314</load_address>
         <run_address>0x3314</run_address>
         <size>0x2e</size>
         <input_file_ref idref="fl-ed"/>
      </object_component>
      <object_component id="oc-30d">
         <name>.text</name>
         <load_address>0x3342</load_address>
         <run_address>0x3342</run_address>
         <size>0x2e</size>
         <input_file_ref idref="fl-d9"/>
      </object_component>
      <object_component id="oc-156">
         <name>.text:GrFontBaselineGet</name>
         <load_address>0x3370</load_address>
         <run_address>0x3370</run_address>
         <size>0x2c</size>
         <input_file_ref idref="fl-ed"/>
      </object_component>
      <object_component id="oc-25c">
         <name>.text:CFAL96x64x16RectFill</name>
         <load_address>0x339c</load_address>
         <run_address>0x339c</run_address>
         <size>0x2a</size>
         <input_file_ref idref="fl-5"/>
      </object_component>
      <object_component id="oc-29a">
         <name>.text:GPIODirModeSet</name>
         <load_address>0x33c6</load_address>
         <run_address>0x33c6</run_address>
         <size>0x2a</size>
         <input_file_ref idref="fl-e5"/>
      </object_component>
      <object_component id="oc-237">
         <name>.text:GrFontInfoGet</name>
         <load_address>0x33f0</load_address>
         <run_address>0x33f0</run_address>
         <size>0x26</size>
         <input_file_ref idref="fl-ed"/>
      </object_component>
      <object_component id="oc-231">
         <name>.text:GrFontGlyphDataGet</name>
         <load_address>0x3416</load_address>
         <run_address>0x3416</run_address>
         <size>0x22</size>
         <input_file_ref idref="fl-ed"/>
      </object_component>
      <object_component id="oc-283">
         <name>.text:UARTDisable</name>
         <load_address>0x3438</load_address>
         <run_address>0x3438</run_address>
         <size>0x20</size>
         <input_file_ref idref="fl-e9"/>
      </object_component>
      <object_component id="oc-b3">
         <name>.text:ADCSequenceDataGet</name>
         <load_address>0x3458</load_address>
         <run_address>0x3458</run_address>
         <size>0x1e</size>
         <input_file_ref idref="fl-e3"/>
      </object_component>
      <object_component id="oc-376">
         <name>.text:GrFontCodepageGet</name>
         <load_address>0x3476</load_address>
         <run_address>0x3476</run_address>
         <size>0x1e</size>
         <input_file_ref idref="fl-ed"/>
      </object_component>
      <object_component id="oc-49">
         <name>.text:Timer1IntHandler</name>
         <load_address>0x3494</load_address>
         <run_address>0x3494</run_address>
         <size>0x1c</size>
         <input_file_ref idref="fl-3"/>
      </object_component>
      <object_component id="oc-32f">
         <name>.text</name>
         <load_address>0x34b0</load_address>
         <run_address>0x34b0</run_address>
         <size>0x1c</size>
         <input_file_ref idref="fl-db"/>
      </object_component>
      <object_component id="oc-e3">
         <name>.text:ADCProcessorTrigger</name>
         <load_address>0x34cc</load_address>
         <run_address>0x34cc</run_address>
         <size>0x18</size>
         <input_file_ref idref="fl-e3"/>
      </object_component>
      <object_component id="oc-1d6">
         <name>.text:GPIOPinTypeGPIOOutput</name>
         <load_address>0x34e4</load_address>
         <run_address>0x34e4</run_address>
         <size>0x18</size>
         <input_file_ref idref="fl-e5"/>
      </object_component>
      <object_component id="oc-bf">
         <name>.text:TimerDisable</name>
         <load_address>0x34fc</load_address>
         <run_address>0x34fc</run_address>
         <size>0x18</size>
         <input_file_ref idref="fl-e8"/>
      </object_component>
      <object_component id="oc-87">
         <name>.text</name>
         <load_address>0x3514</load_address>
         <run_address>0x3514</run_address>
         <size>0x18</size>
         <input_file_ref idref="fl-cf"/>
      </object_component>
      <object_component id="oc-2c9">
         <name>.text:CFAL96x64x16ColorTranslate</name>
         <load_address>0x352c</load_address>
         <run_address>0x352c</run_address>
         <size>0x16</size>
         <input_file_ref idref="fl-5"/>
      </object_component>
      <object_component id="oc-15c">
         <name>.text:GrStringDraw</name>
         <load_address>0x3542</load_address>
         <run_address>0x3542</run_address>
         <size>0x16</size>
         <input_file_ref idref="fl-ed"/>
      </object_component>
      <object_component id="oc-323">
         <name>.text</name>
         <load_address>0x3558</load_address>
         <run_address>0x3558</run_address>
         <size>0x16</size>
         <input_file_ref idref="fl-df"/>
      </object_component>
      <object_component id="oc-289">
         <name>.text:UARTEnable</name>
         <load_address>0x356e</load_address>
         <run_address>0x356e</run_address>
         <size>0x14</size>
         <input_file_ref idref="fl-e9"/>
      </object_component>
      <object_component id="oc-114">
         <name>.text</name>
         <load_address>0x3582</load_address>
         <run_address>0x3582</run_address>
         <size>0x2</size>
         <input_file_ref idref="fl-de"/>
      </object_component>
      <object_component id="oc-20a">
         <name>.text</name>
         <load_address>0x3584</load_address>
         <run_address>0x3584</run_address>
         <size>0x14</size>
         <input_file_ref idref="fl-cd"/>
      </object_component>
      <object_component id="oc-3ad">
         <name>.text</name>
         <load_address>0x3598</load_address>
         <run_address>0x3598</run_address>
         <size>0x14</size>
         <input_file_ref idref="fl-e2"/>
      </object_component>
      <object_component id="oc-2e8">
         <name>.text</name>
         <load_address>0x35ac</load_address>
         <run_address>0x35ac</run_address>
         <size>0x14</size>
         <input_file_ref idref="fl-cc"/>
      </object_component>
      <object_component id="oc-cb">
         <name>.text:TimerLoadSet</name>
         <load_address>0x35c0</load_address>
         <run_address>0x35c0</run_address>
         <size>0x12</size>
         <input_file_ref idref="fl-e8"/>
      </object_component>
      <object_component id="oc-188">
         <name>.text:FPULazyStackingEnable</name>
         <load_address>0x35d4</load_address>
         <run_address>0x35d4</run_address>
         <size>0x10</size>
         <input_file_ref idref="fl-e4"/>
      </object_component>
      <object_component id="oc-19a">
         <name>.text:IntMasterDisable</name>
         <load_address>0x35e4</load_address>
         <run_address>0x35e4</run_address>
         <size>0x10</size>
         <input_file_ref idref="fl-e6"/>
      </object_component>
      <object_component id="oc-1dc">
         <name>.text:IntMasterEnable</name>
         <load_address>0x35f4</load_address>
         <run_address>0x35f4</run_address>
         <size>0x10</size>
         <input_file_ref idref="fl-e6"/>
      </object_component>
      <object_component id="oc-1be">
         <name>.text:ADCSequenceDisable</name>
         <load_address>0x3604</load_address>
         <run_address>0x3604</run_address>
         <size>0xe</size>
         <input_file_ref idref="fl-e3"/>
      </object_component>
      <object_component id="oc-1d0">
         <name>.text:ADCSequenceEnable</name>
         <load_address>0x3612</load_address>
         <run_address>0x3612</run_address>
         <size>0xe</size>
         <input_file_ref idref="fl-e3"/>
      </object_component>
      <object_component id="oc-d1">
         <name>.text:TimerEnable</name>
         <load_address>0x3620</load_address>
         <run_address>0x3620</run_address>
         <size>0xe</size>
         <input_file_ref idref="fl-e8"/>
      </object_component>
      <object_component id="oc-dd">
         <name>.text:UARTCharGetNonBlocking</name>
         <load_address>0x362e</load_address>
         <run_address>0x362e</run_address>
         <size>0xe</size>
         <input_file_ref idref="fl-e9"/>
      </object_component>
      <object_component id="oc-d7">
         <name>.text:UARTCharsAvail</name>
         <load_address>0x363c</load_address>
         <run_address>0x363c</run_address>
         <size>0xe</size>
         <input_file_ref idref="fl-e9"/>
      </object_component>
      <object_component id="oc-18">
         <name>.text:decompress:none</name>
         <load_address>0x364a</load_address>
         <run_address>0x364a</run_address>
         <size>0xe</size>
         <input_file_ref idref="fl-c3"/>
      </object_component>
      <object_component id="oc-266">
         <name>.text:CPUcpsid</name>
         <load_address>0x3658</load_address>
         <run_address>0x3658</run_address>
         <size>0xc</size>
         <input_file_ref idref="fl-ea"/>
      </object_component>
      <object_component id="oc-2a2">
         <name>.text:CPUcpsie</name>
         <load_address>0x3664</load_address>
         <run_address>0x3664</run_address>
         <size>0xc</size>
         <input_file_ref idref="fl-ea"/>
      </object_component>
      <object_component id="oc-1e">
         <name>.text:decompress:ZI</name>
         <load_address>0x3670</load_address>
         <run_address>0x3670</run_address>
         <size>0xc</size>
         <input_file_ref idref="fl-c4"/>
      </object_component>
      <object_component id="oc-ad">
         <name>.text:ADCIntClear</name>
         <load_address>0x367c</load_address>
         <run_address>0x367c</run_address>
         <size>0xa</size>
         <input_file_ref idref="fl-e3"/>
      </object_component>
      <object_component id="oc-36c">
         <name>.text:GrMapISO8859_1_Unicode</name>
         <load_address>0x3686</load_address>
         <run_address>0x3686</run_address>
         <size>0x8</size>
         <input_file_ref idref="fl-ef"/>
      </object_component>
      <object_component id="oc-1ee">
         <name>.text:TimerIntEnable</name>
         <load_address>0x368e</load_address>
         <run_address>0x368e</run_address>
         <size>0x8</size>
         <input_file_ref idref="fl-e8"/>
      </object_component>
      <object_component id="oc-1f4">
         <name>.text:GPIOPinWrite</name>
         <load_address>0x3696</load_address>
         <run_address>0x3696</run_address>
         <size>0x6</size>
         <input_file_ref idref="fl-e5"/>
      </object_component>
      <object_component id="oc-1a6">
         <name>.text:GrContextFontSet</name>
         <load_address>0x369c</load_address>
         <run_address>0x369c</run_address>
         <size>0x6</size>
         <input_file_ref idref="fl-ed"/>
      </object_component>
      <object_component id="oc-2b">
         <name>.text:ResetISR</name>
         <load_address>0x36a2</load_address>
         <run_address>0x36a2</run_address>
         <size>0x6</size>
         <input_file_ref idref="fl-2"/>
      </object_component>
      <object_component id="oc-254">
         <name>.text:SysCtlDelay</name>
         <load_address>0x36a8</load_address>
         <run_address>0x36a8</run_address>
         <size>0x6</size>
         <input_file_ref idref="fl-e7"/>
      </object_component>
      <object_component id="oc-9b">
         <name>.text:TimerIntClear</name>
         <load_address>0x36ae</load_address>
         <run_address>0x36ae</run_address>
         <size>0x4</size>
         <input_file_ref idref="fl-e8"/>
      </object_component>
      <object_component id="oc-7b">
         <name>.text</name>
         <load_address>0x36b2</load_address>
         <run_address>0x36b2</run_address>
         <size>0x4</size>
         <input_file_ref idref="fl-c9"/>
      </object_component>
      <object_component id="oc-2d8">
         <name>.const:.string:g_pui8FontFixed6x8Data</name>
         <load_address>0x36b8</load_address>
         <run_address>0x36b8</run_address>
         <size>0x2f8</size>
         <input_file_ref idref="fl-ee"/>
      </object_component>
      <object_component id="oc-3ba">
         <name>.const:.string:_ctypes_</name>
         <load_address>0x39b0</load_address>
         <run_address>0x39b0</run_address>
         <size>0x101</size>
         <input_file_ref idref="fl-d3"/>
      </object_component>
      <object_component id="oc-1fd">
         <name>.const:g_sFontFixed6x8</name>
         <load_address>0x3ab4</load_address>
         <run_address>0x3ab4</run_address>
         <size>0xc8</size>
         <input_file_ref idref="fl-ee"/>
      </object_component>
      <object_component id="oc-2aa">
         <name>.const</name>
         <load_address>0x3b7c</load_address>
         <run_address>0x3b7c</run_address>
         <size>0x70</size>
         <input_file_ref idref="fl-e6"/>
      </object_component>
      <object_component id="oc-169">
         <name>.const:g_pui32Xtals</name>
         <load_address>0x3bec</load_address>
         <run_address>0x3bec</run_address>
         <size>0x6c</size>
         <input_file_ref idref="fl-e7"/>
      </object_component>
      <object_component id="oc-1fa">
         <name>.const:g_sCFAL96x64x16</name>
         <load_address>0x3c58</load_address>
         <run_address>0x3c58</run_address>
         <size>0x28</size>
         <input_file_ref idref="fl-5"/>
      </object_component>
      <object_component id="oc-273">
         <name>.const</name>
         <load_address>0x3c80</load_address>
         <run_address>0x3c80</run_address>
         <size>0x10</size>
         <input_file_ref idref="fl-eb"/>
      </object_component>
      <object_component id="oc-408">
         <name>.cinit..data.load</name>
         <load_address>0x3c90</load_address>
         <run_address>0x3c90</run_address>
         <size>0x26</size>
      </object_component>
      <object_component id="oc-406">
         <name>__TI_handler_table</name>
         <load_address>0x3cb8</load_address>
         <run_address>0x3cb8</run_address>
         <size>0xc</size>
      </object_component>
      <object_component id="oc-409">
         <name>.cinit..bss.load</name>
         <load_address>0x3cc8</load_address>
         <run_address>0x3cc8</run_address>
         <size>0x8</size>
      </object_component>
      <object_component id="oc-407">
         <name>__TI_cinit_table</name>
         <load_address>0x3cd0</load_address>
         <run_address>0x3cd0</run_address>
         <size>0x10</size>
      </object_component>
      <object_component id="oc-262">
         <name>.data:g_ui8DisplayInitCommands</name>
         <load_address>0x20000438</load_address>
         <run_address>0x20000438</run_address>
         <size>0x13</size>
         <input_file_ref idref="fl-5"/>
      </object_component>
      <object_component id="oc-124">
         <name>.data:$O1$$</name>
         <load_address>0x2000044c</load_address>
         <run_address>0x2000044c</run_address>
         <size>0xc</size>
         <input_file_ref idref="fl-c5"/>
      </object_component>
      <object_component id="oc-93">
         <name>.data</name>
         <load_address>0x20000464</load_address>
         <run_address>0x20000464</run_address>
         <size>0x4</size>
         <input_file_ref idref="fl-cb"/>
      </object_component>
      <object_component id="oc-127">
         <name>.data:$O1$$</name>
         <load_address>0x20000458</load_address>
         <run_address>0x20000458</run_address>
         <size>0x8</size>
         <input_file_ref idref="fl-cd"/>
      </object_component>
      <object_component id="oc-3b3">
         <name>.data</name>
         <load_address>0x20000460</load_address>
         <run_address>0x20000460</run_address>
         <size>0x4</size>
         <input_file_ref idref="fl-e1"/>
      </object_component>
      <object_component id="oc-13f">
         <name>.bss:sContext</name>
         <uninitialized>true</uninitialized>
         <run_address>0x20000400</run_address>
         <size>0x2c</size>
         <input_file_ref idref="fl-3"/>
      </object_component>
      <object_component id="oc-e9">
         <name>.bss</name>
         <uninitialized>true</uninitialized>
         <run_address>0x2000042c</run_address>
         <size>0x8</size>
         <input_file_ref idref="fl-3"/>
      </object_component>
      <object_component id="oc-276">
         <name>.common:g_psGrLibDefaults</name>
         <uninitialized>true</uninitialized>
         <run_address>0x20000434</run_address>
         <size>0x4</size>
      </object_component>
      <object_component id="oc-2a">
         <name>.stack</name>
         <uninitialized>true</uninitialized>
         <run_address>0x20000000</run_address>
         <size>0x0</size>
         <input_file_ref idref="fl-c1"/>
      </object_component>
      <object_component id="oc-40a">
         <name>.stack</name>
         <uninitialized>true</uninitialized>
         <run_address>0x20000000</run_address>
         <size>0x0</size>
      </object_component>
      <object_component id="oc-51">
         <name>.debug_info</name>
         <load_address>0x0</load_address>
         <run_address>0x0</run_address>
         <size>0x2e7</size>
         <input_file_ref idref="fl-2"/>
      </object_component>
      <object_component id="oc-10">
         <name>.debug_info</name>
         <load_address>0x2e7</load_address>
         <run_address>0x2e7</run_address>
         <size>0xe8</size>
         <input_file_ref idref="fl-2"/>
      </object_component>
      <object_component id="oc-2c">
         <name>.debug_info</name>
         <load_address>0x3cf</load_address>
         <run_address>0x3cf</run_address>
         <size>0x118</size>
         <input_file_ref idref="fl-2"/>
      </object_component>
      <object_component id="oc-32">
         <name>.debug_info</name>
         <load_address>0x4e7</load_address>
         <run_address>0x4e7</run_address>
         <size>0x109</size>
         <input_file_ref idref="fl-2"/>
      </object_component>
      <object_component id="oc-3e">
         <name>.debug_info</name>
         <load_address>0x5f0</load_address>
         <run_address>0x5f0</run_address>
         <size>0x121</size>
         <input_file_ref idref="fl-2"/>
      </object_component>
      <object_component id="oc-38">
         <name>.debug_info</name>
         <load_address>0x711</load_address>
         <run_address>0x711</run_address>
         <size>0x10f</size>
         <input_file_ref idref="fl-2"/>
      </object_component>
      <object_component id="oc-58">
         <name>.debug_info</name>
         <load_address>0x820</load_address>
         <run_address>0x820</run_address>
         <size>0x84</size>
         <input_file_ref idref="fl-2"/>
      </object_component>
      <object_component id="oc-ee">
         <name>.debug_info</name>
         <load_address>0x8a4</load_address>
         <run_address>0x8a4</run_address>
         <size>0x18b</size>
         <input_file_ref idref="fl-2"/>
      </object_component>
      <object_component id="oc-ed">
         <name>.debug_info</name>
         <load_address>0xa2f</load_address>
         <run_address>0xa2f</run_address>
         <size>0xcff</size>
         <input_file_ref idref="fl-3"/>
      </object_component>
      <object_component id="oc-140">
         <name>.debug_info</name>
         <load_address>0x172e</load_address>
         <run_address>0x172e</run_address>
         <size>0xda</size>
         <input_file_ref idref="fl-3"/>
      </object_component>
      <object_component id="oc-ea">
         <name>.debug_info</name>
         <load_address>0x1808</load_address>
         <run_address>0x1808</run_address>
         <size>0x122</size>
         <input_file_ref idref="fl-3"/>
      </object_component>
      <object_component id="oc-11d">
         <name>.debug_info</name>
         <load_address>0x192a</load_address>
         <run_address>0x192a</run_address>
         <size>0x4c4</size>
         <input_file_ref idref="fl-3"/>
      </object_component>
      <object_component id="oc-ba">
         <name>.debug_info</name>
         <load_address>0x1dee</load_address>
         <run_address>0x1dee</run_address>
         <size>0x29f</size>
         <input_file_ref idref="fl-3"/>
      </object_component>
      <object_component id="oc-a8">
         <name>.debug_info</name>
         <load_address>0x208d</load_address>
         <run_address>0x208d</run_address>
         <size>0x13c</size>
         <input_file_ref idref="fl-3"/>
      </object_component>
      <object_component id="oc-4a">
         <name>.debug_info</name>
         <load_address>0x21c9</load_address>
         <run_address>0x21c9</run_address>
         <size>0x12d</size>
         <input_file_ref idref="fl-3"/>
      </object_component>
      <object_component id="oc-44">
         <name>.debug_info</name>
         <load_address>0x22f6</load_address>
         <run_address>0x22f6</run_address>
         <size>0x28e</size>
         <input_file_ref idref="fl-3"/>
      </object_component>
      <object_component id="oc-163">
         <name>.debug_info</name>
         <load_address>0x2584</load_address>
         <run_address>0x2584</run_address>
         <size>0x5a</size>
         <input_file_ref idref="fl-3"/>
      </object_component>
      <object_component id="oc-143">
         <name>.debug_info</name>
         <load_address>0x25de</load_address>
         <run_address>0x25de</run_address>
         <size>0x6bd</size>
         <input_file_ref idref="fl-3"/>
      </object_component>
      <object_component id="oc-132">
         <name>.debug_info</name>
         <load_address>0x2c9b</load_address>
         <run_address>0x2c9b</run_address>
         <size>0x8b</size>
         <input_file_ref idref="fl-3"/>
      </object_component>
      <object_component id="oc-226">
         <name>.debug_info</name>
         <load_address>0x2d26</load_address>
         <run_address>0x2d26</run_address>
         <size>0x4e</size>
         <input_file_ref idref="fl-3"/>
      </object_component>
      <object_component id="oc-2d7">
         <name>.debug_info</name>
         <load_address>0x2d74</load_address>
         <run_address>0x2d74</run_address>
         <size>0x4fe</size>
         <input_file_ref idref="fl-5"/>
      </object_component>
      <object_component id="oc-263">
         <name>.debug_info</name>
         <load_address>0x3272</load_address>
         <run_address>0x3272</run_address>
         <size>0x143</size>
         <input_file_ref idref="fl-5"/>
      </object_component>
      <object_component id="oc-1fb">
         <name>.debug_info</name>
         <load_address>0x33b5</load_address>
         <run_address>0x33b5</run_address>
         <size>0x133</size>
         <input_file_ref idref="fl-5"/>
      </object_component>
      <object_component id="oc-2d0">
         <name>.debug_info</name>
         <load_address>0x34e8</load_address>
         <run_address>0x34e8</run_address>
         <size>0x21b</size>
         <input_file_ref idref="fl-5"/>
      </object_component>
      <object_component id="oc-2cb">
         <name>.debug_info</name>
         <load_address>0x3703</load_address>
         <run_address>0x3703</run_address>
         <size>0x267</size>
         <input_file_ref idref="fl-5"/>
      </object_component>
      <object_component id="oc-2ba">
         <name>.debug_info</name>
         <load_address>0x396a</load_address>
         <run_address>0x396a</run_address>
         <size>0x492</size>
         <input_file_ref idref="fl-5"/>
      </object_component>
      <object_component id="oc-2b4">
         <name>.debug_info</name>
         <load_address>0x3dfc</load_address>
         <run_address>0x3dfc</run_address>
         <size>0x2ef</size>
         <input_file_ref idref="fl-5"/>
      </object_component>
      <object_component id="oc-389">
         <name>.debug_info</name>
         <load_address>0x40eb</load_address>
         <run_address>0x40eb</run_address>
         <size>0x276</size>
         <input_file_ref idref="fl-5"/>
      </object_component>
      <object_component id="oc-2c4">
         <name>.debug_info</name>
         <load_address>0x4361</load_address>
         <run_address>0x4361</run_address>
         <size>0x336</size>
         <input_file_ref idref="fl-5"/>
      </object_component>
      <object_component id="oc-258">
         <name>.debug_info</name>
         <load_address>0x4697</load_address>
         <run_address>0x4697</run_address>
         <size>0x278</size>
         <input_file_ref idref="fl-5"/>
      </object_component>
      <object_component id="oc-2be">
         <name>.debug_info</name>
         <load_address>0x490f</load_address>
         <run_address>0x490f</run_address>
         <size>0x317</size>
         <input_file_ref idref="fl-5"/>
      </object_component>
      <object_component id="oc-25d">
         <name>.debug_info</name>
         <load_address>0x4c26</load_address>
         <run_address>0x4c26</run_address>
         <size>0x2a6</size>
         <input_file_ref idref="fl-5"/>
      </object_component>
      <object_component id="oc-196">
         <name>.debug_info</name>
         <load_address>0x4ecc</load_address>
         <run_address>0x4ecc</run_address>
         <size>0x2ed</size>
         <input_file_ref idref="fl-5"/>
      </object_component>
      <object_component id="oc-25">
         <name>.debug_info</name>
         <load_address>0x51b9</load_address>
         <run_address>0x51b9</run_address>
         <size>0x160</size>
         <input_file_ref idref="fl-c1"/>
      </object_component>
      <object_component id="oc-fb">
         <name>.debug_info</name>
         <load_address>0x5319</load_address>
         <run_address>0x5319</run_address>
         <size>0x293</size>
         <input_file_ref idref="fl-c2"/>
      </object_component>
      <object_component id="oc-16">
         <name>.debug_info</name>
         <load_address>0x55ac</load_address>
         <run_address>0x55ac</run_address>
         <size>0x245</size>
         <input_file_ref idref="fl-c2"/>
      </object_component>
      <object_component id="oc-53">
         <name>.debug_info</name>
         <load_address>0x57f1</load_address>
         <run_address>0x57f1</run_address>
         <size>0x60</size>
         <input_file_ref idref="fl-c2"/>
      </object_component>
      <object_component id="oc-f6">
         <name>.debug_info</name>
         <load_address>0x5851</load_address>
         <run_address>0x5851</run_address>
         <size>0x46</size>
         <input_file_ref idref="fl-c2"/>
      </object_component>
      <object_component id="oc-68">
         <name>.debug_info</name>
         <load_address>0x5897</load_address>
         <run_address>0x5897</run_address>
         <size>0x2da</size>
         <input_file_ref idref="fl-c3"/>
      </object_component>
      <object_component id="oc-19">
         <name>.debug_info</name>
         <load_address>0x5b71</load_address>
         <run_address>0x5b71</run_address>
         <size>0x1df</size>
         <input_file_ref idref="fl-c3"/>
      </object_component>
      <object_component id="oc-63">
         <name>.debug_info</name>
         <load_address>0x5d50</load_address>
         <run_address>0x5d50</run_address>
         <size>0x46</size>
         <input_file_ref idref="fl-c3"/>
      </object_component>
      <object_component id="oc-fd">
         <name>.debug_info</name>
         <load_address>0x5d96</load_address>
         <run_address>0x5d96</run_address>
         <size>0x2c</size>
         <input_file_ref idref="fl-c3"/>
      </object_component>
      <object_component id="oc-74">
         <name>.debug_info</name>
         <load_address>0x5dc2</load_address>
         <run_address>0x5dc2</run_address>
         <size>0x2c9</size>
         <input_file_ref idref="fl-c4"/>
      </object_component>
      <object_component id="oc-20">
         <name>.debug_info</name>
         <load_address>0x608b</load_address>
         <run_address>0x608b</run_address>
         <size>0x1aa</size>
         <input_file_ref idref="fl-c4"/>
      </object_component>
      <object_component id="oc-6f">
         <name>.debug_info</name>
         <load_address>0x6235</load_address>
         <run_address>0x6235</run_address>
         <size>0x46</size>
         <input_file_ref idref="fl-c4"/>
      </object_component>
      <object_component id="oc-105">
         <name>.debug_info</name>
         <load_address>0x627b</load_address>
         <run_address>0x627b</run_address>
         <size>0x2c</size>
         <input_file_ref idref="fl-c4"/>
      </object_component>
      <object_component id="oc-12b">
         <name>.debug_info</name>
         <load_address>0x62a7</load_address>
         <run_address>0x62a7</run_address>
         <size>0x3ce</size>
         <input_file_ref idref="fl-c5"/>
      </object_component>
      <object_component id="oc-125">
         <name>.debug_info</name>
         <load_address>0x6675</load_address>
         <run_address>0x6675</run_address>
         <size>0x185</size>
         <input_file_ref idref="fl-c5"/>
      </object_component>
      <object_component id="oc-90">
         <name>.debug_info</name>
         <load_address>0x67fa</load_address>
         <run_address>0x67fa</run_address>
         <size>0x214</size>
         <input_file_ref idref="fl-c5"/>
      </object_component>
      <object_component id="oc-5e">
         <name>.debug_info</name>
         <load_address>0x6a0e</load_address>
         <run_address>0x6a0e</run_address>
         <size>0x111</size>
         <input_file_ref idref="fl-c6"/>
      </object_component>
      <object_component id="oc-6a">
         <name>.debug_info</name>
         <load_address>0x6b1f</load_address>
         <run_address>0x6b1f</run_address>
         <size>0x13f</size>
         <input_file_ref idref="fl-c7"/>
      </object_component>
      <object_component id="oc-78">
         <name>.debug_info</name>
         <load_address>0x6c5e</load_address>
         <run_address>0x6c5e</run_address>
         <size>0x138</size>
         <input_file_ref idref="fl-c8"/>
      </object_component>
      <object_component id="oc-7f">
         <name>.debug_info</name>
         <load_address>0x6d96</load_address>
         <run_address>0x6d96</run_address>
         <size>0x148</size>
         <input_file_ref idref="fl-c9"/>
      </object_component>
      <object_component id="oc-225">
         <name>.debug_info</name>
         <load_address>0x6ede</load_address>
         <run_address>0x6ede</run_address>
         <size>0x355</size>
         <input_file_ref idref="fl-ca"/>
      </object_component>
      <object_component id="oc-14b">
         <name>.debug_info</name>
         <load_address>0x7233</load_address>
         <run_address>0x7233</run_address>
         <size>0x2e4</size>
         <input_file_ref idref="fl-ca"/>
      </object_component>
      <object_component id="oc-341">
         <name>.debug_info</name>
         <load_address>0x7517</load_address>
         <run_address>0x7517</run_address>
         <size>0x2c</size>
         <input_file_ref idref="fl-ca"/>
      </object_component>
      <object_component id="oc-94">
         <name>.debug_info</name>
         <load_address>0x7543</load_address>
         <run_address>0x7543</run_address>
         <size>0x109</size>
         <input_file_ref idref="fl-cb"/>
      </object_component>
      <object_component id="oc-39c">
         <name>.debug_info</name>
         <load_address>0x764c</load_address>
         <run_address>0x764c</run_address>
         <size>0x284</size>
         <input_file_ref idref="fl-cc"/>
      </object_component>
      <object_component id="oc-2eb">
         <name>.debug_info</name>
         <load_address>0x78d0</load_address>
         <run_address>0x78d0</run_address>
         <size>0x22a</size>
         <input_file_ref idref="fl-cc"/>
      </object_component>
      <object_component id="oc-212">
         <name>.debug_info</name>
         <load_address>0x7afa</load_address>
         <run_address>0x7afa</run_address>
         <size>0x2be</size>
         <input_file_ref idref="fl-cd"/>
      </object_component>
      <object_component id="oc-128">
         <name>.debug_info</name>
         <load_address>0x7db8</load_address>
         <run_address>0x7db8</run_address>
         <size>0x113</size>
         <input_file_ref idref="fl-cd"/>
      </object_component>
      <object_component id="oc-20b">
         <name>.debug_info</name>
         <load_address>0x7ecb</load_address>
         <run_address>0x7ecb</run_address>
         <size>0x21f</size>
         <input_file_ref idref="fl-cd"/>
      </object_component>
      <object_component id="oc-336">
         <name>.debug_info</name>
         <load_address>0x80ea</load_address>
         <run_address>0x80ea</run_address>
         <size>0x51f</size>
         <input_file_ref idref="fl-ce"/>
      </object_component>
      <object_component id="oc-21f">
         <name>.debug_info</name>
         <load_address>0x8609</load_address>
         <run_address>0x8609</run_address>
         <size>0x1543</size>
         <input_file_ref idref="fl-ce"/>
      </object_component>
      <object_component id="oc-337">
         <name>.debug_info</name>
         <load_address>0x9b4c</load_address>
         <run_address>0x9b4c</run_address>
         <size>0x86</size>
         <input_file_ref idref="fl-ce"/>
      </object_component>
      <object_component id="oc-3c3">
         <name>.debug_info</name>
         <load_address>0x9bd2</load_address>
         <run_address>0x9bd2</run_address>
         <size>0x46</size>
         <input_file_ref idref="fl-ce"/>
      </object_component>
      <object_component id="oc-33c">
         <name>.debug_info</name>
         <load_address>0x9c18</load_address>
         <run_address>0x9c18</run_address>
         <size>0x39</size>
         <input_file_ref idref="fl-ce"/>
      </object_component>
      <object_component id="oc-123">
         <name>.debug_info</name>
         <load_address>0x9c51</load_address>
         <run_address>0x9c51</run_address>
         <size>0x300</size>
         <input_file_ref idref="fl-cf"/>
      </object_component>
      <object_component id="oc-8a">
         <name>.debug_info</name>
         <load_address>0x9f51</load_address>
         <run_address>0x9f51</run_address>
         <size>0x167</size>
         <input_file_ref idref="fl-cf"/>
      </object_component>
      <object_component id="oc-203">
         <name>.debug_info</name>
         <load_address>0xa0b8</load_address>
         <run_address>0xa0b8</run_address>
         <size>0x5e</size>
         <input_file_ref idref="fl-cf"/>
      </object_component>
      <object_component id="oc-3be">
         <name>.debug_info</name>
         <load_address>0xa116</load_address>
         <run_address>0xa116</run_address>
         <size>0x2ae</size>
         <input_file_ref idref="fl-d0"/>
      </object_component>
      <object_component id="oc-32b">
         <name>.debug_info</name>
         <load_address>0xa3c4</load_address>
         <run_address>0xa3c4</run_address>
         <size>0x171</size>
         <input_file_ref idref="fl-d0"/>
      </object_component>
      <object_component id="oc-11b">
         <name>.debug_info</name>
         <load_address>0xa535</load_address>
         <run_address>0xa535</run_address>
         <size>0x483</size>
         <input_file_ref idref="fl-d1"/>
      </object_component>
      <object_component id="oc-82">
         <name>.debug_info</name>
         <load_address>0xa9b8</load_address>
         <run_address>0xa9b8</run_address>
         <size>0x190</size>
         <input_file_ref idref="fl-d1"/>
      </object_component>
      <object_component id="oc-17e">
         <name>.debug_info</name>
         <load_address>0xab48</load_address>
         <run_address>0xab48</run_address>
         <size>0x39</size>
         <input_file_ref idref="fl-d1"/>
      </object_component>
      <object_component id="oc-24e">
         <name>.debug_info</name>
         <load_address>0xab81</load_address>
         <run_address>0xab81</run_address>
         <size>0x39</size>
         <input_file_ref idref="fl-d1"/>
      </object_component>
      <object_component id="oc-183">
         <name>.debug_info</name>
         <load_address>0xabba</load_address>
         <run_address>0xabba</run_address>
         <size>0xcd</size>
         <input_file_ref idref="fl-d1"/>
      </object_component>
      <object_component id="oc-17a">
         <name>.debug_info</name>
         <load_address>0xac87</load_address>
         <run_address>0xac87</run_address>
         <size>0x37a</size>
         <input_file_ref idref="fl-d2"/>
      </object_component>
      <object_component id="oc-10f">
         <name>.debug_info</name>
         <load_address>0xb001</load_address>
         <run_address>0xb001</run_address>
         <size>0x183</size>
         <input_file_ref idref="fl-d2"/>
      </object_component>
      <object_component id="oc-249">
         <name>.debug_info</name>
         <load_address>0xb184</load_address>
         <run_address>0xb184</run_address>
         <size>0x2c</size>
         <input_file_ref idref="fl-d2"/>
      </object_component>
      <object_component id="oc-3de">
         <name>.debug_info</name>
         <load_address>0xb1b0</load_address>
         <run_address>0xb1b0</run_address>
         <size>0xee</size>
         <input_file_ref idref="fl-d3"/>
      </object_component>
      <object_component id="oc-3bb">
         <name>.debug_info</name>
         <load_address>0xb29e</load_address>
         <run_address>0xb29e</run_address>
         <size>0xfa</size>
         <input_file_ref idref="fl-d3"/>
      </object_component>
      <object_component id="oc-313">
         <name>.debug_info</name>
         <load_address>0xb398</load_address>
         <run_address>0xb398</run_address>
         <size>0x144</size>
         <input_file_ref idref="fl-d4"/>
      </object_component>
      <object_component id="oc-2f0">
         <name>.debug_info</name>
         <load_address>0xb4dc</load_address>
         <run_address>0xb4dc</run_address>
         <size>0x120</size>
         <input_file_ref idref="fl-d5"/>
      </object_component>
      <object_component id="oc-2ff">
         <name>.debug_info</name>
         <load_address>0xb5fc</load_address>
         <run_address>0xb5fc</run_address>
         <size>0x122</size>
         <input_file_ref idref="fl-d5"/>
      </object_component>
      <object_component id="oc-2f9">
         <name>.debug_info</name>
         <load_address>0xb71e</load_address>
         <run_address>0xb71e</run_address>
         <size>0x132</size>
         <input_file_ref idref="fl-d6"/>
      </object_component>
      <object_component id="oc-2f6">
         <name>.debug_info</name>
         <load_address>0xb850</load_address>
         <run_address>0xb850</run_address>
         <size>0x132</size>
         <input_file_ref idref="fl-d7"/>
      </object_component>
      <object_component id="oc-304">
         <name>.debug_info</name>
         <load_address>0xb982</load_address>
         <run_address>0xb982</run_address>
         <size>0x126</size>
         <input_file_ref idref="fl-d8"/>
      </object_component>
      <object_component id="oc-310">
         <name>.debug_info</name>
         <load_address>0xbaa8</load_address>
         <run_address>0xbaa8</run_address>
         <size>0x124</size>
         <input_file_ref idref="fl-d9"/>
      </object_component>
      <object_component id="oc-3a3">
         <name>.debug_info</name>
         <load_address>0xbbcc</load_address>
         <run_address>0xbbcc</run_address>
         <size>0x2e6</size>
         <input_file_ref idref="fl-da"/>
      </object_component>
      <object_component id="oc-308">
         <name>.debug_info</name>
         <load_address>0xbeb2</load_address>
         <run_address>0xbeb2</run_address>
         <size>0x1c2</size>
         <input_file_ref idref="fl-da"/>
      </object_component>
      <object_component id="oc-3c0">
         <name>.debug_info</name>
         <load_address>0xc074</load_address>
         <run_address>0xc074</run_address>
         <size>0x28b</size>
         <input_file_ref idref="fl-db"/>
      </object_component>
      <object_component id="oc-331">
         <name>.debug_info</name>
         <load_address>0xc2ff</load_address>
         <run_address>0xc2ff</run_address>
         <size>0x1ab</size>
         <input_file_ref idref="fl-db"/>
      </object_component>
      <object_component id="oc-3a7">
         <name>.debug_info</name>
         <load_address>0xc4aa</load_address>
         <run_address>0xc4aa</run_address>
         <size>0x2d9</size>
         <input_file_ref idref="fl-dc"/>
      </object_component>
      <object_component id="oc-318">
         <name>.debug_info</name>
         <load_address>0xc783</load_address>
         <run_address>0xc783</run_address>
         <size>0x18a</size>
         <input_file_ref idref="fl-dc"/>
      </object_component>
      <object_component id="oc-3a8">
         <name>.debug_info</name>
         <load_address>0xc90d</load_address>
         <run_address>0xc90d</run_address>
         <size>0x2c</size>
         <input_file_ref idref="fl-dc"/>
      </object_component>
      <object_component id="oc-3b7">
         <name>.debug_info</name>
         <load_address>0xc939</load_address>
         <run_address>0xc939</run_address>
         <size>0x316</size>
         <input_file_ref idref="fl-dd"/>
      </object_component>
      <object_component id="oc-31f">
         <name>.debug_info</name>
         <load_address>0xcc4f</load_address>
         <run_address>0xcc4f</run_address>
         <size>0x1d5</size>
         <input_file_ref idref="fl-dd"/>
      </object_component>
      <object_component id="oc-115">
         <name>.debug_info</name>
         <load_address>0xce24</load_address>
         <run_address>0xce24</run_address>
         <size>0x145</size>
         <input_file_ref idref="fl-de"/>
      </object_component>
      <object_component id="oc-3b9">
         <name>.debug_info</name>
         <load_address>0xcf69</load_address>
         <run_address>0xcf69</run_address>
         <size>0x28f</size>
         <input_file_ref idref="fl-df"/>
      </object_component>
      <object_component id="oc-327">
         <name>.debug_info</name>
         <load_address>0xd1f8</load_address>
         <run_address>0xd1f8</run_address>
         <size>0x244</size>
         <input_file_ref idref="fl-df"/>
      </object_component>
      <object_component id="oc-2e4">
         <name>.debug_info</name>
         <load_address>0xd43c</load_address>
         <run_address>0xd43c</run_address>
         <size>0x17d</size>
         <input_file_ref idref="fl-e0"/>
      </object_component>
      <object_component id="oc-3b4">
         <name>.debug_info</name>
         <load_address>0xd5b9</load_address>
         <run_address>0xd5b9</run_address>
         <size>0xf3</size>
         <input_file_ref idref="fl-e1"/>
      </object_component>
      <object_component id="oc-3ae">
         <name>.debug_info</name>
         <load_address>0xd6ac</load_address>
         <run_address>0xd6ac</run_address>
         <size>0x156</size>
         <input_file_ref idref="fl-e2"/>
      </object_component>
      <object_component id="oc-137">
         <name>.debug_info</name>
         <load_address>0xd802</load_address>
         <run_address>0xd802</run_address>
         <size>0x23d</size>
         <input_file_ref idref="fl-e3"/>
      </object_component>
      <object_component id="oc-1cb">
         <name>.debug_info</name>
         <load_address>0xda3f</load_address>
         <run_address>0xda3f</run_address>
         <size>0x333</size>
         <input_file_ref idref="fl-e3"/>
      </object_component>
      <object_component id="oc-1d1">
         <name>.debug_info</name>
         <load_address>0xdd72</load_address>
         <run_address>0xdd72</run_address>
         <size>0x2a0</size>
         <input_file_ref idref="fl-e3"/>
      </object_component>
      <object_component id="oc-1bf">
         <name>.debug_info</name>
         <load_address>0xe012</load_address>
         <run_address>0xe012</run_address>
         <size>0x2a2</size>
         <input_file_ref idref="fl-e3"/>
      </object_component>
      <object_component id="oc-b4">
         <name>.debug_info</name>
         <load_address>0xe2b4</load_address>
         <run_address>0xe2b4</run_address>
         <size>0x2ff</size>
         <input_file_ref idref="fl-e3"/>
      </object_component>
      <object_component id="oc-1c5">
         <name>.debug_info</name>
         <load_address>0xe5b3</load_address>
         <run_address>0xe5b3</run_address>
         <size>0x326</size>
         <input_file_ref idref="fl-e3"/>
      </object_component>
      <object_component id="oc-e4">
         <name>.debug_info</name>
         <load_address>0xe8d9</load_address>
         <run_address>0xe8d9</run_address>
         <size>0x2a4</size>
         <input_file_ref idref="fl-e3"/>
      </object_component>
      <object_component id="oc-a2">
         <name>.debug_info</name>
         <load_address>0xeb7d</load_address>
         <run_address>0xeb7d</run_address>
         <size>0x2e7</size>
         <input_file_ref idref="fl-e3"/>
      </object_component>
      <object_component id="oc-ae">
         <name>.debug_info</name>
         <load_address>0xee64</load_address>
         <run_address>0xee64</run_address>
         <size>0x294</size>
         <input_file_ref idref="fl-e3"/>
      </object_component>
      <object_component id="oc-18a">
         <name>.debug_info</name>
         <load_address>0xf0f8</load_address>
         <run_address>0xf0f8</run_address>
         <size>0x225</size>
         <input_file_ref idref="fl-e4"/>
      </object_component>
      <object_component id="oc-2a1">
         <name>.debug_info</name>
         <load_address>0xf31d</load_address>
         <run_address>0xf31d</run_address>
         <size>0x230</size>
         <input_file_ref idref="fl-e5"/>
      </object_component>
      <object_component id="oc-1f7">
         <name>.debug_info</name>
         <load_address>0xf54d</load_address>
         <run_address>0xf54d</run_address>
         <size>0x2a3</size>
         <input_file_ref idref="fl-e5"/>
      </object_component>
      <object_component id="oc-29d">
         <name>.debug_info</name>
         <load_address>0xf7f0</load_address>
         <run_address>0xf7f0</run_address>
         <size>0x2b3</size>
         <input_file_ref idref="fl-e5"/>
      </object_component>
      <object_component id="oc-297">
         <name>.debug_info</name>
         <load_address>0xfaa3</load_address>
         <run_address>0xfaa3</run_address>
         <size>0x316</size>
         <input_file_ref idref="fl-e5"/>
      </object_component>
      <object_component id="oc-1d9">
         <name>.debug_info</name>
         <load_address>0xfdb9</load_address>
         <run_address>0xfdb9</run_address>
         <size>0x2b7</size>
         <input_file_ref idref="fl-e5"/>
      </object_component>
      <object_component id="oc-2ae">
         <name>.debug_info</name>
         <load_address>0x10070</load_address>
         <run_address>0x10070</run_address>
         <size>0x20e</size>
         <input_file_ref idref="fl-e6"/>
      </object_component>
      <object_component id="oc-2ab">
         <name>.debug_info</name>
         <load_address>0x1027e</load_address>
         <run_address>0x1027e</run_address>
         <size>0x210</size>
         <input_file_ref idref="fl-e6"/>
      </object_component>
      <object_component id="oc-1e0">
         <name>.debug_info</name>
         <load_address>0x1048e</load_address>
         <run_address>0x1048e</run_address>
         <size>0x23e</size>
         <input_file_ref idref="fl-e6"/>
      </object_component>
      <object_component id="oc-19e">
         <name>.debug_info</name>
         <load_address>0x106cc</load_address>
         <run_address>0x106cc</run_address>
         <size>0x240</size>
         <input_file_ref idref="fl-e6"/>
      </object_component>
      <object_component id="oc-1ec">
         <name>.debug_info</name>
         <load_address>0x1090c</load_address>
         <run_address>0x1090c</run_address>
         <size>0x268</size>
         <input_file_ref idref="fl-e6"/>
      </object_component>
      <object_component id="oc-244">
         <name>.debug_info</name>
         <load_address>0x10b74</load_address>
         <run_address>0x10b74</run_address>
         <size>0x298</size>
         <input_file_ref idref="fl-e7"/>
      </object_component>
      <object_component id="oc-16a">
         <name>.debug_info</name>
         <load_address>0x10e0c</load_address>
         <run_address>0x10e0c</run_address>
         <size>0x14d</size>
         <input_file_ref idref="fl-e7"/>
      </object_component>
      <object_component id="oc-1b3">
         <name>.debug_info</name>
         <load_address>0x10f59</load_address>
         <run_address>0x10f59</run_address>
         <size>0x27f</size>
         <input_file_ref idref="fl-e7"/>
      </object_component>
      <object_component id="oc-1ad">
         <name>.debug_info</name>
         <load_address>0x111d8</load_address>
         <run_address>0x111d8</run_address>
         <size>0x27d</size>
         <input_file_ref idref="fl-e7"/>
      </object_component>
      <object_component id="oc-18f">
         <name>.debug_info</name>
         <load_address>0x11455</load_address>
         <run_address>0x11455</run_address>
         <size>0x2db</size>
         <input_file_ref idref="fl-e7"/>
      </object_component>
      <object_component id="oc-c6">
         <name>.debug_info</name>
         <load_address>0x11730</load_address>
         <run_address>0x11730</run_address>
         <size>0x2b5</size>
         <input_file_ref idref="fl-e7"/>
      </object_component>
      <object_component id="oc-35b">
         <name>.debug_info</name>
         <load_address>0x119e5</load_address>
         <run_address>0x119e5</run_address>
         <size>0x5f</size>
         <input_file_ref idref="fl-e7"/>
      </object_component>
      <object_component id="oc-130">
         <name>.debug_info</name>
         <load_address>0x11a44</load_address>
         <run_address>0x11a44</run_address>
         <size>0x223</size>
         <input_file_ref idref="fl-e8"/>
      </object_component>
      <object_component id="oc-cc">
         <name>.debug_info</name>
         <load_address>0x11c67</load_address>
         <run_address>0x11c67</run_address>
         <size>0x2ba</size>
         <input_file_ref idref="fl-e8"/>
      </object_component>
      <object_component id="oc-1ef">
         <name>.debug_info</name>
         <load_address>0x11f21</load_address>
         <run_address>0x11f21</run_address>
         <size>0x294</size>
         <input_file_ref idref="fl-e8"/>
      </object_component>
      <object_component id="oc-9c">
         <name>.debug_info</name>
         <load_address>0x121b5</load_address>
         <run_address>0x121b5</run_address>
         <size>0x292</size>
         <input_file_ref idref="fl-e8"/>
      </object_component>
      <object_component id="oc-d2">
         <name>.debug_info</name>
         <load_address>0x12447</load_address>
         <run_address>0x12447</run_address>
         <size>0x27f</size>
         <input_file_ref idref="fl-e8"/>
      </object_component>
      <object_component id="oc-c0">
         <name>.debug_info</name>
         <load_address>0x126c6</load_address>
         <run_address>0x126c6</run_address>
         <size>0x281</size>
         <input_file_ref idref="fl-e8"/>
      </object_component>
      <object_component id="oc-1e3">
         <name>.debug_info</name>
         <load_address>0x12947</load_address>
         <run_address>0x12947</run_address>
         <size>0x28c</size>
         <input_file_ref idref="fl-e8"/>
      </object_component>
      <object_component id="oc-170">
         <name>.debug_info</name>
         <load_address>0x12bd3</load_address>
         <run_address>0x12bd3</run_address>
         <size>0x227</size>
         <input_file_ref idref="fl-e9"/>
      </object_component>
      <object_component id="oc-28a">
         <name>.debug_info</name>
         <load_address>0x12dfa</load_address>
         <run_address>0x12dfa</run_address>
         <size>0x247</size>
         <input_file_ref idref="fl-e9"/>
      </object_component>
      <object_component id="oc-284">
         <name>.debug_info</name>
         <load_address>0x13041</load_address>
         <run_address>0x13041</run_address>
         <size>0x249</size>
[...]
      <symbol id="sm-7">
         <name>__binit__</name>
         <value>0xffffffff</value>
      </symbol>
      <symbol id="sm-8">
         <name>__STACK_SIZE</name>
         <value>0x400</value>
      </symbol>
      <symbol id="sm-9">
         <name>__STACK_END</name>
         <value>0x20000400</value>
      </symbol>
      <symbol id="sm-a">
         <name>__c_args__</name>
         <value>0xffffffff</value>
      </symbol>
      <symbol id="sm-b">
         <name>__TI_pprof_out_hndl</name>
         <value>0xffffffff</value>
      </symbol>
      <symbol id="sm-c">
         <name>__TI_prof_data_start</name>
         <value>0xffffffff</value>
      </symbol>
      <symbol id="sm-d">
         <name>__TI_prof_data_size</name>
         <value>0xffffffff</value>
      </symbol>
      <symbol id="sm-5d">
         <name>ResetISR</name>
         <value>0x36a3</value>
         <object_component_ref idref="oc-2b"/>
      </symbol>
      <symbol id="sm-5e">
         <name>g_pfnVectors</name>
         <value>0x0</value>
         <object_component_ref idref="oc-f"/>
      </symbol>
      <symbol id="sm-d6">
         <name>diplayADCInfoOnBoard</name>
         <value>0x2621</value>
         <object_component_ref idref="oc-b9"/>
      </symbol>
      <symbol id="sm-d7">
         <name>clearBlack</name>
         <value>0x3281</value>
         <object_component_ref idref="oc-a7"/>
      </symbol>
      <symbol id="sm-d8">
         <name>main</name>
         <value>0x17f5</value>
         <object_component_ref idref="oc-11c"/>
      </symbol>
      <symbol id="sm-d9">
         <name>Timer0IntHandler</name>
         <value>0x2491</value>
         <object_component_ref idref="oc-43"/>
      </symbol>
      <symbol id="sm-da">
         <name>Timer1IntHandler</name>
         <value>0x3495</value>
         <object_component_ref idref="oc-49"/>
      </symbol>
      <symbol id="sm-172">
         <name>g_sCFAL96x64x16</name>
         <value>0x3c58</value>
         <object_component_ref idref="oc-1fa"/>
      </symbol>
      <symbol id="sm-173">
         <name>CFAL96x64x16Init</name>
         <value>0x1b6d</value>
         <object_component_ref idref="oc-194"/>
      </symbol>
      <symbol id="sm-184">
         <name>_c_int00</name>
         <value>0x2ecd</value>
         <object_component_ref idref="oc-24"/>
      </symbol>
      <symbol id="sm-185">
         <name>__stack</name>
         <value>0x20000000</value>
         <object_component_ref idref="oc-2a"/>
      </symbol>
      <symbol id="sm-1a3">
         <name>__TI_decompress_lzss</name>
         <value>0x2c8d</value>
         <object_component_ref idref="oc-12"/>
      </symbol>
      <symbol id="sm-1ba">
         <name>__TI_decompress_none</name>
         <value>0x364b</value>
         <object_component_ref idref="oc-18"/>
      </symbol>
      <symbol id="sm-1d1">
         <name>__TI_zero_init</name>
         <value>0x3671</value>
         <object_component_ref idref="oc-1e"/>
      </symbol>
      <symbol id="sm-1f2">
         <name>C$$EXIT</name>
         <value>0x2f21</value>
         <object_component_ref idref="oc-8d"/>
      </symbol>
      <symbol id="sm-1f3">
         <name>abort</name>
         <value>0x2f25</value>
         <object_component_ref idref="oc-8d"/>
      </symbol>
      <symbol id="sm-1f4">
         <name>exit</name>
         <value>0x2f2d</value>
         <object_component_ref idref="oc-8d"/>
      </symbol>
      <symbol id="sm-1f5">
         <name>__TI_dtors_ptr</name>
         <value>0x20000450</value>
         <object_component_ref idref="oc-124"/>
      </symbol>
      <symbol id="sm-1f6">
         <name>__TI_cleanup_ptr</name>
         <value>0x2000044c</value>
         <object_component_ref idref="oc-124"/>
      </symbol>
      <symbol id="sm-1f7">
         <name>__TI_enable_exit_profile_output</name>
         <value>0x20000454</value>
         <object_component_ref idref="oc-124"/>
      </symbol>
      <symbol id="sm-212">
         <name>memcpy</name>
         <value>0x26c9</value>
         <object_component_ref idref="oc-5d"/>
      </symbol>
      <symbol id="sm-213">
         <name>__aeabi_memcpy</name>
         <value>0x26c9</value>
         <object_component_ref idref="oc-5d"/>
      </symbol>
      <symbol id="sm-214">
         <name>__aeabi_memcpy8</name>
         <value>0x26c9</value>
         <object_component_ref idref="oc-5d"/>
      </symbol>
      <symbol id="sm-215">
         <name>__aeabi_memcpy4</name>
         <value>0x26c9</value>
         <object_component_ref idref="oc-5d"/>
      </symbol>
      <symbol id="sm-224">
         <name>__aeabi_memset</name>
         <value>0x2a01</value>
         <object_component_ref idref="oc-69"/>
      </symbol>
      <symbol id="sm-225">
         <name>memset</name>
         <value>0x2a07</value>
         <object_component_ref idref="oc-69"/>
      </symbol>
      <symbol id="sm-226">
         <name>__aeabi_memset8</name>
         <value>0x2a01</value>
         <object_component_ref idref="oc-69"/>
      </symbol>
      <symbol id="sm-227">
         <name>__aeabi_memset4</name>
         <value>0x2a01</value>
         <object_component_ref idref="oc-69"/>
      </symbol>
      <symbol id="sm-228">
         <name>__aeabi_memclr8</name>
         <value>0x29ff</value>
         <object_component_ref idref="oc-69"/>
      </symbol>
      <symbol id="sm-229">
         <name>__aeabi_memclr4</name>
         <value>0x29ff</value>
         <object_component_ref idref="oc-69"/>
      </symbol>
      <symbol id="sm-22a">
         <name>__aeabi_memclr</name>
         <value>0x29ff</value>
         <object_component_ref idref="oc-69"/>
      </symbol>
      <symbol id="sm-234">
         <name>__mpu_init</name>
         <value>0x3213</value>
         <object_component_ref idref="oc-75"/>
      </symbol>
      <symbol id="sm-23e">
         <name>_system_pre_init</name>
         <value>0x36b3</value>
         <object_component_ref idref="oc-7b"/>
      </symbol>
      <symbol id="sm-257">
         <name>sprintf</name>
         <value>0x2db9</value>
         <object_component_ref idref="oc-14a"/>
      </symbol>
      <symbol id="sm-25f">
         <name>main_func_sp</name>
         <value>0x20000464</value>
         <object_component_ref idref="oc-93"/>
      </symbol>
      <symbol id="sm-26d">
         <name>strlen</name>
         <value>0x35ad</value>
         <object_component_ref idref="oc-2e8"/>
      </symbol>
      <symbol id="sm-286">
         <name>_nop</name>
         <value>0x3593</value>
         <object_component_ref idref="oc-20a"/>
      </symbol>
      <symbol id="sm-287">
         <name>_lock</name>
         <value>0x20000458</value>
         <object_component_ref idref="oc-127"/>
      </symbol>
      <symbol id="sm-288">
         <name>_unlock</name>
         <value>0x2000045c</value>
         <object_component_ref idref="oc-127"/>
      </symbol>
      <symbol id="sm-289">
         <name>_register_lock</name>
         <value>0x358b</value>
         <object_component_ref idref="oc-20a"/>
      </symbol>
      <symbol id="sm-28a">
         <name>_register_unlock</name>
         <value>0x3585</value>
         <object_component_ref idref="oc-20a"/>
      </symbol>
      <symbol id="sm-38b">
         <name>__TI_printfi</name>
         <value>0xab1</value>
         <object_component_ref idref="oc-21e"/>
      </symbol>
      <symbol id="sm-39f">
         <name>_args_main</name>
         <value>0x3515</value>
         <object_component_ref idref="oc-87"/>
      </symbol>
      <symbol id="sm-3b5">
         <name>atoi</name>
         <value>0x3069</value>
         <object_component_ref idref="oc-329"/>
      </symbol>
      <symbol id="sm-3df">
         <name>__TI_auto_init</name>
         <value>0x2a79</value>
         <object_component_ref idref="oc-81"/>
      </symbol>
      <symbol id="sm-3f9">
         <name>copy_in</name>
         <value>0x30b5</value>
         <object_component_ref idref="oc-10e"/>
      </symbol>
      <symbol id="sm-404">
         <name>_ctypes_</name>
         <value>0x39b0</value>
         <object_component_ref idref="oc-3ba"/>
      </symbol>
      <symbol id="sm-41b">
         <name>__aeabi_dsub</name>
         <value>0x19b5</value>
         <object_component_ref idref="oc-312"/>
      </symbol>
      <symbol id="sm-41c">
         <name>__aeabi_dadd</name>
         <value>0x19bf</value>
         <object_component_ref idref="oc-312"/>
      </symbol>
      <symbol id="sm-43e">
         <name>__aeabi_cdcmpeq</name>
         <value>0x2879</value>
         <object_component_ref idref="oc-2ee"/>
      </symbol>
      <symbol id="sm-43f">
         <name>__aeabi_cdcmple</name>
         <value>0x2879</value>
         <object_component_ref idref="oc-2ee"/>
      </symbol>
      <symbol id="sm-440">
         <name>__aeabi_cdrcmple</name>
         <value>0x28ff</value>
         <object_component_ref idref="oc-2fd"/>
      </symbol>
      <symbol id="sm-454">
         <name>__aeabi_ddiv</name>
         <value>0x1e2b</value>
         <object_component_ref idref="oc-2f8"/>
      </symbol>
      <symbol id="sm-45f">
         <name>__aeabi_dmul</name>
         <value>0x21a5</value>
         <object_component_ref idref="oc-2f3"/>
      </symbol>
      <symbol id="sm-469">
         <name>__aeabi_d2iz</name>
         <value>0x314b</value>
         <object_component_ref idref="oc-302"/>
      </symbol>
      <symbol id="sm-473">
         <name>__aeabi_i2d</name>
         <value>0x3343</value>
         <object_component_ref idref="oc-30d"/>
      </symbol>
      <symbol id="sm-482">
         <name>ltoa</name>
         <value>0x2f75</value>
         <object_component_ref idref="oc-307"/>
      </symbol>
      <symbol id="sm-492">
         <name>memccpy</name>
         <value>0x34b1</value>
         <object_component_ref idref="oc-32f"/>
      </symbol>
      <symbol id="sm-4ad">
         <name>frexpl</name>
         <value>0x2cf5</value>
         <object_component_ref idref="oc-317"/>
      </symbol>
      <symbol id="sm-4ae">
         <name>frexp</name>
         <value>0x2cf5</value>
         <object_component_ref idref="oc-317"/>
      </symbol>
      <symbol id="sm-4cb">
         <name>scalbn</name>
         <value>0x22a1</value>
         <object_component_ref idref="oc-31d"/>
      </symbol>
      <symbol id="sm-4cc">
         <name>scalbnl</name>
         <value>0x22a1</value>
         <object_component_ref idref="oc-31d"/>
      </symbol>
      <symbol id="sm-4cd">
         <name>ldexpl</name>
         <value>0x22a1</value>
         <object_component_ref idref="oc-31d"/>
      </symbol>
      <symbol id="sm-4ce">
         <name>ldexp</name>
         <value>0x22a1</value>
         <object_component_ref idref="oc-31d"/>
      </symbol>
      <symbol id="sm-4d8">
         <name>_system_post_cinit</name>
         <value>0x3583</value>
         <object_component_ref idref="oc-114"/>
      </symbol>
      <symbol id="sm-4e8">
         <name>strchr</name>
         <value>0x3559</value>
         <object_component_ref idref="oc-323"/>
      </symbol>
      <symbol id="sm-504">
         <name>__aeabi_uldivmod</name>
         <value>0x15ff</value>
         <object_component_ref idref="oc-2e3"/>
      </symbol>
      <symbol id="sm-50c">
         <name>errno</name>
         <value>0x20000460</value>
         <object_component_ref idref="oc-3b3"/>
      </symbol>
      <symbol id="sm-516">
         <name>copysign</name>
         <value>0x3599</value>
         <object_component_ref idref="oc-3ad"/>
      </symbol>
      <symbol id="sm-517">
         <name>copysignl</name>
         <value>0x3599</value>
         <object_component_ref idref="oc-3ad"/>
      </symbol>
      <symbol id="sm-567">
         <name>ADCProcessorTrigger</name>
         <value>0x34cd</value>
         <object_component_ref idref="oc-e3"/>
      </symbol>
      <symbol id="sm-568">
         <name>ADCSequenceEnable</name>
         <value>0x3613</value>
         <object_component_ref idref="oc-1d0"/>
      </symbol>
      <symbol id="sm-569">
         <name>ADCSequenceConfigure</name>
         <value>0x2e75</value>
         <object_component_ref idref="oc-1c4"/>
      </symbol>
      <symbol id="sm-56a">
         <name>ADCSequenceStepConfigure</name>
         <value>0x2985</value>
         <object_component_ref idref="oc-1ca"/>
      </symbol>
      <symbol id="sm-56b">
         <name>ADCIntClear</name>
         <value>0x367d</value>
         <object_component_ref idref="oc-ad"/>
      </symbol>
      <symbol id="sm-56c">
         <name>ADCIntStatus</name>
         <value>0x32e7</value>
         <object_component_ref idref="oc-a1"/>
      </symbol>
      <symbol id="sm-56d">
         <name>ADCSequenceDisable</name>
         <value>0x3605</value>
         <object_component_ref idref="oc-1be"/>
      </symbol>
      <symbol id="sm-56e">
         <name>ADCSequenceDataGet</name>
         <value>0x3459</value>
         <object_component_ref idref="oc-b3"/>
      </symbol>
      <symbol id="sm-57a">
         <name>FPULazyStackingEnable</name>
         <value>0x35d5</value>
         <object_component_ref idref="oc-188"/>
      </symbol>
      <symbol id="sm-5a1">
         <name>GPIOPinTypeGPIOOutput</name>
         <value>0x34e5</value>
         <object_component_ref idref="oc-1d6"/>
      </symbol>
      <symbol id="sm-5a2">
         <name>GPIODirModeSet</name>
         <value>0x33c7</value>
         <object_component_ref idref="oc-29a"/>
      </symbol>
      <symbol id="sm-5a3">
         <name>GPIOPinWrite</name>
         <value>0x3697</value>
         <object_component_ref idref="oc-1f4"/>
      </symbol>
      <symbol id="sm-5a4">
         <name>GPIOPadConfigSet</name>
         <value>0x1f61</value>
         <object_component_ref idref="oc-294"/>
      </symbol>
      <symbol id="sm-5dd">
         <name>IntEnable</name>
         <value>0x2c25</value>
         <object_component_ref idref="oc-1e8"/>
      </symbol>
      <symbol id="sm-5de">
         <name>IntMasterDisable</name>
         <value>0x35e5</value>
         <object_component_ref idref="oc-19a"/>
      </symbol>
      <symbol id="sm-5df">
         <name>IntMasterEnable</name>
         <value>0x35f5</value>
         <object_component_ref idref="oc-1dc"/>
      </symbol>
      <symbol id="sm-63c">
         <name>SysCtlClockSet</name>
         <value>0x239d</value>
         <object_component_ref idref="oc-18e"/>
      </symbol>
      <symbol id="sm-63d">
         <name>SysCtlDelay</name>
         <value>0x36a9</value>
         <object_component_ref idref="oc-254"/>
      </symbol>
      <symbol id="sm-63e">
         <name>SysCtlPeripheralEnable</name>
         <value>0x324d</value>
         <object_component_ref idref="oc-1ac"/>
      </symbol>
      <symbol id="sm-63f">
         <name>SysCtlClockGet</name>
         <value>0x2095</value>
         <object_component_ref idref="oc-c5"/>
      </symbol>
      <symbol id="sm-640">
         <name>SysCtlPeripheralReady</name>
         <value>0x3215</value>
         <object_component_ref idref="oc-1b2"/>
      </symbol>
      <symbol id="sm-67e">
         <name>TimerLoadSet</name>
         <value>0x35c1</value>
         <object_component_ref idref="oc-cb"/>
      </symbol>
      <symbol id="sm-67f">
         <name>TimerDisable</name>
         <value>0x34fd</value>
         <object_component_ref idref="oc-bf"/>
      </symbol>
      <symbol id="sm-680">
         <name>TimerEnable</name>
         <value>0x3621</value>
         <object_component_ref idref="oc-d1"/>
      </symbol>
      <symbol id="sm-681">
         <name>TimerIntEnable</name>
         <value>0x368f</value>
         <object_component_ref idref="oc-1ee"/>
      </symbol>
      <symbol id="sm-682">
         <name>TimerConfigure</name>
         <value>0x2d59</value>
         <object_component_ref idref="oc-1e2"/>
      </symbol>
      <symbol id="sm-683">
         <name>TimerIntClear</name>
         <value>0x36af</value>
         <object_component_ref idref="oc-9b"/>
      </symbol>
      <symbol id="sm-6b4">
         <name>UARTConfigSetExpClk</name>
         <value>0x3193</value>
         <object_component_ref idref="oc-1b8"/>
      </symbol>
      <symbol id="sm-6b5">
         <name>UARTDisable</name>
         <value>0x3439</value>
         <object_component_ref idref="oc-283"/>
      </symbol>
      <symbol id="sm-6b6">
         <name>UARTCharsAvail</name>
         <value>0x363d</value>
         <object_component_ref idref="oc-d7"/>
      </symbol>
      <symbol id="sm-6b7">
         <name>UARTCharGetNonBlocking</name>
         <value>0x362f</value>
         <object_component_ref idref="oc-dd"/>
      </symbol>
      <symbol id="sm-6b8">
         <name>UARTEnable</name>
         <value>0x356f</value>
         <object_component_ref idref="oc-289"/>
      </symbol>
      <symbol id="sm-6ca">
         <name>CPUcpsie</name>
         <value>0x3665</value>
         <object_component_ref idref="oc-2a2"/>
      </symbol>
      <symbol id="sm-6cb">
         <name>CPUcpsid</name>
         <value>0x3659</value>
         <object_component_ref idref="oc-266"/>
      </symbol>
      <symbol id="sm-6e6">
         <name>GrContextInit</name>
         <value>0x2b55</value>
         <object_component_ref idref="oc-1a0"/>
      </symbol>
      <symbol id="sm-6e7">
         <name>g_psDefaultCodePointMapTable</name>
         <value>0x3c80</value>
         <object_component_ref idref="oc-273"/>
      </symbol>
      <symbol id="sm-6f5">
         <name>GrRectFill</name>
         <value>0x27f3</value>
         <object_component_ref idref="oc-139"/>
      </symbol>
      <symbol id="sm-798">
         <name>GrFontInfoGet</name>
         <value>0x33f1</value>
         <object_component_ref idref="oc-237"/>
      </symbol>
      <symbol id="sm-799">
         <name>GrDefaultStringRenderer</name>
         <value>0x2561</value>
         <object_component_ref idref="oc-26d"/>
      </symbol>
      <symbol id="sm-79a">
         <name>GrFontGlyphRender</name>
         <value>0x13ab</value>
         <object_component_ref idref="oc-365"/>
      </symbol>
      <symbol id="sm-79b">
         <name>GrContextFontSet</name>
         <value>0x369d</value>
         <object_component_ref idref="oc-1a6"/>
      </symbol>
      <symbol id="sm-79c">
         <name>GrFontGlyphDataGet</name>
         <value>0x3417</value>
         <object_component_ref idref="oc-231"/>
      </symbol>
      <symbol id="sm-79d">
         <name>GrStringDraw</name>
         <value>0x3543</value>
         <object_component_ref idref="oc-15c"/>
      </symbol>
      <symbol id="sm-79e">
         <name>GrFontCodepageGet</name>
         <value>0x3477</value>
         <object_component_ref idref="oc-376"/>
      </symbol>
      <symbol id="sm-79f">
         <name>GrStringNextCharGet</name>
         <value>0x3315</value>
         <object_component_ref idref="oc-22b"/>
      </symbol>
      <symbol id="sm-7a0">
         <name>GrStringWidthGet</name>
         <value>0x2bbd</value>
         <object_component_ref idref="oc-150"/>
      </symbol>
      <symbol id="sm-7a1">
         <name>GrFontBaselineGet</name>
         <value>0x3371</value>
         <object_component_ref idref="oc-156"/>
      </symbol>
      <symbol id="sm-7b3">
         <name>g_sFontFixed6x8</name>
         <value>0x3ab4</value>
         <object_component_ref idref="oc-1fd"/>
      </symbol>
      <symbol id="sm-7c0">
         <name>GrMapISO8859_1_Unicode</name>
         <value>0x3687</value>
         <object_component_ref idref="oc-36c"/>
      </symbol>
      <symbol id="sm-7c2">
         <name>__TI_static_base__</name>
         <value>0x0</value>
      </symbol>
      <symbol id="sm-7c5">
         <name>SHT$$INIT_ARRAY$$Limit</name>
         <value>0x0</value>
      </symbol>
      <symbol id="sm-7c6">
         <name>SHT$$INIT_ARRAY$$Base</name>
         <value>0x0</value>
      </symbol>
   </symbol_table>
   <title>Link successful</title>
</link_info>
