******************************************************************************
                  TI ARM Linker PC v16.9.6                     
******************************************************************************
>> Linked Wed Feb 14 09:56:26 2018

OUTPUT FILE NAME:   <CEC322_Hostetter_Link_Lab04.out>
ENTRY POINT SYMBOL: "_c_int00"  address: 00003395


MEMORY CONFIGURATION

         name            origin    length      used     unused   attr    fill
----------------------  --------  ---------  --------  --------  ----  --------
  FLASH                 00000000   00040000  000041ca  0003be36  R  X
  SRAM                  20000000   00008000  0000046c  00007b94  RW X


SEGMENT ALLOCATION MAP

run origin  load origin   length   init length attrs members
----------  ----------- ---------- ----------- ----- -------
00000000    00000000    000041d0   000041d0    r-x
  00000000    00000000    0000026c   0000026c    r-- .intvecs
  0000026c    0000026c    00003936   00003936    r-x .text
  00003ba4    00003ba4    000005d8   000005d8    r-- .const
  00004180    00004180    00000050   00000050    r-- .cinit
20000000    20000000    0000046c   00000000    rw-
  20000000    20000000    00000400   00000000    rw- .stack
  20000400    20000400    0000003c   00000000    rw- .bss
  2000043c    2000043c    00000030   00000000    rw- .data


SECTION ALLOCATION MAP

 output                                  attributes/
section   page    origin      length       input sections
--------  ----  ----------  ----------   ----------------
.intvecs   0    00000000    0000026c     
                  00000000    0000026c     startup_ccs.obj (.intvecs)

.text      0    0000026c    00003936     
                  0000026c    0000113e     rtsv7M4_T_le_v4SPD16_eabi.lib : _printfi.obj (.text)
                  000013aa    00000002     startup_ccs.obj (.text:FaultISR)
                  000013ac    000002a0     timers.obj (.text:main)
                  0000164c    00000254     grlib.lib : string.obj (.text:GrFontGlyphRender)
                  000018a0    000001f4     rtsv7M4_T_le_v4SPD16_eabi.lib : ull_div_t2.obj (.text)
                  00001a94    000001be     cfal96x64x16.obj (.text:CFAL96x64x16PixelDrawMultiple)
                  00001c52    00000002     startup_ccs.obj (.text:IntDefaultHandler)
                  00001c54    000001b8     cfal96x64x16.obj (.text:CFAL96x64x16Init)
                  00001e0c    000001b6     rtsv7M4_T_le_v4SPD16_eabi.lib : fd_add_t2.obj (.text)
                  00001fc2    00000136                                   : fd_div_t2.obj (.text)
                  000020f8    00000132     driverlib.lib : gpio.obj (.text:GPIOPadConfigSet)
                  0000222a    00000002     startup_ccs.obj (.text:NmiSR)
                  0000222c    00000110     driverlib.lib : sysctl.obj (.text:SysCtlClockGet)
                  0000233c    000000fc     rtsv7M4_T_le_v4SPD16_eabi.lib : fd_mul_t2.obj (.text)
                  00002438    000000fc                                   : s_scalbn.obj (.text)
                  00002534    000000f4     driverlib.lib : sysctl.obj (.text:SysCtlClockSet)
                  00002628    000000e8     timers.obj (.text:diplayADCInfoOnBoard)
                  00002710    000000dc     timers.obj (.text:Timer0IntHandler)
                  000027ec    000000d8     cfal96x64x16.obj (.text:CFAL96x64x16LineDrawV)
                  000028c4    000000d8     timers.obj (.text:diplaySplashOnOLED)
                  0000299c    000000c0     grlib.lib : string.obj (.text:GrDefaultStringRenderer)
                  00002a5c    000000b8     cfal96x64x16.obj (.text:CFAL96x64x16LineDrawH)
                  00002b14    000000b4     timers.obj (.text:printMainMenu)
                  00002bc8    0000009c     rtsv7M4_T_le_v4SPD16_eabi.lib : memcpy_t2.obj (.text)
                  00002c64    00000086     grlib.lib : rectangle.obj (.text:GrRectFill)
                  00002cea    00000086     rtsv7M4_T_le_v4SPD16_eabi.lib : fd_cmp_t2.obj (.text:__aeabi_cdcmple)
                  00002d70    00000086                                   : fd_cmp_t2.obj (.text:__aeabi_cdrcmple)
                  00002df6    0000007a     driverlib.lib : adc.obj (.text:ADCSequenceStepConfigure)
                  00002e70    0000007a     rtsv7M4_T_le_v4SPD16_eabi.lib : memset_t2.obj (.text)
                  00002eea    00000002                                   : mpu_init.obj (.text)
                  00002eec    00000070                                   : autoinit.obj (.text)
                  00002f5c    00000068     grlib.lib : context.obj (.text:GrContextInit)
                  00002fc4    00000068               : string.obj (.text:GrStringWidthGet)
                  0000302c    00000068     driverlib.lib : interrupt.obj (.text:IntEnable)
                  00003094    00000068     rtsv7M4_T_le_v4SPD16_eabi.lib : copy_decompress_lzss.obj (.text:decompress:lzss)
                  000030fc    00000064                                   : s_frexp.obj (.text)
                  00003160    00000060     cfal96x64x16.obj (.text:CFAL96x64x16WriteCommand)
                  000031c0    00000060     cfal96x64x16.obj (.text:CFAL96x64x16WriteData)
                  00003220    00000060     driverlib.lib : timer.obj (.text:TimerConfigure)
                  00003280    00000060     rtsv7M4_T_le_v4SPD16_eabi.lib : sprintf.obj (.text)
                  000032e0    0000005a     grlib.lib : string.obj (.text:FontWideGlyphDataGet)
                  0000333a    00000002     rtsv7M4_T_le_v4SPD16_eabi.lib : startup.obj (.text)
                  0000333c    00000058     driverlib.lib : adc.obj (.text:ADCSequenceConfigure)
                  00003394    00000054     rtsv7M4_T_le_v4SPD16_eabi.lib : boot.obj (.text)
                  000033e8    00000054                                   : exit.obj (.text)
                  0000343c    00000054                                   : ltoa.obj (.text)
                  00003490    0000004e     cfal96x64x16.obj (.text:CFAL96x64x16PixelDraw)
                  000034de    00000002     --HOLE-- [fill = 0]
                  000034e0    0000004c     timers.obj (.text:clearBlack)
                  0000352c    0000004c     rtsv7M4_T_le_v4SPD16_eabi.lib : atoi.obj (.text)
                  00003578    0000004c                                   : cpy_tbl.obj (.text)
                  000035c4    0000004a     grlib.lib : string.obj (.text:UpdateContextCharMapping)
                  0000360e    00000048     rtsv7M4_T_le_v4SPD16_eabi.lib : fd_toi_t2.obj (.text)
                  00003656    00000046     driverlib.lib : uart.obj (.text:UARTConfigSetExpClk)
                  0000369c    00000044     cfal96x64x16.obj (.text:CFAL96x64x16RectFill)
                  000036e0    0000003a     grlib.lib : string.obj (.text:FontGlyphDataGet)
                  0000371a    00000002     --HOLE-- [fill = 0]
                  0000371c    00000038     driverlib.lib : sysctl.obj (.text:SysCtlPeripheralReady)
                  00003754    00000034                   : sysctl.obj (.text:SysCtlPeripheralEnable)
                  00003788    00000030     timers.obj (.text:UARTSend)
                  000037b8    0000002e     driverlib.lib : adc.obj (.text:ADCIntStatus)
                  000037e6    0000002e     grlib.lib : string.obj (.text:GrStringNextCharGet)
                  00003814    0000002e     rtsv7M4_T_le_v4SPD16_eabi.lib : i_tofd_t2.obj (.text)
                  00003842    0000002c     grlib.lib : string.obj (.text:GrFontBaselineGet)
                  0000386e    0000002a     driverlib.lib : gpio.obj (.text:GPIODirModeSet)
                  00003898    00000028     cfal96x64x16.obj (.text:CFAL96x64x16ColorTranslate)
                  000038c0    00000026     grlib.lib : string.obj (.text:GrFontInfoGet)
                  000038e6    00000022               : string.obj (.text:GrFontGlyphDataGet)
                  00003908    00000020     driverlib.lib : uart.obj (.text:UARTDisable)
                  00003928    0000001e                   : adc.obj (.text:ADCSequenceDataGet)
                  00003946    0000001e     grlib.lib : string.obj (.text:GrFontCodepageGet)
                  00003964    0000001c     timers.obj (.text:Timer1IntHandler)
                  00003980    0000001c     rtsv7M4_T_le_v4SPD16_eabi.lib : memccpy.obj (.text)
                  0000399c    00000018     driverlib.lib : adc.obj (.text:ADCProcessorTrigger)
                  000039b4    00000018                   : gpio.obj (.text:GPIOPinTypeGPIOOutput)
                  000039cc    00000018                   : timer.obj (.text:TimerDisable)
                  000039e4    00000018     rtsv7M4_T_le_v4SPD16_eabi.lib : args_main.obj (.text)
                  000039fc    00000016     grlib.lib : string.obj (.text:GrStringDraw)
                  00003a12    00000016     rtsv7M4_T_le_v4SPD16_eabi.lib : strchr.obj (.text)
                  00003a28    00000014     driverlib.lib : uart.obj (.text:UARTEnable)
                  00003a3c    00000014     rtsv7M4_T_le_v4SPD16_eabi.lib : _lock.obj (.text)
                  00003a50    00000014                                   : s_copysign.obj (.text)
                  00003a64    00000014                                   : strlen.obj (.text)
                  00003a78    00000012     driverlib.lib : gpio.obj (.text:GPIOPinTypeUART)
                  00003a8a    00000012                   : timer.obj (.text:TimerLoadSet)
                  00003a9c    00000010                   : fpu.obj (.text:FPULazyStackingEnable)
                  00003aac    00000010                   : interrupt.obj (.text:IntMasterDisable)
                  00003abc    00000010                   : interrupt.obj (.text:IntMasterEnable)
                  00003acc    00000010     rtsv7M4_T_le_v4SPD16_eabi.lib : tolower.obj (.text)
                  00003adc    0000000e     driverlib.lib : adc.obj (.text:ADCSequenceDisable)
                  00003aea    0000000e                   : adc.obj (.text:ADCSequenceEnable)
                  00003af8    0000000e                   : timer.obj (.text:TimerEnable)
                  00003b06    0000000e                   : uart.obj (.text:UARTCharGetNonBlocking)
                  00003b14    0000000e                   : uart.obj (.text:UARTCharsAvail)
                  00003b22    0000000e     rtsv7M4_T_le_v4SPD16_eabi.lib : copy_decompress_none.obj (.text:decompress:none)
                  00003b30    0000000c     driverlib.lib : cpu.obj (.text:CPUcpsid)
                  00003b3c    0000000c                   : cpu.obj (.text:CPUcpsie)
                  00003b48    0000000c     rtsv7M4_T_le_v4SPD16_eabi.lib : copy_zero_init.obj (.text:decompress:ZI)
                  00003b54    0000000a     driverlib.lib : adc.obj (.text:ADCIntClear)
                  00003b5e    0000000a     cfal96x64x16.obj (.text:CFAL96x64x16Flush)
                  00003b68    0000000a     driverlib.lib : uart.obj (.text:UARTCharPut)
                  00003b72    00000008     grlib.lib : charmap.obj (.text:GrMapISO8859_1_Unicode)
                  00003b7a    00000008     driverlib.lib : timer.obj (.text:TimerIntEnable)
                  00003b82    00000006                   : gpio.obj (.text:GPIOPinWrite)
                  00003b88    00000006     grlib.lib : string.obj (.text:GrContextFontSet)
                  00003b8e    00000006     startup_ccs.obj (.text:ResetISR)
                  00003b94    00000006     driverlib.lib : sysctl.obj (.text:SysCtlDelay)
                  00003b9a    00000004                   : timer.obj (.text:TimerIntClear)
                  00003b9e    00000004     rtsv7M4_T_le_v4SPD16_eabi.lib : pre_init.obj (.text)

.const     0    00003ba4    000005d8     
                  00003ba4    000002f8     grlib.lib : fontfixed6x8.obj (.const:.string:g_pui8FontFixed6x8Data)
                  00003e9c    00000101     rtsv7M4_T_le_v4SPD16_eabi.lib : ctype.obj (.const:.string:_ctypes_)
                  00003f9d    00000003     --HOLE-- [fill = 0]
                  00003fa0    000000c8     grlib.lib : fontfixed6x8.obj (.const:g_sFontFixed6x8)
                  00004068    00000070     driverlib.lib : interrupt.obj (.const)
                  000040d8    0000006c                   : sysctl.obj (.const:g_pui32Xtals)
                  00004144    00000028     cfal96x64x16.obj (.const:g_sCFAL96x64x16)
                  0000416c    00000010     grlib.lib : context.obj (.const)

.cinit     0    00004180    00000050     
                  00004180    00000026     (.cinit..data.load) [load image, compression = lzss]
                  000041a6    00000002     --HOLE-- [fill = 0]
                  000041a8    0000000c     (__TI_handler_table)
                  000041b4    00000004     --HOLE-- [fill = 0]
                  000041b8    00000008     (.cinit..bss.load) [load image, compression = zero_init]
                  000041c0    00000010     (__TI_cinit_table)

.init_array 
*          0    00000000    00000000     UNINITIALIZED

.stack     0    20000000    00000400     UNINITIALIZED
                  20000000    00000400     --HOLE--

.bss       0    20000400    0000003c     UNINITIALIZED
                  20000400    0000002c     timers.obj (.bss:sContext)
                  2000042c    0000000a     timers.obj (.bss)
                  20000436    00000002     --HOLE--
                  20000438    00000004     (.common:g_psGrLibDefaults)

.data      0    2000043c    00000030     UNINITIALIZED
                  2000043c    00000013     cfal96x64x16.obj (.data:g_ui8DisplayInitCommands)
                  2000044f    00000001     --HOLE--
                  20000450    0000000c     rtsv7M4_T_le_v4SPD16_eabi.lib : exit.obj (.data:$O1$$)
                  2000045c    00000008                                   : _lock.obj (.data:$O1$$)
                  20000464    00000004                                   : errno.obj (.data)
                  20000468    00000004                                   : stkdepth_vars.obj (.data)

MODULE SUMMARY

       Module                     code    ro data   rw data
       ------                     ----    -------   -------
    .\
       timers.obj                 1672    0         54     
       startup_ccs.obj            12      620       0      
    +--+--------------------------+-------+---------+---------+
       Total:                     1684    620       54     
                                                           
    .\drivers\
       cfal96x64x16.obj           1674    40        19     
    +--+--------------------------+-------+---------+---------+
       Total:                     1674    40        19     
                                                           
    C:/ti/TivaWare_C_Series-2.1.3.156/driverlib/ccs/Debug/driverlib.lib
       sysctl.obj                 630     108       0      
       gpio.obj                   396     0         0      
       adc.obj                    348     0         0      
       interrupt.obj              136     112       0      
       timer.obj                  164     0         0      
       uart.obj                   160     0         0      
       cpu.obj                    24      0         0      
       fpu.obj                    16      0         0      
    +--+--------------------------+-------+---------+---------+
       Total:                     1874    220       0      
                                                           
    C:/ti/TivaWare_C_Series-2.1.3.156/grlib/ccs/Debug/grlib.lib
       string.obj                 1334    0         0      
       fontfixed6x8.obj           0       960       0      
       rectangle.obj              134     0         0      
       context.obj                104     16        4      
       charmap.obj                8       0         0      
    +--+--------------------------+-------+---------+---------+
       Total:                     1580    976       4      
                                                           
    C:\ti\ccsv7\tools\compiler\ti-cgt-arm_16.9.6.LTS\lib\rtsv7M4_T_le_v4SPD16_eabi.lib
       _printfi.obj               4414    0         0      
       ull_div_t2.obj             500     0         0      
       fd_add_t2.obj              438     0         0      
       fd_div_t2.obj              310     0         0      
       fd_cmp_t2.obj              268     0         0      
       ctype.obj                  0       257       0      
       fd_mul_t2.obj              252     0         0      
       s_scalbn.obj               252     0         0      
       memcpy_t2.obj              156     0         0      
       memset_t2.obj              122     0         0      
       autoinit.obj               112     0         0      
       copy_decompress_lzss.obj   104     0         0      
       s_frexp.obj                100     0         0      
       exit.obj                   84      0         12     
       sprintf.obj                96      0         0      
       boot.obj                   84      0         0      
       ltoa.obj                   84      0         0      
       atoi.obj                   76      0         0      
       cpy_tbl.obj                76      0         0      
       fd_toi_t2.obj              72      0         0      
       i_tofd_t2.obj              46      0         0      
       _lock.obj                  20      0         8      
       memccpy.obj                28      0         0      
       args_main.obj              24      0         0      
       strchr.obj                 22      0         0      
       s_copysign.obj             20      0         0      
       strlen.obj                 20      0         0      
       tolower.obj                16      0         0      
       copy_decompress_none.obj   14      0         0      
       copy_zero_init.obj         12      0         0      
       errno.obj                  0       0         4      
       pre_init.obj               4       0         0      
       stkdepth_vars.obj          0       0         4      
       mpu_init.obj               2       0         0      
       startup.obj                2       0         0      
    +--+--------------------------+-------+---------+---------+
       Total:                     7830    257       28     
                                                           
       Stack:                     0       0         1024   
       Linker Generated:          0       74        0      
    +--+--------------------------+-------+---------+---------+
       Grand Total:               14642   2187      1129   


LINKER GENERATED COPY TABLES

__TI_cinit_table @ 000041c0 records: 2, size/record: 8, table size: 16
	.data: load addr=00004180, load size=00000026 bytes, run addr=2000043c, run size=00000030 bytes, compression=lzss
	.bss: load addr=000041b8, load size=00000008 bytes, run addr=20000400, run size=0000003c bytes, compression=zero_init


LINKER GENERATED HANDLER TABLE

__TI_handler_table @ 000041a8 records: 3, size/record: 4, table size: 12
	index: 0, handler: __TI_decompress_lzss
	index: 1, handler: __TI_decompress_none
	index: 2, handler: __TI_zero_init


GLOBAL SYMBOLS: SORTED ALPHABETICALLY BY Name 

address   name                           
-------   ----                           
00003b55  ADCIntClear                    
000037b9  ADCIntStatus                   
0000399d  ADCProcessorTrigger            
0000333d  ADCSequenceConfigure           
00003929  ADCSequenceDataGet             
00003add  ADCSequenceDisable             
00003aeb  ADCSequenceEnable              
00002df7  ADCSequenceStepConfigure       
000033e9  C$$EXIT                        
00001c55  CFAL96x64x16Init               
00003b31  CPUcpsid                       
00003b3d  CPUcpsie                       
00003a9d  FPULazyStackingEnable          
0000386f  GPIODirModeSet                 
000020f9  GPIOPadConfigSet               
000039b5  GPIOPinTypeGPIOOutput          
00003a79  GPIOPinTypeUART                
00003b83  GPIOPinWrite                   
00003b89  GrContextFontSet               
00002f5d  GrContextInit                  
0000299d  GrDefaultStringRenderer        
00003843  GrFontBaselineGet              
00003947  GrFontCodepageGet              
000038e7  GrFontGlyphDataGet             
0000164d  GrFontGlyphRender              
000038c1  GrFontInfoGet                  
00003b73  GrMapISO8859_1_Unicode         
00002c65  GrRectFill                     
000039fd  GrStringDraw                   
000037e7  GrStringNextCharGet            
00002fc5  GrStringWidthGet               
0000302d  IntEnable                      
00003aad  IntMasterDisable               
00003abd  IntMasterEnable                
00003b8f  ResetISR                       
UNDEFED   SHT$$INIT_ARRAY$$Base          
UNDEFED   SHT$$INIT_ARRAY$$Limit         
0000222d  SysCtlClockGet                 
00002535  SysCtlClockSet                 
00003b95  SysCtlDelay                    
00003755  SysCtlPeripheralEnable         
0000371d  SysCtlPeripheralReady          
00002711  Timer0IntHandler               
00003965  Timer1IntHandler               
00003221  TimerConfigure                 
000039cd  TimerDisable                   
00003af9  TimerEnable                    
00003b9b  TimerIntClear                  
00003b7b  TimerIntEnable                 
00003a8b  TimerLoadSet                   
00003b07  UARTCharGetNonBlocking         
00003b69  UARTCharPut                    
00003b15  UARTCharsAvail                 
00003657  UARTConfigSetExpClk            
00003909  UARTDisable                    
00003a29  UARTEnable                     
00003789  UARTSend                       
20000400  __STACK_END                    
00000400  __STACK_SIZE                   
20000400  __STACK_TOP                    
000041c0  __TI_CINIT_Base                
000041d0  __TI_CINIT_Limit               
000041a8  __TI_Handler_Table_Base        
000041b4  __TI_Handler_Table_Limit       
00002eed  __TI_auto_init                 
20000450  __TI_cleanup_ptr               
00003095  __TI_decompress_lzss           
00003b23  __TI_decompress_none           
20000454  __TI_dtors_ptr                 
20000458  __TI_enable_exit_profile_output
ffffffff  __TI_pprof_out_hndl            
00000ab1  __TI_printfi                   
ffffffff  __TI_prof_data_size            
ffffffff  __TI_prof_data_start           
00000000  __TI_static_base__             
00003b49  __TI_zero_init                 
00002ceb  __aeabi_cdcmpeq                
00002ceb  __aeabi_cdcmple                
00002d71  __aeabi_cdrcmple               
0000360f  __aeabi_d2iz                   
00001e17  __aeabi_dadd                   
00001fc3  __aeabi_ddiv                   
0000233d  __aeabi_dmul                   
00001e0d  __aeabi_dsub                   
00003815  __aeabi_i2d                    
00002e71  __aeabi_memclr                 
00002e71  __aeabi_memclr4                
00002e71  __aeabi_memclr8                
00002bc9  __aeabi_memcpy                 
00002bc9  __aeabi_memcpy4                
00002bc9  __aeabi_memcpy8                
00002e73  __aeabi_memset                 
00002e73  __aeabi_memset4                
00002e73  __aeabi_memset8                
000018a1  __aeabi_uldivmod               
ffffffff  __binit__                      
ffffffff  __c_args__                     
00002eeb  __mpu_init                     
20000000  __stack                        
000039e5  _args_main                     
00003395  _c_int00                       
00003e9c  _ctypes_                       
2000045c  _lock                          
00003a4b  _nop                           
00003a43  _register_lock                 
00003a3d  _register_unlock               
0000333b  _system_post_cinit             
00003b9f  _system_pre_init               
20000460  _unlock                        
000033ed  abort                          
0000352d  atoi                           
ffffffff  binit                          
000034e1  clearBlack                     
00003579  copy_in                        
00003a51  copysign                       
00003a51  copysignl                      
00002629  diplayADCInfoOnBoard           
000028c5  diplaySplashOnOLED             
20000464  errno                          
000033f5  exit                           
000030fd  frexp                          
000030fd  frexpl                         
00000000  g_pfnVectors                   
0000416c  g_psDefaultCodePointMapTable   
00004144  g_sCFAL96x64x16                
00003fa0  g_sFontFixed6x8                
00002439  ldexp                          
00002439  ldexpl                         
0000343d  ltoa                           
000013ad  main                           
20000468  main_func_sp                   
00003981  memccpy                        
00002bc9  memcpy                         
00002e79  memset                         
00002b15  printMainMenu                  
00002439  scalbn                         
00002439  scalbnl                        
00003281  sprintf                        
00003a13  strchr                         
00003a65  strlen                         
00003acd  tolower                        


GLOBAL SYMBOLS: SORTED BY Symbol Address 

address   name                           
-------   ----                           
00000000  __TI_static_base__             
00000000  g_pfnVectors                   
00000400  __STACK_SIZE                   
00000ab1  __TI_printfi                   
000013ad  main                           
0000164d  GrFontGlyphRender              
000018a1  __aeabi_uldivmod               
00001c55  CFAL96x64x16Init               
00001e0d  __aeabi_dsub                   
00001e17  __aeabi_dadd                   
00001fc3  __aeabi_ddiv                   
000020f9  GPIOPadConfigSet               
0000222d  SysCtlClockGet                 
0000233d  __aeabi_dmul                   
00002439  ldexp                          
00002439  ldexpl                         
00002439  scalbn                         
00002439  scalbnl                        
00002535  SysCtlClockSet                 
00002629  diplayADCInfoOnBoard           
00002711  Timer0IntHandler               
000028c5  diplaySplashOnOLED             
0000299d  GrDefaultStringRenderer        
00002b15  printMainMenu                  
00002bc9  __aeabi_memcpy                 
00002bc9  __aeabi_memcpy4                
00002bc9  __aeabi_memcpy8                
00002bc9  memcpy                         
00002c65  GrRectFill                     
00002ceb  __aeabi_cdcmpeq                
00002ceb  __aeabi_cdcmple                
00002d71  __aeabi_cdrcmple               
00002df7  ADCSequenceStepConfigure       
00002e71  __aeabi_memclr                 
00002e71  __aeabi_memclr4                
00002e71  __aeabi_memclr8                
00002e73  __aeabi_memset                 
00002e73  __aeabi_memset4                
00002e73  __aeabi_memset8                
00002e79  memset                         
00002eeb  __mpu_init                     
00002eed  __TI_auto_init                 
00002f5d  GrContextInit                  
00002fc5  GrStringWidthGet               
0000302d  IntEnable                      
00003095  __TI_decompress_lzss           
000030fd  frexp                          
000030fd  frexpl                         
00003221  TimerConfigure                 
00003281  sprintf                        
0000333b  _system_post_cinit             
0000333d  ADCSequenceConfigure           
00003395  _c_int00                       
000033e9  C$$EXIT                        
000033ed  abort                          
000033f5  exit                           
0000343d  ltoa                           
000034e1  clearBlack                     
0000352d  atoi                           
00003579  copy_in                        
0000360f  __aeabi_d2iz                   
00003657  UARTConfigSetExpClk            
0000371d  SysCtlPeripheralReady          
00003755  SysCtlPeripheralEnable         
00003789  UARTSend                       
000037b9  ADCIntStatus                   
000037e7  GrStringNextCharGet            
00003815  __aeabi_i2d                    
00003843  GrFontBaselineGet              
0000386f  GPIODirModeSet                 
000038c1  GrFontInfoGet                  
000038e7  GrFontGlyphDataGet             
00003909  UARTDisable                    
00003929  ADCSequenceDataGet             
00003947  GrFontCodepageGet              
00003965  Timer1IntHandler               
00003981  memccpy                        
0000399d  ADCProcessorTrigger            
000039b5  GPIOPinTypeGPIOOutput          
000039cd  TimerDisable                   
000039e5  _args_main                     
000039fd  GrStringDraw                   
00003a13  strchr                         
00003a29  UARTEnable                     
00003a3d  _register_unlock               
00003a43  _register_lock                 
00003a4b  _nop                           
00003a51  copysign                       
00003a51  copysignl                      
00003a65  strlen                         
00003a79  GPIOPinTypeUART                
00003a8b  TimerLoadSet                   
00003a9d  FPULazyStackingEnable          
00003aad  IntMasterDisable               
00003abd  IntMasterEnable                
00003acd  tolower                        
00003add  ADCSequenceDisable             
00003aeb  ADCSequenceEnable              
00003af9  TimerEnable                    
00003b07  UARTCharGetNonBlocking         
00003b15  UARTCharsAvail                 
00003b23  __TI_decompress_none           
00003b31  CPUcpsid                       
00003b3d  CPUcpsie                       
00003b49  __TI_zero_init                 
00003b55  ADCIntClear                    
00003b69  UARTCharPut                    
00003b73  GrMapISO8859_1_Unicode         
00003b7b  TimerIntEnable                 
00003b83  GPIOPinWrite                   
00003b89  GrContextFontSet               
00003b8f  ResetISR                       
00003b95  SysCtlDelay                    
00003b9b  TimerIntClear                  
00003b9f  _system_pre_init               
00003e9c  _ctypes_                       
00003fa0  g_sFontFixed6x8                
00004144  g_sCFAL96x64x16                
0000416c  g_psDefaultCodePointMapTable   
000041a8  __TI_Handler_Table_Base        
000041b4  __TI_Handler_Table_Limit       
000041c0  __TI_CINIT_Base                
000041d0  __TI_CINIT_Limit               
20000000  __stack                        
20000400  __STACK_END                    
20000400  __STACK_TOP                    
20000450  __TI_cleanup_ptr               
20000454  __TI_dtors_ptr                 
20000458  __TI_enable_exit_profile_output
2000045c  _lock                          
20000460  _unlock                        
20000464  errno                          
20000468  main_func_sp                   
ffffffff  __TI_pprof_out_hndl            
ffffffff  __TI_prof_data_size            
ffffffff  __TI_prof_data_start           
ffffffff  __binit__                      
ffffffff  __c_args__                     
ffffffff  binit                          
UNDEFED   SHT$$INIT_ARRAY$$Base          
UNDEFED   SHT$$INIT_ARRAY$$Limit         

[141 symbols]
