******************************************************************************
                  TI ARM Linker PC v16.9.6                     
******************************************************************************
>> Linked Sat Feb 17 11:03:11 2018

OUTPUT FILE NAME:   <CEC322_Hostetter_Link_Lab04.out>
ENTRY POINT SYMBOL: "_c_int00"  address: 00003099


MEMORY CONFIGURATION

         name            origin    length      used     unused   attr    fill
----------------------  --------  ---------  --------  --------  ----  --------
  FLASH                 00000000   00040000  00003f28  0003c0d8  R  X
  SRAM                  20000000   00008000  0000046c  00007b94  RW X


SEGMENT ALLOCATION MAP

run origin  load origin   length   init length attrs members
----------  ----------- ---------- ----------- ----- -------
00000000    00000000    00003f28   00003f28    r-x
  00000000    00000000    0000026c   0000026c    r-- .intvecs
  0000026c    0000026c    00003694   00003694    r-x .text
  00003900    00003900    000005d8   000005d8    r-- .const
  00003ed8    00003ed8    00000050   00000050    r-- .cinit
20000000    20000000    0000046c   00000000    rw-
  20000000    20000000    00000400   00000000    rw- .stack
  20000400    20000400    0000003c   00000000    rw- .bss
  2000043c    2000043c    00000030   00000000    rw- .data


SECTION ALLOCATION MAP

 output                                  attributes/
section   page    origin      length       input sections
--------  ----  ----------  ----------   ----------------
.intvecs   0    00000000    0000026c     
                  00000000    0000026c     startup_ccs.obj (.intvecs)

.text      0    0000026c    00003694     
                  0000026c    00001142     rtsv7M4_T_le_v4SPD16_eabi.lib : _printfi.obj (.text)
                  000013ae    00000002     cfal96x64x16.obj (.text:CFAL96x64x16Flush$2)
                  000013b0    000004ac     timers.obj (.text:main)
                  0000185c    00000254     grlib.lib : string.obj (.text:GrFontGlyphRender)
                  00001ab0    000001f4     rtsv7M4_T_le_v4SPD16_eabi.lib : ull_div_t2.obj (.text)
                  00001ca4    000001b6                                   : fd_add_t2.obj (.text)
                  00001e5a    0000013a     cfal96x64x16.obj (.text:CFAL96x64x16PixelDrawMultiple$2)
                  00001f94    00000136     rtsv7M4_T_le_v4SPD16_eabi.lib : fd_div_t2.obj (.text)
                  000020ca    00000132     driverlib.lib : gpio.obj (.text:GPIOPadConfigSet)
                  000021fc    00000110                   : sysctl.obj (.text:SysCtlClockGet)
                  0000230c    000000fc     rtsv7M4_T_le_v4SPD16_eabi.lib : fd_mul_t2.obj (.text)
                  00002408    000000fc                                   : s_scalbn.obj (.text)
                  00002504    000000f4     driverlib.lib : sysctl.obj (.text:SysCtlClockSet)
                  000025f8    000000d4     timers.obj (.text:Timer0IntHandler)
                  000026cc    000000c0     grlib.lib : string.obj (.text:GrDefaultStringRenderer)
                  0000278c    000000b4     timers.obj (.text:diplayADCInfoOnBoard)
                  00002840    000000b4     timers.obj (.text:diplaySplashOnOLED)
                  000028f4    0000009c     rtsv7M4_T_le_v4SPD16_eabi.lib : memcpy_t2.obj (.text)
                  00002990    0000008e     cfal96x64x16.obj (.text:CFAL96x64x16LineDrawV$2)
                  00002a1e    00000086     grlib.lib : rectangle.obj (.text:GrRectFill)
                  00002aa4    00000086     rtsv7M4_T_le_v4SPD16_eabi.lib : fd_cmp_t2.obj (.text:__aeabi_cdcmple)
                  00002b2a    00000086                                   : fd_cmp_t2.obj (.text:__aeabi_cdrcmple)
                  00002bb0    0000007a     driverlib.lib : adc.obj (.text:ADCSequenceStepConfigure)
                  00002c2a    0000007a     rtsv7M4_T_le_v4SPD16_eabi.lib : memset_t2.obj (.text)
                  00002ca4    00000070                                   : autoinit.obj (.text)
                  00002d14    0000006c     cfal96x64x16.obj (.text:CFAL96x64x16LineDrawH$2)
                  00002d80    00000068     grlib.lib : context.obj (.text:GrContextInit)
                  00002de8    00000068               : string.obj (.text:GrStringWidthGet)
                  00002e50    00000068     driverlib.lib : interrupt.obj (.text:IntEnable)
                  00002eb8    00000068     rtsv7M4_T_le_v4SPD16_eabi.lib : copy_decompress_lzss.obj (.text:decompress:lzss)
                  00002f20    00000064                                   : s_frexp.obj (.text)
                  00002f84    00000060     driverlib.lib : timer.obj (.text:TimerConfigure)
                  00002fe4    0000005a     grlib.lib : string.obj (.text:FontWideGlyphDataGet)
                  0000303e    00000002     startup_ccs.obj (.text:FaultISR)
                  00003040    00000058     driverlib.lib : adc.obj (.text:ADCSequenceConfigure)
                  00003098    00000054     rtsv7M4_T_le_v4SPD16_eabi.lib : boot.obj (.text)
                  000030ec    00000054                                   : exit.obj (.text)
                  00003140    00000054                                   : ltoa.obj (.text)
                  00003194    00000052                                   : sprintf.obj (.text)
                  000031e6    00000002     startup_ccs.obj (.text:IntDefaultHandler)
                  000031e8    00000050     cfal96x64x16.obj (.text:CFAL96x64x16WriteCommand$2)
                  00003238    00000050     cfal96x64x16.obj (.text:CFAL96x64x16WriteData$2)
                  00003288    0000004c     rtsv7M4_T_le_v4SPD16_eabi.lib : atoi.obj (.text)
                  000032d4    0000004c                                   : cpy_tbl.obj (.text)
                  00003320    0000004a     grlib.lib : string.obj (.text:UpdateContextCharMapping)
                  0000336a    00000048     rtsv7M4_T_le_v4SPD16_eabi.lib : fd_toi_t2.obj (.text)
                  000033b2    00000046     driverlib.lib : uart.obj (.text:UARTConfigSetExpClk)
                  000033f8    0000003a     grlib.lib : string.obj (.text:FontGlyphDataGet)
                  00003432    00000002     startup_ccs.obj (.text:NmiSR)
                  00003434    00000038     driverlib.lib : sysctl.obj (.text:SysCtlPeripheralReady)
                  0000346c    00000038     timers.obj (.text:clearBlack)
                  000034a4    00000034     driverlib.lib : sysctl.obj (.text:SysCtlPeripheralEnable)
                  000034d8    00000032     cfal96x64x16.obj (.text:CFAL96x64x16PixelDraw$2)
                  0000350a    00000002     rtsv7M4_T_le_v4SPD16_eabi.lib : _lock.obj (.text)
                  0000350c    00000030     timers.obj (.text:Timer1IntHandler)
                  0000353c    0000002e     driverlib.lib : adc.obj (.text:ADCIntStatus)
                  0000356a    0000002e     grlib.lib : string.obj (.text:GrStringNextCharGet)
                  00003598    0000002e     rtsv7M4_T_le_v4SPD16_eabi.lib : i_tofd_t2.obj (.text)
                  000035c6    0000002c     grlib.lib : string.obj (.text:GrFontBaselineGet)
                  000035f2    0000002a     cfal96x64x16.obj (.text:CFAL96x64x16RectFill$2)
                  0000361c    0000002a     driverlib.lib : gpio.obj (.text:GPIODirModeSet)
                  00003646    00000026     grlib.lib : string.obj (.text:GrFontInfoGet)
                  0000366c    00000024     timers.obj (.text:UARTSend)
                  00003690    00000022     grlib.lib : string.obj (.text:GrFontGlyphDataGet)
                  000036b2    00000002     rtsv7M4_T_le_v4SPD16_eabi.lib : mpu_init.obj (.text)
                  000036b4    00000020     driverlib.lib : uart.obj (.text:UARTDisable)
                  000036d4    0000001e                   : adc.obj (.text:ADCSequenceDataGet)
                  000036f2    0000001e     grlib.lib : string.obj (.text:GrFontCodepageGet)
                  00003710    00000018     driverlib.lib : adc.obj (.text:ADCProcessorTrigger)
                  00003728    00000018                   : gpio.obj (.text:GPIOPinTypeGPIOOutput)
                  00003740    00000018                   : timer.obj (.text:TimerDisable)
                  00003758    00000018     rtsv7M4_T_le_v4SPD16_eabi.lib : args_main.obj (.text)
                  00003770    00000016     cfal96x64x16.obj (.text:CFAL96x64x16ColorTranslate$2)
                  00003786    00000016     grlib.lib : string.obj (.text:GrStringDraw)
                  0000379c    00000016     rtsv7M4_T_le_v4SPD16_eabi.lib : strchr.obj (.text)
                  000037b2    00000014     driverlib.lib : uart.obj (.text:UARTEnable)
                  000037c6    00000014     rtsv7M4_T_le_v4SPD16_eabi.lib : s_copysign.obj (.text)
                  000037da    00000014                                   : strlen.obj (.text)
                  000037ee    00000012     driverlib.lib : gpio.obj (.text:GPIOPinTypeUART)
                  00003800    00000012                   : timer.obj (.text:TimerLoadSet)
                  00003812    00000002     rtsv7M4_T_le_v4SPD16_eabi.lib : startup.obj (.text)
                  00003814    00000010     driverlib.lib : fpu.obj (.text:FPULazyStackingEnable)
                  00003824    00000010                   : interrupt.obj (.text:IntMasterDisable)
                  00003834    00000010                   : interrupt.obj (.text:IntMasterEnable)
                  00003844    0000000e                   : adc.obj (.text:ADCSequenceDisable)
                  00003852    0000000e                   : adc.obj (.text:ADCSequenceEnable)
                  00003860    0000000e                   : timer.obj (.text:TimerEnable)
                  0000386e    0000000e                   : uart.obj (.text:UARTCharGetNonBlocking)
                  0000387c    0000000e                   : uart.obj (.text:UARTCharsAvail)
                  0000388a    0000000e     rtsv7M4_T_le_v4SPD16_eabi.lib : copy_decompress_none.obj (.text:decompress:none)
                  00003898    0000000c     driverlib.lib : cpu.obj (.text:CPUcpsid)
                  000038a4    0000000c                   : cpu.obj (.text:CPUcpsie)
                  000038b0    0000000c     rtsv7M4_T_le_v4SPD16_eabi.lib : copy_zero_init.obj (.text:decompress:ZI)
                  000038bc    0000000a     driverlib.lib : adc.obj (.text:ADCIntClear)
                  000038c6    0000000a                   : uart.obj (.text:UARTCharPut)
                  000038d0    00000008     grlib.lib : charmap.obj (.text:GrMapISO8859_1_Unicode)
                  000038d8    00000008     driverlib.lib : timer.obj (.text:TimerIntEnable)
                  000038e0    00000006                   : gpio.obj (.text:GPIOPinWrite)
                  000038e6    00000006     grlib.lib : string.obj (.text:GrContextFontSet)
                  000038ec    00000006     startup_ccs.obj (.text:ResetISR)
                  000038f2    00000006     driverlib.lib : sysctl.obj (.text:SysCtlDelay)
                  000038f8    00000004                   : timer.obj (.text:TimerIntClear)
                  000038fc    00000004     rtsv7M4_T_le_v4SPD16_eabi.lib : pre_init.obj (.text)

.const     0    00003900    000005d8     
                  00003900    000002f8     grlib.lib : fontfixed6x8.obj (.const:.string:g_pui8FontFixed6x8Data)
                  00003bf8    00000101     rtsv7M4_T_le_v4SPD16_eabi.lib : ctype.obj (.const:.string:_ctypes_)
                  00003cf9    00000003     --HOLE-- [fill = 0]
                  00003cfc    000000c8     grlib.lib : fontfixed6x8.obj (.const:g_sFontFixed6x8)
                  00003dc4    00000070     driverlib.lib : interrupt.obj (.const)
                  00003e34    0000006c                   : sysctl.obj (.const:g_pui32Xtals)
                  00003ea0    00000028     cfal96x64x16.obj (.const:g_sCFAL96x64x16)
                  00003ec8    00000010     grlib.lib : context.obj (.const)

.cinit     0    00003ed8    00000050     
                  00003ed8    00000026     (.cinit..data.load) [load image, compression = lzss]
                  00003efe    00000002     --HOLE-- [fill = 0]
                  00003f00    0000000c     (__TI_handler_table)
                  00003f0c    00000004     --HOLE-- [fill = 0]
                  00003f10    00000008     (.cinit..bss.load) [load image, compression = zero_init]
                  00003f18    00000010     (__TI_cinit_table)

.init_array 
*          0    00000000    00000000     UNINITIALIZED

.stack     0    20000000    00000400     UNINITIALIZED
                  20000000    00000400     --HOLE--

.bss       0    20000400    0000003c     UNINITIALIZED
                  20000400    00000038     timers.obj (.bss:$O1$$)
                  20000438    00000004     (.common:g_psGrLibDefaults)

.data      0    2000043c    00000030     UNINITIALIZED
                  2000043c    00000013     cfal96x64x16.obj (.data:g_ui8DisplayInitCommands$2)
                  2000044f    00000001     --HOLE--
                  20000450    0000000c     rtsv7M4_T_le_v4SPD16_eabi.lib : exit.obj (.data:$O1$$)
                  2000045c    00000008                                   : _lock.obj (.data:$O3$$)
                  20000464    00000004                                   : errno.obj (.data)
                  20000468    00000004                                   : stkdepth_vars.obj (.data)

MODULE SUMMARY

       Module                     code    ro data   rw data
       ------                     ----    -------   -------
    .\
       timers.obj                 1908    0         56     
       startup_ccs.obj            12      620       0      
    +--+--------------------------+-------+---------+---------+
       Total:                     1920    620       56     
                                                           
    .\drivers\
       cfal96x64x16.obj           840     40        19     
    +--+--------------------------+-------+---------+---------+
       Total:                     840     40        19     
                                                           
    C:/ti/TivaWare_C_Series-2.1.3.156/driverlib/ccs/Debug/driverlib.lib
       sysctl.obj                 630     108       0      
       gpio.obj                   396     0         0      
       adc.obj                    348     0         0      
       interrupt.obj              136     112       0      
       timer.obj                  164     0         0      
       uart.obj                   160     0         0      
       cpu.obj                    24      0         0      
       fpu.obj                    16      0         0      
    +--+--------------------------+-------+---------+---------+
       Total:                     1874    220       0      
                                                           
    C:/ti/TivaWare_C_Series-2.1.3.156/grlib/ccs/Debug/grlib.lib
       string.obj                 1334    0         0      
       fontfixed6x8.obj           0       960       0      
       rectangle.obj              134     0         0      
       context.obj                104     16        4      
       charmap.obj                8       0         0      
    +--+--------------------------+-------+---------+---------+
       Total:                     1580    976       4      
                                                           
    C:\ti\ccsv7\tools\compiler\ti-cgt-arm_16.9.6.LTS\lib\rtsv7M4_T_le_v4SPD16_eabi.lib
       _printfi.obj               4418    0         0      
       ull_div_t2.obj             500     0         0      
       fd_add_t2.obj              438     0         0      
       fd_div_t2.obj              310     0         0      
       fd_cmp_t2.obj              268     0         0      
       ctype.obj                  0       257       0      
       fd_mul_t2.obj              252     0         0      
       s_scalbn.obj               252     0         0      
       memcpy_t2.obj              156     0         0      
       memset_t2.obj              122     0         0      
       autoinit.obj               112     0         0      
       copy_decompress_lzss.obj   104     0         0      
       s_frexp.obj                100     0         0      
       exit.obj                   84      0         12     
       boot.obj                   84      0         0      
       ltoa.obj                   84      0         0      
       sprintf.obj                82      0         0      
       atoi.obj                   76      0         0      
       cpy_tbl.obj                76      0         0      
       fd_toi_t2.obj              72      0         0      
       i_tofd_t2.obj              46      0         0      
       args_main.obj              24      0         0      
       strchr.obj                 22      0         0      
       s_copysign.obj             20      0         0      
       strlen.obj                 20      0         0      
       copy_decompress_none.obj   14      0         0      
       copy_zero_init.obj         12      0         0      
       _lock.obj                  2       0         8      
       errno.obj                  0       0         4      
       pre_init.obj               4       0         0      
       stkdepth_vars.obj          0       0         4      
       mpu_init.obj               2       0         0      
       startup.obj                2       0         0      
    +--+--------------------------+-------+---------+---------+
       Total:                     7758    257       28     
                                                           
       Stack:                     0       0         1024   
       Linker Generated:          0       74        0      
    +--+--------------------------+-------+---------+---------+
       Grand Total:               13972   2187      1131   


LINKER GENERATED COPY TABLES

__TI_cinit_table @ 00003f18 records: 2, size/record: 8, table size: 16
	.data: load addr=00003ed8, load size=00000026 bytes, run addr=2000043c, run size=00000030 bytes, compression=lzss
	.bss: load addr=00003f10, load size=00000008 bytes, run addr=20000400, run size=0000003c bytes, compression=zero_init


LINKER GENERATED HANDLER TABLE

__TI_handler_table @ 00003f00 records: 3, size/record: 4, table size: 12
	index: 0, handler: __TI_decompress_lzss
	index: 1, handler: __TI_decompress_none
	index: 2, handler: __TI_zero_init


GLOBAL SYMBOLS: SORTED ALPHABETICALLY BY Name 

address   name                           
-------   ----                           
000038bd  ADCIntClear                    
0000353d  ADCIntStatus                   
00003711  ADCProcessorTrigger            
00003041  ADCSequenceConfigure           
000036d5  ADCSequenceDataGet             
00003845  ADCSequenceDisable             
00003853  ADCSequenceEnable              
00002bb1  ADCSequenceStepConfigure       
000030ed  C$$EXIT                        
00003899  CPUcpsid                       
000038a5  CPUcpsie                       
00003815  FPULazyStackingEnable          
0000361d  GPIODirModeSet                 
000020cb  GPIOPadConfigSet               
00003729  GPIOPinTypeGPIOOutput          
000037ef  GPIOPinTypeUART                
000038e1  GPIOPinWrite                   
000038e7  GrContextFontSet               
00002d81  GrContextInit                  
000026cd  GrDefaultStringRenderer        
000035c7  GrFontBaselineGet              
000036f3  GrFontCodepageGet              
00003691  GrFontGlyphDataGet             
0000185d  GrFontGlyphRender              
00003647  GrFontInfoGet                  
000038d1  GrMapISO8859_1_Unicode         
00002a1f  GrRectFill                     
00003787  GrStringDraw                   
0000356b  GrStringNextCharGet            
00002de9  GrStringWidthGet               
00002e51  IntEnable                      
00003825  IntMasterDisable               
00003835  IntMasterEnable                
000038ed  ResetISR                       
UNDEFED   SHT$$INIT_ARRAY$$Base          
UNDEFED   SHT$$INIT_ARRAY$$Limit         
000021fd  SysCtlClockGet                 
00002505  SysCtlClockSet                 
000038f3  SysCtlDelay                    
000034a5  SysCtlPeripheralEnable         
00003435  SysCtlPeripheralReady          
000025f9  Timer0IntHandler               
0000350d  Timer1IntHandler               
00002f85  TimerConfigure                 
00003741  TimerDisable                   
00003861  TimerEnable                    
000038f9  TimerIntClear                  
000038d9  TimerIntEnable                 
00003801  TimerLoadSet                   
0000386f  UARTCharGetNonBlocking         
000038c7  UARTCharPut                    
0000387d  UARTCharsAvail                 
000033b3  UARTConfigSetExpClk            
000036b5  UARTDisable                    
000037b3  UARTEnable                     
0000366d  UARTSend                       
20000400  __STACK_END                    
00000400  __STACK_SIZE                   
20000400  __STACK_TOP                    
00003f18  __TI_CINIT_Base                
00003f28  __TI_CINIT_Limit               
00003f00  __TI_Handler_Table_Base        
00003f0c  __TI_Handler_Table_Limit       
00002ca5  __TI_auto_init                 
20000450  __TI_cleanup_ptr               
00002eb9  __TI_decompress_lzss           
0000388b  __TI_decompress_none           
20000454  __TI_dtors_ptr                 
20000458  __TI_enable_exit_profile_output
ffffffff  __TI_pprof_out_hndl            
00000ac1  __TI_printfi                   
ffffffff  __TI_prof_data_size            
ffffffff  __TI_prof_data_start           
00000000  __TI_static_base__             
000038b1  __TI_zero_init                 
00002aa5  __aeabi_cdcmpeq                
00002aa5  __aeabi_cdcmple                
00002b2b  __aeabi_cdrcmple               
0000336b  __aeabi_d2iz                   
00001caf  __aeabi_dadd                   
00001f95  __aeabi_ddiv                   
0000230d  __aeabi_dmul                   
00001ca5  __aeabi_dsub                   
00003599  __aeabi_i2d                    
00002c2b  __aeabi_memclr                 
00002c2b  __aeabi_memclr4                
00002c2b  __aeabi_memclr8                
000028f5  __aeabi_memcpy                 
000028f5  __aeabi_memcpy4                
000028f5  __aeabi_memcpy8                
00002c2d  __aeabi_memset                 
00002c2d  __aeabi_memset4                
00002c2d  __aeabi_memset8                
00001ab1  __aeabi_uldivmod               
ffffffff  __binit__                      
ffffffff  __c_args__                     
000036b3  __mpu_init                     
20000000  __stack                        
00003759  _args_main                     
00003099  _c_int00                       
00003bf8  _ctypes_                       
2000045c  _lock                          
0000350b  _nop                           
00003813  _system_post_cinit             
000038fd  _system_pre_init               
20000460  _unlock                        
000030f1  abort                          
00003289  atoi                           
ffffffff  binit                          
0000346d  clearBlack                     
000032d5  copy_in                        
000037c7  copysign                       
000037c7  copysignl                      
0000278d  diplayADCInfoOnBoard           
00002841  diplaySplashOnOLED             
20000464  errno                          
000030f9  exit                           
00002f21  frexp                          
00002f21  frexpl                         
00000000  g_pfnVectors                   
00003ec8  g_psDefaultCodePointMapTable   
00003ea0  g_sCFAL96x64x16                
00003cfc  g_sFontFixed6x8                
00002409  ldexp                          
00002409  ldexpl                         
00003141  ltoa                           
000013b1  main                           
20000468  main_func_sp                   
000028f5  memcpy                         
00002c33  memset                         
00002409  scalbn                         
00002409  scalbnl                        
000031b7  sprintf                        
0000379d  strchr                         
000037db  strlen                         


GLOBAL SYMBOLS: SORTED BY Symbol Address 

address   name                           
-------   ----                           
00000000  __TI_static_base__             
00000000  g_pfnVectors                   
00000400  __STACK_SIZE                   
00000ac1  __TI_printfi                   
000013b1  main                           
0000185d  GrFontGlyphRender              
00001ab1  __aeabi_uldivmod               
00001ca5  __aeabi_dsub                   
00001caf  __aeabi_dadd                   
00001f95  __aeabi_ddiv                   
000020cb  GPIOPadConfigSet               
000021fd  SysCtlClockGet                 
0000230d  __aeabi_dmul                   
00002409  ldexp                          
00002409  ldexpl                         
00002409  scalbn                         
00002409  scalbnl                        
00002505  SysCtlClockSet                 
000025f9  Timer0IntHandler               
000026cd  GrDefaultStringRenderer        
0000278d  diplayADCInfoOnBoard           
00002841  diplaySplashOnOLED             
000028f5  __aeabi_memcpy                 
000028f5  __aeabi_memcpy4                
000028f5  __aeabi_memcpy8                
000028f5  memcpy                         
00002a1f  GrRectFill                     
00002aa5  __aeabi_cdcmpeq                
00002aa5  __aeabi_cdcmple                
00002b2b  __aeabi_cdrcmple               
00002bb1  ADCSequenceStepConfigure       
00002c2b  __aeabi_memclr                 
00002c2b  __aeabi_memclr4                
00002c2b  __aeabi_memclr8                
00002c2d  __aeabi_memset                 
00002c2d  __aeabi_memset4                
00002c2d  __aeabi_memset8                
00002c33  memset                         
00002ca5  __TI_auto_init                 
00002d81  GrContextInit                  
00002de9  GrStringWidthGet               
00002e51  IntEnable                      
00002eb9  __TI_decompress_lzss           
00002f21  frexp                          
00002f21  frexpl                         
00002f85  TimerConfigure                 
00003041  ADCSequenceConfigure           
00003099  _c_int00                       
000030ed  C$$EXIT                        
000030f1  abort                          
000030f9  exit                           
00003141  ltoa                           
000031b7  sprintf                        
00003289  atoi                           
000032d5  copy_in                        
0000336b  __aeabi_d2iz                   
000033b3  UARTConfigSetExpClk            
00003435  SysCtlPeripheralReady          
0000346d  clearBlack                     
000034a5  SysCtlPeripheralEnable         
0000350b  _nop                           
0000350d  Timer1IntHandler               
0000353d  ADCIntStatus                   
0000356b  GrStringNextCharGet            
00003599  __aeabi_i2d                    
000035c7  GrFontBaselineGet              
0000361d  GPIODirModeSet                 
00003647  GrFontInfoGet                  
0000366d  UARTSend                       
00003691  GrFontGlyphDataGet             
000036b3  __mpu_init                     
000036b5  UARTDisable                    
000036d5  ADCSequenceDataGet             
000036f3  GrFontCodepageGet              
00003711  ADCProcessorTrigger            
00003729  GPIOPinTypeGPIOOutput          
00003741  TimerDisable                   
00003759  _args_main                     
00003787  GrStringDraw                   
0000379d  strchr                         
000037b3  UARTEnable                     
000037c7  copysign                       
000037c7  copysignl                      
000037db  strlen                         
000037ef  GPIOPinTypeUART                
00003801  TimerLoadSet                   
00003813  _system_post_cinit             
00003815  FPULazyStackingEnable          
00003825  IntMasterDisable               
00003835  IntMasterEnable                
00003845  ADCSequenceDisable             
00003853  ADCSequenceEnable              
00003861  TimerEnable                    
0000386f  UARTCharGetNonBlocking         
0000387d  UARTCharsAvail                 
0000388b  __TI_decompress_none           
00003899  CPUcpsid                       
000038a5  CPUcpsie                       
000038b1  __TI_zero_init                 
000038bd  ADCIntClear                    
000038c7  UARTCharPut                    
000038d1  GrMapISO8859_1_Unicode         
000038d9  TimerIntEnable                 
000038e1  GPIOPinWrite                   
000038e7  GrContextFontSet               
000038ed  ResetISR                       
000038f3  SysCtlDelay                    
000038f9  TimerIntClear                  
000038fd  _system_pre_init               
00003bf8  _ctypes_                       
00003cfc  g_sFontFixed6x8                
00003ea0  g_sCFAL96x64x16                
00003ec8  g_psDefaultCodePointMapTable   
00003f00  __TI_Handler_Table_Base        
00003f0c  __TI_Handler_Table_Limit       
00003f18  __TI_CINIT_Base                
00003f28  __TI_CINIT_Limit               
20000000  __stack                        
20000400  __STACK_END                    
20000400  __STACK_TOP                    
20000450  __TI_cleanup_ptr               
20000454  __TI_dtors_ptr                 
20000458  __TI_enable_exit_profile_output
2000045c  _lock                          
20000460  _unlock                        
20000464  errno                          
20000468  main_func_sp                   
ffffffff  __TI_pprof_out_hndl            
ffffffff  __TI_prof_data_size            
ffffffff  __TI_prof_data_start           
ffffffff  __binit__                      
ffffffff  __c_args__                     
ffffffff  binit                          
UNDEFED   SHT$$INIT_ARRAY$$Base          
UNDEFED   SHT$$INIT_ARRAY$$Limit         

[135 symbols]
