******************************************************************************
                  TI ARM Linker PC v16.9.6                     
******************************************************************************
>> Linked Tue Feb 13 20:06:22 2018

OUTPUT FILE NAME:   <CEC322_Hostetter_Link_Lab04.out>
ENTRY POINT SYMBOL: "_c_int00"  address: 00002ecd


MEMORY CONFIGURATION

         name            origin    length      used     unused   attr    fill
----------------------  --------  ---------  --------  --------  ----  --------
  FLASH                 00000000   00040000  00003cde  0003c322  R  X
  SRAM                  20000000   00008000  00000468  00007b98  RW X


SEGMENT ALLOCATION MAP

run origin  load origin   length   init length attrs members
----------  ----------- ---------- ----------- ----- -------
00000000    00000000    00003ce0   00003ce0    r-x
  00000000    00000000    0000026c   0000026c    r-- .intvecs
  0000026c    0000026c    0000344a   0000344a    r-x .text
  000036b8    000036b8    000005d8   000005d8    r-- .const
  00003c90    00003c90    00000050   00000050    r-- .cinit
20000000    20000000    00000468   00000000    rw-
  20000000    20000000    00000400   00000000    rw- .stack
  20000400    20000400    00000038   00000000    rw- .bss
  20000438    20000438    00000030   00000000    rw- .data


SECTION ALLOCATION MAP

 output                                  attributes/
section   page    origin      length       input sections
--------  ----  ----------  ----------   ----------------
.intvecs   0    00000000    0000026c     
                  00000000    0000026c     startup_ccs.obj (.intvecs)

.text      0    0000026c    0000344a     
                  0000026c    0000113e     rtsv7M4_T_le_v4SPD16_eabi.lib : _printfi.obj (.text)
                  000013aa    00000254     grlib.lib : string.obj (.text:GrFontGlyphRender)
                  000015fe    000001f4     rtsv7M4_T_le_v4SPD16_eabi.lib : ull_div_t2.obj (.text)
                  000017f2    00000002     cfal96x64x16.obj (.text:CFAL96x64x16Flush)
                  000017f4    000001c0     timers.obj (.text:main)
                  000019b4    000001b6     rtsv7M4_T_le_v4SPD16_eabi.lib : fd_add_t2.obj (.text)
                  00001b6a    00000002     startup_ccs.obj (.text:FaultISR)
                  00001b6c    00000184     cfal96x64x16.obj (.text:CFAL96x64x16Init)
                  00001cf0    0000013a     cfal96x64x16.obj (.text:CFAL96x64x16PixelDrawMultiple)
                  00001e2a    00000136     rtsv7M4_T_le_v4SPD16_eabi.lib : fd_div_t2.obj (.text)
                  00001f60    00000132     driverlib.lib : gpio.obj (.text:GPIOPadConfigSet)
                  00002092    00000002     startup_ccs.obj (.text:IntDefaultHandler)
                  00002094    00000110     driverlib.lib : sysctl.obj (.text:SysCtlClockGet)
                  000021a4    000000fc     rtsv7M4_T_le_v4SPD16_eabi.lib : fd_mul_t2.obj (.text)
                  000022a0    000000fc                                   : s_scalbn.obj (.text)
                  0000239c    000000f4     driverlib.lib : sysctl.obj (.text:SysCtlClockSet)
                  00002490    000000d0     timers.obj (.text:Timer0IntHandler)
                  00002560    000000c0     grlib.lib : string.obj (.text:GrDefaultStringRenderer)
                  00002620    000000a8     timers.obj (.text:diplayADCInfoOnBoard)
                  000026c8    0000009c     rtsv7M4_T_le_v4SPD16_eabi.lib : memcpy_t2.obj (.text)
                  00002764    0000008e     cfal96x64x16.obj (.text:CFAL96x64x16LineDrawV)
                  000027f2    00000086     grlib.lib : rectangle.obj (.text:GrRectFill)
                  00002878    00000086     rtsv7M4_T_le_v4SPD16_eabi.lib : fd_cmp_t2.obj (.text:__aeabi_cdcmple)
                  000028fe    00000086                                   : fd_cmp_t2.obj (.text:__aeabi_cdrcmple)
                  00002984    0000007a     driverlib.lib : adc.obj (.text:ADCSequenceStepConfigure)
                  000029fe    0000007a     rtsv7M4_T_le_v4SPD16_eabi.lib : memset_t2.obj (.text)
                  00002a78    00000070                                   : autoinit.obj (.text)
                  00002ae8    0000006c     cfal96x64x16.obj (.text:CFAL96x64x16LineDrawH)
                  00002b54    00000068     grlib.lib : context.obj (.text:GrContextInit)
                  00002bbc    00000068               : string.obj (.text:GrStringWidthGet)
                  00002c24    00000068     driverlib.lib : interrupt.obj (.text:IntEnable)
                  00002c8c    00000068     rtsv7M4_T_le_v4SPD16_eabi.lib : copy_decompress_lzss.obj (.text:decompress:lzss)
                  00002cf4    00000064                                   : s_frexp.obj (.text)
                  00002d58    00000060     driverlib.lib : timer.obj (.text:TimerConfigure)
                  00002db8    00000060     rtsv7M4_T_le_v4SPD16_eabi.lib : sprintf.obj (.text)
                  00002e18    0000005a     grlib.lib : string.obj (.text:FontWideGlyphDataGet)
                  00002e72    00000002     startup_ccs.obj (.text:NmiSR)
                  00002e74    00000058     driverlib.lib : adc.obj (.text:ADCSequenceConfigure)
                  00002ecc    00000054     rtsv7M4_T_le_v4SPD16_eabi.lib : boot.obj (.text)
                  00002f20    00000054                                   : exit.obj (.text)
                  00002f74    00000054                                   : ltoa.obj (.text)
                  00002fc8    00000050     cfal96x64x16.obj (.text:CFAL96x64x16WriteCommand)
                  00003018    00000050     cfal96x64x16.obj (.text:CFAL96x64x16WriteData)
                  00003068    0000004c     rtsv7M4_T_le_v4SPD16_eabi.lib : atoi.obj (.text)
                  000030b4    0000004c                                   : cpy_tbl.obj (.text)
                  00003100    0000004a     grlib.lib : string.obj (.text:UpdateContextCharMapping)
                  0000314a    00000048     rtsv7M4_T_le_v4SPD16_eabi.lib : fd_toi_t2.obj (.text)
                  00003192    00000046     driverlib.lib : uart.obj (.text:UARTConfigSetExpClk)
                  000031d8    0000003a     grlib.lib : string.obj (.text:FontGlyphDataGet)
                  00003212    00000002     rtsv7M4_T_le_v4SPD16_eabi.lib : mpu_init.obj (.text)
                  00003214    00000038     driverlib.lib : sysctl.obj (.text:SysCtlPeripheralReady)
                  0000324c    00000034                   : sysctl.obj (.text:SysCtlPeripheralEnable)
                  00003280    00000034     timers.obj (.text:clearBlack)
                  000032b4    00000032     cfal96x64x16.obj (.text:CFAL96x64x16PixelDraw)
                  000032e6    0000002e     driverlib.lib : adc.obj (.text:ADCIntStatus)
                  00003314    0000002e     grlib.lib : string.obj (.text:GrStringNextCharGet)
                  00003342    0000002e     rtsv7M4_T_le_v4SPD16_eabi.lib : i_tofd_t2.obj (.text)
                  00003370    0000002c     grlib.lib : string.obj (.text:GrFontBaselineGet)
                  0000339c    0000002a     cfal96x64x16.obj (.text:CFAL96x64x16RectFill)
                  000033c6    0000002a     driverlib.lib : gpio.obj (.text:GPIODirModeSet)
                  000033f0    00000026     grlib.lib : string.obj (.text:GrFontInfoGet)
                  00003416    00000022               : string.obj (.text:GrFontGlyphDataGet)
                  00003438    00000020     driverlib.lib : uart.obj (.text:UARTDisable)
                  00003458    0000001e                   : adc.obj (.text:ADCSequenceDataGet)
                  00003476    0000001e     grlib.lib : string.obj (.text:GrFontCodepageGet)
                  00003494    0000001c     timers.obj (.text:Timer1IntHandler)
                  000034b0    0000001c     rtsv7M4_T_le_v4SPD16_eabi.lib : memccpy.obj (.text)
                  000034cc    00000018     driverlib.lib : adc.obj (.text:ADCProcessorTrigger)
                  000034e4    00000018                   : gpio.obj (.text:GPIOPinTypeGPIOOutput)
                  000034fc    00000018                   : timer.obj (.text:TimerDisable)
                  00003514    00000018     rtsv7M4_T_le_v4SPD16_eabi.lib : args_main.obj (.text)
                  0000352c    00000016     cfal96x64x16.obj (.text:CFAL96x64x16ColorTranslate)
                  00003542    00000016     grlib.lib : string.obj (.text:GrStringDraw)
                  00003558    00000016     rtsv7M4_T_le_v4SPD16_eabi.lib : strchr.obj (.text)
                  0000356e    00000014     driverlib.lib : uart.obj (.text:UARTEnable)
                  00003582    00000002     rtsv7M4_T_le_v4SPD16_eabi.lib : startup.obj (.text)
                  00003584    00000014                                   : _lock.obj (.text)
                  00003598    00000014                                   : s_copysign.obj (.text)
                  000035ac    00000014                                   : strlen.obj (.text)
                  000035c0    00000012     driverlib.lib : timer.obj (.text:TimerLoadSet)
                  000035d2    00000002     --HOLE-- [fill = 0]
                  000035d4    00000010                   : fpu.obj (.text:FPULazyStackingEnable)
                  000035e4    00000010                   : interrupt.obj (.text:IntMasterDisable)
                  000035f4    00000010                   : interrupt.obj (.text:IntMasterEnable)
                  00003604    0000000e                   : adc.obj (.text:ADCSequenceDisable)
                  00003612    0000000e                   : adc.obj (.text:ADCSequenceEnable)
                  00003620    0000000e                   : timer.obj (.text:TimerEnable)
                  0000362e    0000000e                   : uart.obj (.text:UARTCharGetNonBlocking)
                  0000363c    0000000e                   : uart.obj (.text:UARTCharsAvail)
                  0000364a    0000000e     rtsv7M4_T_le_v4SPD16_eabi.lib : copy_decompress_none.obj (.text:decompress:none)
                  00003658    0000000c     driverlib.lib : cpu.obj (.text:CPUcpsid)
                  00003664    0000000c                   : cpu.obj (.text:CPUcpsie)
                  00003670    0000000c     rtsv7M4_T_le_v4SPD16_eabi.lib : copy_zero_init.obj (.text:decompress:ZI)
                  0000367c    0000000a     driverlib.lib : adc.obj (.text:ADCIntClear)
                  00003686    00000008     grlib.lib : charmap.obj (.text:GrMapISO8859_1_Unicode)
                  0000368e    00000008     driverlib.lib : timer.obj (.text:TimerIntEnable)
                  00003696    00000006                   : gpio.obj (.text:GPIOPinWrite)
                  0000369c    00000006     grlib.lib : string.obj (.text:GrContextFontSet)
                  000036a2    00000006     startup_ccs.obj (.text:ResetISR)
                  000036a8    00000006     driverlib.lib : sysctl.obj (.text:SysCtlDelay)
                  000036ae    00000004                   : timer.obj (.text:TimerIntClear)
                  000036b2    00000004     rtsv7M4_T_le_v4SPD16_eabi.lib : pre_init.obj (.text)

.const     0    000036b8    000005d8     
                  000036b8    000002f8     grlib.lib : fontfixed6x8.obj (.const:.string:g_pui8FontFixed6x8Data)
                  000039b0    00000101     rtsv7M4_T_le_v4SPD16_eabi.lib : ctype.obj (.const:.string:_ctypes_)
                  00003ab1    00000003     --HOLE-- [fill = 0]
                  00003ab4    000000c8     grlib.lib : fontfixed6x8.obj (.const:g_sFontFixed6x8)
                  00003b7c    00000070     driverlib.lib : interrupt.obj (.const)
                  00003bec    0000006c                   : sysctl.obj (.const:g_pui32Xtals)
                  00003c58    00000028     cfal96x64x16.obj (.const:g_sCFAL96x64x16)
                  00003c80    00000010     grlib.lib : context.obj (.const)

.cinit     0    00003c90    00000050     
                  00003c90    00000026     (.cinit..data.load) [load image, compression = lzss]
                  00003cb6    00000002     --HOLE-- [fill = 0]
                  00003cb8    0000000c     (__TI_handler_table)
                  00003cc4    00000004     --HOLE-- [fill = 0]
                  00003cc8    00000008     (.cinit..bss.load) [load image, compression = zero_init]
                  00003cd0    00000010     (__TI_cinit_table)

.init_array 
*          0    00000000    00000000     UNINITIALIZED

.stack     0    20000000    00000400     UNINITIALIZED
                  20000000    00000400     --HOLE--

.bss       0    20000400    00000038     UNINITIALIZED
                  20000400    0000002c     timers.obj (.bss:sContext)
                  2000042c    00000008     timers.obj (.bss)
                  20000434    00000004     (.common:g_psGrLibDefaults)

.data      0    20000438    00000030     UNINITIALIZED
                  20000438    00000013     cfal96x64x16.obj (.data:g_ui8DisplayInitCommands)
                  2000044b    00000001     --HOLE--
                  2000044c    0000000c     rtsv7M4_T_le_v4SPD16_eabi.lib : exit.obj (.data:$O1$$)
                  20000458    00000008                                   : _lock.obj (.data:$O1$$)
                  20000460    00000004                                   : errno.obj (.data)
                  20000464    00000004                                   : stkdepth_vars.obj (.data)

MODULE SUMMARY

       Module                     code    ro data   rw data
       ------                     ----    -------   -------
    .\
       timers.obj                 904     0         52     
       startup_ccs.obj            12      620       0      
    +--+--------------------------+-------+---------+---------+
       Total:                     916     620       52     
                                                           
    .\drivers\
       cfal96x64x16.obj           1228    40        19     
    +--+--------------------------+-------+---------+---------+
       Total:                     1228    40        19     
                                                           
    C:/ti/TivaWare_C_Series-2.1.3.156/driverlib/ccs/Debug/driverlib.lib
       sysctl.obj                 630     108       0      
       gpio.obj                   378     0         0      
       adc.obj                    348     0         0      
       interrupt.obj              136     112       0      
       timer.obj                  164     0         0      
       uart.obj                   150     0         0      
       cpu.obj                    24      0         0      
       fpu.obj                    16      0         0      
    +--+--------------------------+-------+---------+---------+
       Total:                     1846    220       0      
                                                           
    C:/ti/TivaWare_C_Series-2.1.3.156/grlib/ccs/Debug/grlib.lib
       string.obj                 1334    0         0      
       fontfixed6x8.obj           0       960       0      
       rectangle.obj              134     0         0      
       context.obj                104     16        4      
       charmap.obj                8       0         0      
    +--+--------------------------+-------+---------+---------+
       Total:                     1580    976       4      
                                                           
    C:\ti\ccsv7\tools\compiler\ti-cgt-arm_16.9.6.LTS\lib\rtsv7M4_T_le_v4SPD16_eabi.lib
       _printfi.obj               4414    0         0      
       ull_div_t2.obj             500     0         0      
       fd_add_t2.obj              438     0         0      
       fd_div_t2.obj              310     0         0      
       fd_cmp_t2.obj              268     0         0      
       ctype.obj                  0       257       0      
       fd_mul_t2.obj              252     0         0      
       s_scalbn.obj               252     0         0      
       memcpy_t2.obj              156     0         0      
       memset_t2.obj              122     0         0      
       autoinit.obj               112     0         0      
       copy_decompress_lzss.obj   104     0         0      
       s_frexp.obj                100     0         0      
       exit.obj                   84      0         12     
       sprintf.obj                96      0         0      
       boot.obj                   84      0         0      
       ltoa.obj                   84      0         0      
       atoi.obj                   76      0         0      
       cpy_tbl.obj                76      0         0      
       fd_toi_t2.obj              72      0         0      
       i_tofd_t2.obj              46      0         0      
       _lock.obj                  20      0         8      
       memccpy.obj                28      0         0      
       args_main.obj              24      0         0      
       strchr.obj                 22      0         0      
       s_copysign.obj             20      0         0      
       strlen.obj                 20      0         0      
       copy_decompress_none.obj   14      0         0      
       copy_zero_init.obj         12      0         0      
       errno.obj                  0       0         4      
       pre_init.obj               4       0         0      
       stkdepth_vars.obj          0       0         4      
       mpu_init.obj               2       0         0      
       startup.obj                2       0         0      
    +--+--------------------------+-------+---------+---------+
       Total:                     7814    257       28     
                                                           
       Stack:                     0       0         1024   
       Linker Generated:          0       74        0      
    +--+--------------------------+-------+---------+---------+
       Grand Total:               13384   2187      1127   


LINKER GENERATED COPY TABLES

__TI_cinit_table @ 00003cd0 records: 2, size/record: 8, table size: 16
	.data: load addr=00003c90, load size=00000026 bytes, run addr=20000438, run size=00000030 bytes, compression=lzss
	.bss: load addr=00003cc8, load size=00000008 bytes, run addr=20000400, run size=00000038 bytes, compression=zero_init


LINKER GENERATED HANDLER TABLE

__TI_handler_table @ 00003cb8 records: 3, size/record: 4, table size: 12
	index: 0, handler: __TI_decompress_lzss
	index: 1, handler: __TI_decompress_none
	index: 2, handler: __TI_zero_init


GLOBAL SYMBOLS: SORTED ALPHABETICALLY BY Name 

address   name                           
-------   ----                           
0000367d  ADCIntClear                    
000032e7  ADCIntStatus                   
000034cd  ADCProcessorTrigger            
00002e75  ADCSequenceConfigure           
00003459  ADCSequenceDataGet             
00003605  ADCSequenceDisable             
00003613  ADCSequenceEnable              
00002985  ADCSequenceStepConfigure       
00002f21  C$$EXIT                        
00001b6d  CFAL96x64x16Init               
00003659  CPUcpsid                       
00003665  CPUcpsie                       
000035d5  FPULazyStackingEnable          
000033c7  GPIODirModeSet                 
00001f61  GPIOPadConfigSet               
000034e5  GPIOPinTypeGPIOOutput          
00003697  GPIOPinWrite                   
0000369d  GrContextFontSet               
00002b55  GrContextInit                  
00002561  GrDefaultStringRenderer        
00003371  GrFontBaselineGet              
00003477  GrFontCodepageGet              
00003417  GrFontGlyphDataGet             
000013ab  GrFontGlyphRender              
000033f1  GrFontInfoGet                  
00003687  GrMapISO8859_1_Unicode         
000027f3  GrRectFill                     
00003543  GrStringDraw                   
00003315  GrStringNextCharGet            
00002bbd  GrStringWidthGet               
00002c25  IntEnable                      
000035e5  IntMasterDisable               
000035f5  IntMasterEnable                
000036a3  ResetISR                       
UNDEFED   SHT$$INIT_ARRAY$$Base          
UNDEFED   SHT$$INIT_ARRAY$$Limit         
00002095  SysCtlClockGet                 
0000239d  SysCtlClockSet                 
000036a9  SysCtlDelay                    
0000324d  SysCtlPeripheralEnable         
00003215  SysCtlPeripheralReady          
00002491  Timer0IntHandler               
00003495  Timer1IntHandler               
00002d59  TimerConfigure                 
000034fd  TimerDisable                   
00003621  TimerEnable                    
000036af  TimerIntClear                  
0000368f  TimerIntEnable                 
000035c1  TimerLoadSet                   
0000362f  UARTCharGetNonBlocking         
0000363d  UARTCharsAvail                 
00003193  UARTConfigSetExpClk            
00003439  UARTDisable                    
0000356f  UARTEnable                     
20000400  __STACK_END                    
00000400  __STACK_SIZE                   
20000400  __STACK_TOP                    
00003cd0  __TI_CINIT_Base                
00003ce0  __TI_CINIT_Limit               
00003cb8  __TI_Handler_Table_Base        
00003cc4  __TI_Handler_Table_Limit       
00002a79  __TI_auto_init                 
2000044c  __TI_cleanup_ptr               
00002c8d  __TI_decompress_lzss           
0000364b  __TI_decompress_none           
20000450  __TI_dtors_ptr                 
20000454  __TI_enable_exit_profile_output
ffffffff  __TI_pprof_out_hndl            
00000ab1  __TI_printfi                   
ffffffff  __TI_prof_data_size            
ffffffff  __TI_prof_data_start           
00000000  __TI_static_base__             
00003671  __TI_zero_init                 
00002879  __aeabi_cdcmpeq                
00002879  __aeabi_cdcmple                
000028ff  __aeabi_cdrcmple               
0000314b  __aeabi_d2iz                   
000019bf  __aeabi_dadd                   
00001e2b  __aeabi_ddiv                   
000021a5  __aeabi_dmul                   
000019b5  __aeabi_dsub                   
00003343  __aeabi_i2d                    
000029ff  __aeabi_memclr                 
000029ff  __aeabi_memclr4                
000029ff  __aeabi_memclr8                
000026c9  __aeabi_memcpy                 
000026c9  __aeabi_memcpy4                
000026c9  __aeabi_memcpy8                
00002a01  __aeabi_memset                 
00002a01  __aeabi_memset4                
00002a01  __aeabi_memset8                
000015ff  __aeabi_uldivmod               
ffffffff  __binit__                      
ffffffff  __c_args__                     
00003213  __mpu_init                     
20000000  __stack                        
00003515  _args_main                     
00002ecd  _c_int00                       
000039b0  _ctypes_                       
20000458  _lock                          
00003593  _nop                           
0000358b  _register_lock                 
00003585  _register_unlock               
00003583  _system_post_cinit             
000036b3  _system_pre_init               
2000045c  _unlock                        
00002f25  abort                          
00003069  atoi                           
ffffffff  binit                          
00003281  clearBlack                     
000030b5  copy_in                        
00003599  copysign                       
00003599  copysignl                      
00002621  diplayADCInfoOnBoard           
20000460  errno                          
00002f2d  exit                           
00002cf5  frexp                          
00002cf5  frexpl                         
00000000  g_pfnVectors                   
00003c80  g_psDefaultCodePointMapTable   
00003c58  g_sCFAL96x64x16                
00003ab4  g_sFontFixed6x8                
000022a1  ldexp                          
000022a1  ldexpl                         
00002f75  ltoa                           
000017f5  main                           
20000464  main_func_sp                   
000034b1  memccpy                        
000026c9  memcpy                         
00002a07  memset                         
000022a1  scalbn                         
000022a1  scalbnl                        
00002db9  sprintf                        
00003559  strchr                         
000035ad  strlen                         


GLOBAL SYMBOLS: SORTED BY Symbol Address 

address   name                           
-------   ----                           
00000000  __TI_static_base__             
00000000  g_pfnVectors                   
00000400  __STACK_SIZE                   
00000ab1  __TI_printfi                   
000013ab  GrFontGlyphRender              
000015ff  __aeabi_uldivmod               
000017f5  main                           
000019b5  __aeabi_dsub                   
000019bf  __aeabi_dadd                   
00001b6d  CFAL96x64x16Init               
00001e2b  __aeabi_ddiv                   
00001f61  GPIOPadConfigSet               
00002095  SysCtlClockGet                 
000021a5  __aeabi_dmul                   
000022a1  ldexp                          
000022a1  ldexpl                         
000022a1  scalbn                         
000022a1  scalbnl                        
0000239d  SysCtlClockSet                 
00002491  Timer0IntHandler               
00002561  GrDefaultStringRenderer        
00002621  diplayADCInfoOnBoard           
000026c9  __aeabi_memcpy                 
000026c9  __aeabi_memcpy4                
000026c9  __aeabi_memcpy8                
000026c9  memcpy                         
000027f3  GrRectFill                     
00002879  __aeabi_cdcmpeq                
00002879  __aeabi_cdcmple                
000028ff  __aeabi_cdrcmple               
00002985  ADCSequenceStepConfigure       
000029ff  __aeabi_memclr                 
000029ff  __aeabi_memclr4                
000029ff  __aeabi_memclr8                
00002a01  __aeabi_memset                 
00002a01  __aeabi_memset4                
00002a01  __aeabi_memset8                
00002a07  memset                         
00002a79  __TI_auto_init                 
00002b55  GrContextInit                  
00002bbd  GrStringWidthGet               
00002c25  IntEnable                      
00002c8d  __TI_decompress_lzss           
00002cf5  frexp                          
00002cf5  frexpl                         
00002d59  TimerConfigure                 
00002db9  sprintf                        
00002e75  ADCSequenceConfigure           
00002ecd  _c_int00                       
00002f21  C$$EXIT                        
00002f25  abort                          
00002f2d  exit                           
00002f75  ltoa                           
00003069  atoi                           
000030b5  copy_in                        
0000314b  __aeabi_d2iz                   
00003193  UARTConfigSetExpClk            
00003213  __mpu_init                     
00003215  SysCtlPeripheralReady          
0000324d  SysCtlPeripheralEnable         
00003281  clearBlack                     
000032e7  ADCIntStatus                   
00003315  GrStringNextCharGet            
00003343  __aeabi_i2d                    
00003371  GrFontBaselineGet              
000033c7  GPIODirModeSet                 
000033f1  GrFontInfoGet                  
00003417  GrFontGlyphDataGet             
00003439  UARTDisable                    
00003459  ADCSequenceDataGet             
00003477  GrFontCodepageGet              
00003495  Timer1IntHandler               
000034b1  memccpy                        
000034cd  ADCProcessorTrigger            
000034e5  GPIOPinTypeGPIOOutput          
000034fd  TimerDisable                   
00003515  _args_main                     
00003543  GrStringDraw                   
00003559  strchr                         
0000356f  UARTEnable                     
00003583  _system_post_cinit             
00003585  _register_unlock               
0000358b  _register_lock                 
00003593  _nop                           
00003599  copysign                       
00003599  copysignl                      
000035ad  strlen                         
000035c1  TimerLoadSet                   
000035d5  FPULazyStackingEnable          
000035e5  IntMasterDisable               
000035f5  IntMasterEnable                
00003605  ADCSequenceDisable             
00003613  ADCSequenceEnable              
00003621  TimerEnable                    
0000362f  UARTCharGetNonBlocking         
0000363d  UARTCharsAvail                 
0000364b  __TI_decompress_none           
00003659  CPUcpsid                       
00003665  CPUcpsie                       
00003671  __TI_zero_init                 
0000367d  ADCIntClear                    
00003687  GrMapISO8859_1_Unicode         
0000368f  TimerIntEnable                 
00003697  GPIOPinWrite                   
0000369d  GrContextFontSet               
000036a3  ResetISR                       
000036a9  SysCtlDelay                    
000036af  TimerIntClear                  
000036b3  _system_pre_init               
000039b0  _ctypes_                       
00003ab4  g_sFontFixed6x8                
00003c58  g_sCFAL96x64x16                
00003c80  g_psDefaultCodePointMapTable   
00003cb8  __TI_Handler_Table_Base        
00003cc4  __TI_Handler_Table_Limit       
00003cd0  __TI_CINIT_Base                
00003ce0  __TI_CINIT_Limit               
20000000  __stack                        
20000400  __STACK_END                    
20000400  __STACK_TOP                    
2000044c  __TI_cleanup_ptr               
20000450  __TI_dtors_ptr                 
20000454  __TI_enable_exit_profile_output
20000458  _lock                          
2000045c  _unlock                        
20000460  errno                          
20000464  main_func_sp                   
ffffffff  __TI_pprof_out_hndl            
ffffffff  __TI_prof_data_size            
ffffffff  __TI_prof_data_start           
ffffffff  __binit__                      
ffffffff  __c_args__                     
ffffffff  binit                          
UNDEFED   SHT$$INIT_ARRAY$$Base          
UNDEFED   SHT$$INIT_ARRAY$$Limit         

[135 symbols]
