******************************************************************************
                  TI ARM Linker PC v16.9.6                     
******************************************************************************
>> Linked Tue Feb 13 13:22:26 2018

OUTPUT FILE NAME:   <CEC322_Hostetter_Link_Lab04.out>
ENTRY POINT SYMBOL: "_c_int00"  address: 000030b5


MEMORY CONFIGURATION

         name            origin    length      used     unused   attr    fill
----------------------  --------  ---------  --------  --------  ----  --------
  FLASH                 00000000   00040000  00003e50  0003c1b0  R  X
  SRAM                  20000000   00008000  00000460  00007ba0  RW X


SEGMENT ALLOCATION MAP

run origin  load origin   length   init length attrs members
----------  ----------- ---------- ----------- ----- -------
00000000    00000000    00003e50   00003e50    r-x
  00000000    00000000    0000026c   0000026c    r-- .intvecs
  0000026c    0000026c    000035bc   000035bc    r-x .text
  00003828    00003828    000005d8   000005d8    r-- .const
  00003e00    00003e00    00000050   00000050    r-- .cinit
20000000    20000000    00000460   00000000    rw-
  20000000    20000000    00000400   00000000    rw- .stack
  20000400    20000400    00000030   00000000    rw- .bss
  20000430    20000430    00000030   00000000    rw- .data


SECTION ALLOCATION MAP

 output                                  attributes/
section   page    origin      length       input sections
--------  ----  ----------  ----------   ----------------
.intvecs   0    00000000    0000026c     
                  00000000    0000026c     startup_ccs.obj (.intvecs)

.text      0    0000026c    000035bc     
                  0000026c    0000113e     rtsv7M4_T_le_v4SPD16_eabi.lib : _printfi.obj (.text)
                  000013aa    00000254     grlib.lib : string.obj (.text:GrFontGlyphRender)
                  000015fe    000001f4     rtsv7M4_T_le_v4SPD16_eabi.lib : ull_div_t2.obj (.text)
                  000017f2    00000002     startup_ccs.obj (.text:FaultISR)
                  000017f4    000001c8     timers.obj (.text:main)
                  000019bc    000001be     cfal96x64x16.obj (.text:CFAL96x64x16PixelDrawMultiple)
                  00001b7a    00000002     startup_ccs.obj (.text:IntDefaultHandler)
                  00001b7c    000001b8     cfal96x64x16.obj (.text:CFAL96x64x16Init)
                  00001d34    000001b6     rtsv7M4_T_le_v4SPD16_eabi.lib : fd_add_t2.obj (.text)
                  00001eea    00000136                                   : fd_div_t2.obj (.text)
                  00002020    00000132     driverlib.lib : gpio.obj (.text:GPIOPadConfigSet)
                  00002152    00000002     startup_ccs.obj (.text:NmiSR)
                  00002154    00000110     driverlib.lib : sysctl.obj (.text:SysCtlClockGet)
                  00002264    000000fc     rtsv7M4_T_le_v4SPD16_eabi.lib : fd_mul_t2.obj (.text)
                  00002360    000000fc                                   : s_scalbn.obj (.text)
                  0000245c    000000f4     driverlib.lib : sysctl.obj (.text:SysCtlClockSet)
                  00002550    000000e4     timers.obj (.text:diplayADCInfoOnBoard)
                  00002634    000000d8     cfal96x64x16.obj (.text:CFAL96x64x16LineDrawV)
                  0000270c    000000c0     grlib.lib : string.obj (.text:GrDefaultStringRenderer)
                  000027cc    000000b8     cfal96x64x16.obj (.text:CFAL96x64x16LineDrawH)
                  00002884    0000009c     rtsv7M4_T_le_v4SPD16_eabi.lib : memcpy_t2.obj (.text)
                  00002920    00000086     grlib.lib : rectangle.obj (.text:GrRectFill)
                  000029a6    00000086     rtsv7M4_T_le_v4SPD16_eabi.lib : fd_cmp_t2.obj (.text:__aeabi_cdcmple)
                  00002a2c    00000086                                   : fd_cmp_t2.obj (.text:__aeabi_cdrcmple)
                  00002ab2    0000007a     driverlib.lib : adc.obj (.text:ADCSequenceStepConfigure)
                  00002b2c    0000007a     rtsv7M4_T_le_v4SPD16_eabi.lib : memset_t2.obj (.text)
                  00002ba6    00000002                                   : mpu_init.obj (.text)
                  00002ba8    00000070                                   : autoinit.obj (.text)
                  00002c18    00000068     grlib.lib : context.obj (.text:GrContextInit)
                  00002c80    00000068               : string.obj (.text:GrStringWidthGet)
                  00002ce8    00000068     driverlib.lib : interrupt.obj (.text:IntEnable)
                  00002d50    00000068     rtsv7M4_T_le_v4SPD16_eabi.lib : copy_decompress_lzss.obj (.text:decompress:lzss)
                  00002db8    00000064     timers.obj (.text:Timer0IntHandler)
                  00002e1c    00000064     rtsv7M4_T_le_v4SPD16_eabi.lib : s_frexp.obj (.text)
                  00002e80    00000060     cfal96x64x16.obj (.text:CFAL96x64x16WriteCommand)
                  00002ee0    00000060     cfal96x64x16.obj (.text:CFAL96x64x16WriteData)
                  00002f40    00000060     driverlib.lib : timer.obj (.text:TimerConfigure)
                  00002fa0    00000060     rtsv7M4_T_le_v4SPD16_eabi.lib : sprintf.obj (.text)
                  00003000    0000005a     grlib.lib : string.obj (.text:FontWideGlyphDataGet)
                  0000305a    00000002     rtsv7M4_T_le_v4SPD16_eabi.lib : startup.obj (.text)
                  0000305c    00000058     driverlib.lib : adc.obj (.text:ADCSequenceConfigure)
                  000030b4    00000054     rtsv7M4_T_le_v4SPD16_eabi.lib : boot.obj (.text)
                  00003108    00000054                                   : exit.obj (.text)
                  0000315c    00000054                                   : ltoa.obj (.text)
                  000031b0    0000004e     cfal96x64x16.obj (.text:CFAL96x64x16PixelDraw)
                  000031fe    00000002     --HOLE-- [fill = 0]
                  00003200    0000004c     timers.obj (.text:clearBlack)
                  0000324c    0000004c     rtsv7M4_T_le_v4SPD16_eabi.lib : atoi.obj (.text)
                  00003298    0000004c                                   : cpy_tbl.obj (.text)
                  000032e4    0000004a     grlib.lib : string.obj (.text:UpdateContextCharMapping)
                  0000332e    00000048     rtsv7M4_T_le_v4SPD16_eabi.lib : fd_toi_t2.obj (.text)
                  00003376    00000046     driverlib.lib : uart.obj (.text:UARTConfigSetExpClk)
                  000033bc    00000044     cfal96x64x16.obj (.text:CFAL96x64x16RectFill)
                  00003400    0000003a     grlib.lib : string.obj (.text:FontGlyphDataGet)
                  0000343a    00000002     --HOLE-- [fill = 0]
                  0000343c    00000038     driverlib.lib : sysctl.obj (.text:SysCtlPeripheralReady)
                  00003474    00000034                   : sysctl.obj (.text:SysCtlPeripheralEnable)
                  000034a8    0000002e                   : adc.obj (.text:ADCIntStatus)
                  000034d6    0000002e     grlib.lib : string.obj (.text:GrStringNextCharGet)
                  00003504    0000002e     rtsv7M4_T_le_v4SPD16_eabi.lib : i_tofd_t2.obj (.text)
                  00003532    0000002c     grlib.lib : string.obj (.text:GrFontBaselineGet)
                  0000355e    0000002a     driverlib.lib : gpio.obj (.text:GPIODirModeSet)
                  00003588    00000028     cfal96x64x16.obj (.text:CFAL96x64x16ColorTranslate)
                  000035b0    00000026     grlib.lib : string.obj (.text:GrFontInfoGet)
                  000035d6    00000022               : string.obj (.text:GrFontGlyphDataGet)
                  000035f8    00000020     driverlib.lib : uart.obj (.text:UARTDisable)
                  00003618    0000001e                   : adc.obj (.text:ADCSequenceDataGet)
                  00003636    0000001e     grlib.lib : string.obj (.text:GrFontCodepageGet)
                  00003654    0000001c     rtsv7M4_T_le_v4SPD16_eabi.lib : memccpy.obj (.text)
                  00003670    00000018     driverlib.lib : adc.obj (.text:ADCProcessorTrigger)
                  00003688    00000018                   : gpio.obj (.text:GPIOPinTypeGPIOOutput)
                  000036a0    00000018     rtsv7M4_T_le_v4SPD16_eabi.lib : args_main.obj (.text)
                  000036b8    00000016     grlib.lib : string.obj (.text:GrStringDraw)
                  000036ce    00000016     rtsv7M4_T_le_v4SPD16_eabi.lib : strchr.obj (.text)
                  000036e4    00000014     driverlib.lib : uart.obj (.text:UARTEnable)
                  000036f8    00000014     rtsv7M4_T_le_v4SPD16_eabi.lib : _lock.obj (.text)
                  0000370c    00000014                                   : s_copysign.obj (.text)
                  00003720    00000014                                   : strlen.obj (.text)
                  00003734    00000012     driverlib.lib : timer.obj (.text:TimerLoadSet)
                  00003746    00000002     --HOLE-- [fill = 0]
                  00003748    00000010                   : fpu.obj (.text:FPULazyStackingEnable)
                  00003758    00000010                   : interrupt.obj (.text:IntMasterDisable)
                  00003768    00000010                   : interrupt.obj (.text:IntMasterEnable)
                  00003778    00000010     timers.obj (.text:Timer1IntHandler)
                  00003788    0000000e     driverlib.lib : adc.obj (.text:ADCSequenceDisable)
                  00003796    0000000e                   : adc.obj (.text:ADCSequenceEnable)
                  000037a4    0000000e                   : timer.obj (.text:TimerEnable)
                  000037b2    0000000e     rtsv7M4_T_le_v4SPD16_eabi.lib : copy_decompress_none.obj (.text:decompress:none)
                  000037c0    0000000c     driverlib.lib : cpu.obj (.text:CPUcpsid)
                  000037cc    0000000c                   : cpu.obj (.text:CPUcpsie)
                  000037d8    0000000c     rtsv7M4_T_le_v4SPD16_eabi.lib : copy_zero_init.obj (.text:decompress:ZI)
                  000037e4    0000000a     driverlib.lib : adc.obj (.text:ADCIntClear)
                  000037ee    0000000a     cfal96x64x16.obj (.text:CFAL96x64x16Flush)
                  000037f8    00000008     grlib.lib : charmap.obj (.text:GrMapISO8859_1_Unicode)
                  00003800    00000008     driverlib.lib : timer.obj (.text:TimerIntEnable)
                  00003808    00000006                   : gpio.obj (.text:GPIOPinWrite)
                  0000380e    00000006     grlib.lib : string.obj (.text:GrContextFontSet)
                  00003814    00000006     startup_ccs.obj (.text:ResetISR)
                  0000381a    00000006     driverlib.lib : sysctl.obj (.text:SysCtlDelay)
                  00003820    00000004                   : timer.obj (.text:TimerIntClear)
                  00003824    00000004     rtsv7M4_T_le_v4SPD16_eabi.lib : pre_init.obj (.text)

.const     0    00003828    000005d8     
                  00003828    000002f8     grlib.lib : fontfixed6x8.obj (.const:.string:g_pui8FontFixed6x8Data)
                  00003b20    00000101     rtsv7M4_T_le_v4SPD16_eabi.lib : ctype.obj (.const:.string:_ctypes_)
                  00003c21    00000003     --HOLE-- [fill = 0]
                  00003c24    000000c8     grlib.lib : fontfixed6x8.obj (.const:g_sFontFixed6x8)
                  00003cec    00000070     driverlib.lib : interrupt.obj (.const)
                  00003d5c    0000006c                   : sysctl.obj (.const:g_pui32Xtals)
                  00003dc8    00000028     cfal96x64x16.obj (.const:g_sCFAL96x64x16)
                  00003df0    00000010     grlib.lib : context.obj (.const)

.cinit     0    00003e00    00000050     
                  00003e00    00000026     (.cinit..data.load) [load image, compression = lzss]
                  00003e26    00000002     --HOLE-- [fill = 0]
                  00003e28    0000000c     (__TI_handler_table)
                  00003e34    00000004     --HOLE-- [fill = 0]
                  00003e38    00000008     (.cinit..bss.load) [load image, compression = zero_init]
                  00003e40    00000010     (__TI_cinit_table)

.init_array 
*          0    00000000    00000000     UNINITIALIZED

.stack     0    20000000    00000400     UNINITIALIZED
                  20000000    00000400     --HOLE--

.bss       0    20000400    00000030     UNINITIALIZED
                  20000400    0000002c     (.common:sContext)
                  2000042c    00000004     (.common:g_psGrLibDefaults)

.data      0    20000430    00000030     UNINITIALIZED
                  20000430    00000013     cfal96x64x16.obj (.data:g_ui8DisplayInitCommands)
                  20000443    00000001     --HOLE--
                  20000444    0000000c     rtsv7M4_T_le_v4SPD16_eabi.lib : exit.obj (.data:$O1$$)
                  20000450    00000008                                   : _lock.obj (.data:$O1$$)
                  20000458    00000004                                   : errno.obj (.data)
                  2000045c    00000004                                   : stkdepth_vars.obj (.data)

MODULE SUMMARY

       Module                     code    ro data   rw data
       ------                     ----    -------   -------
    .\
       timers.obj                 876     0         44     
       startup_ccs.obj            12      620       0      
    +--+--------------------------+-------+---------+---------+
       Total:                     888     620       44     
                                                           
    .\drivers\
       cfal96x64x16.obj           1674    40        19     
    +--+--------------------------+-------+---------+---------+
       Total:                     1674    40        19     
                                                           
    C:/ti/TivaWare_C_Series-2.1.3.156/driverlib/ccs/Debug/driverlib.lib
       sysctl.obj                 630     108       0      
       gpio.obj                   378     0         0      
       adc.obj                    348     0         0      
       interrupt.obj              136     112       0      
       timer.obj                  140     0         0      
       uart.obj                   122     0         0      
       cpu.obj                    24      0         0      
       fpu.obj                    16      0         0      
    +--+--------------------------+-------+---------+---------+
       Total:                     1794    220       0      
                                                           
    C:/ti/TivaWare_C_Series-2.1.3.156/grlib/ccs/Debug/grlib.lib
       string.obj                 1334    0         0      
       fontfixed6x8.obj           0       960       0      
       rectangle.obj              134     0         0      
       context.obj                104     16        4      
       charmap.obj                8       0         0      
    +--+--------------------------+-------+---------+---------+
       Total:                     1580    976       4      
                                                           
    C:\ti\ccsv7\tools\compiler\ti-cgt-arm_16.9.6.LTS\lib\rtsv7M4_T_le_v4SPD16_eabi.lib
       _printfi.obj               4414    0         0      
       ull_div_t2.obj             500     0         0      
       fd_add_t2.obj              438     0         0      
       fd_div_t2.obj              310     0         0      
       fd_cmp_t2.obj              268     0         0      
       ctype.obj                  0       257       0      
       fd_mul_t2.obj              252     0         0      
       s_scalbn.obj               252     0         0      
       memcpy_t2.obj              156     0         0      
       memset_t2.obj              122     0         0      
       autoinit.obj               112     0         0      
       copy_decompress_lzss.obj   104     0         0      
       s_frexp.obj                100     0         0      
       exit.obj                   84      0         12     
       sprintf.obj                96      0         0      
       boot.obj                   84      0         0      
       ltoa.obj                   84      0         0      
       atoi.obj                   76      0         0      
       cpy_tbl.obj                76      0         0      
       fd_toi_t2.obj              72      0         0      
       i_tofd_t2.obj              46      0         0      
       _lock.obj                  20      0         8      
       memccpy.obj                28      0         0      
       args_main.obj              24      0         0      
       strchr.obj                 22      0         0      
       s_copysign.obj             20      0         0      
       strlen.obj                 20      0         0      
       copy_decompress_none.obj   14      0         0      
       copy_zero_init.obj         12      0         0      
       errno.obj                  0       0         4      
       pre_init.obj               4       0         0      
       stkdepth_vars.obj          0       0         4      
       mpu_init.obj               2       0         0      
       startup.obj                2       0         0      
    +--+--------------------------+-------+---------+---------+
       Total:                     7814    257       28     
                                                           
       Stack:                     0       0         1024   
       Linker Generated:          0       74        0      
    +--+--------------------------+-------+---------+---------+
       Grand Total:               13750   2187      1119   


LINKER GENERATED COPY TABLES

__TI_cinit_table @ 00003e40 records: 2, size/record: 8, table size: 16
	.data: load addr=00003e00, load size=00000026 bytes, run addr=20000430, run size=00000030 bytes, compression=lzss
	.bss: load addr=00003e38, load size=00000008 bytes, run addr=20000400, run size=00000030 bytes, compression=zero_init


LINKER GENERATED HANDLER TABLE

__TI_handler_table @ 00003e28 records: 3, size/record: 4, table size: 12
	index: 0, handler: __TI_decompress_lzss
	index: 1, handler: __TI_decompress_none
	index: 2, handler: __TI_zero_init


GLOBAL SYMBOLS: SORTED ALPHABETICALLY BY Name 

address   name                           
-------   ----                           
000037e5  ADCIntClear                    
000034a9  ADCIntStatus                   
00003671  ADCProcessorTrigger            
0000305d  ADCSequenceConfigure           
00003619  ADCSequenceDataGet             
00003789  ADCSequenceDisable             
00003797  ADCSequenceEnable              
00002ab3  ADCSequenceStepConfigure       
00003109  C$$EXIT                        
00001b7d  CFAL96x64x16Init               
000037c1  CPUcpsid                       
000037cd  CPUcpsie                       
00003749  FPULazyStackingEnable          
0000355f  GPIODirModeSet                 
00002021  GPIOPadConfigSet               
00003689  GPIOPinTypeGPIOOutput          
00003809  GPIOPinWrite                   
0000380f  GrContextFontSet               
00002c19  GrContextInit                  
0000270d  GrDefaultStringRenderer        
00003533  GrFontBaselineGet              
00003637  GrFontCodepageGet              
000035d7  GrFontGlyphDataGet             
000013ab  GrFontGlyphRender              
000035b1  GrFontInfoGet                  
000037f9  GrMapISO8859_1_Unicode         
00002921  GrRectFill                     
000036b9  GrStringDraw                   
000034d7  GrStringNextCharGet            
00002c81  GrStringWidthGet               
00002ce9  IntEnable                      
00003759  IntMasterDisable               
00003769  IntMasterEnable                
00003815  ResetISR                       
UNDEFED   SHT$$INIT_ARRAY$$Base          
UNDEFED   SHT$$INIT_ARRAY$$Limit         
00002155  SysCtlClockGet                 
0000245d  SysCtlClockSet                 
0000381b  SysCtlDelay                    
00003475  SysCtlPeripheralEnable         
0000343d  SysCtlPeripheralReady          
00002db9  Timer0IntHandler               
00003779  Timer1IntHandler               
00002f41  TimerConfigure                 
000037a5  TimerEnable                    
00003821  TimerIntClear                  
00003801  TimerIntEnable                 
00003735  TimerLoadSet                   
00003377  UARTConfigSetExpClk            
000035f9  UARTDisable                    
000036e5  UARTEnable                     
20000400  __STACK_END                    
00000400  __STACK_SIZE                   
20000400  __STACK_TOP                    
00003e40  __TI_CINIT_Base                
00003e50  __TI_CINIT_Limit               
00003e28  __TI_Handler_Table_Base        
00003e34  __TI_Handler_Table_Limit       
00002ba9  __TI_auto_init                 
20000444  __TI_cleanup_ptr               
00002d51  __TI_decompress_lzss           
000037b3  __TI_decompress_none           
20000448  __TI_dtors_ptr                 
2000044c  __TI_enable_exit_profile_output
ffffffff  __TI_pprof_out_hndl            
00000ab1  __TI_printfi                   
ffffffff  __TI_prof_data_size            
ffffffff  __TI_prof_data_start           
00000000  __TI_static_base__             
000037d9  __TI_zero_init                 
000029a7  __aeabi_cdcmpeq                
000029a7  __aeabi_cdcmple                
00002a2d  __aeabi_cdrcmple               
0000332f  __aeabi_d2iz                   
00001d3f  __aeabi_dadd                   
00001eeb  __aeabi_ddiv                   
00002265  __aeabi_dmul                   
00001d35  __aeabi_dsub                   
00003505  __aeabi_i2d                    
00002b2d  __aeabi_memclr                 
00002b2d  __aeabi_memclr4                
00002b2d  __aeabi_memclr8                
00002885  __aeabi_memcpy                 
00002885  __aeabi_memcpy4                
00002885  __aeabi_memcpy8                
00002b2f  __aeabi_memset                 
00002b2f  __aeabi_memset4                
00002b2f  __aeabi_memset8                
000015ff  __aeabi_uldivmod               
ffffffff  __binit__                      
ffffffff  __c_args__                     
00002ba7  __mpu_init                     
20000000  __stack                        
000036a1  _args_main                     
000030b5  _c_int00                       
00003b20  _ctypes_                       
20000450  _lock                          
00003707  _nop                           
000036ff  _register_lock                 
000036f9  _register_unlock               
0000305b  _system_post_cinit             
00003825  _system_pre_init               
20000454  _unlock                        
0000310d  abort                          
0000324d  atoi                           
ffffffff  binit                          
00003201  clearBlack                     
00003299  copy_in                        
0000370d  copysign                       
0000370d  copysignl                      
00002551  diplayADCInfoOnBoard           
20000458  errno                          
00003115  exit                           
00002e1d  frexp                          
00002e1d  frexpl                         
00000000  g_pfnVectors                   
00003df0  g_psDefaultCodePointMapTable   
00003dc8  g_sCFAL96x64x16                
00003c24  g_sFontFixed6x8                
00002361  ldexp                          
00002361  ldexpl                         
0000315d  ltoa                           
000017f5  main                           
2000045c  main_func_sp                   
00003655  memccpy                        
00002885  memcpy                         
00002b35  memset                         
20000400  sContext                       
00002361  scalbn                         
00002361  scalbnl                        
00002fa1  sprintf                        
000036cf  strchr                         
00003721  strlen                         


GLOBAL SYMBOLS: SORTED BY Symbol Address 

address   name                           
-------   ----                           
00000000  __TI_static_base__             
00000000  g_pfnVectors                   
00000400  __STACK_SIZE                   
00000ab1  __TI_printfi                   
000013ab  GrFontGlyphRender              
000015ff  __aeabi_uldivmod               
000017f5  main                           
00001b7d  CFAL96x64x16Init               
00001d35  __aeabi_dsub                   
00001d3f  __aeabi_dadd                   
00001eeb  __aeabi_ddiv                   
00002021  GPIOPadConfigSet               
00002155  SysCtlClockGet                 
00002265  __aeabi_dmul                   
00002361  ldexp                          
00002361  ldexpl                         
00002361  scalbn                         
00002361  scalbnl                        
0000245d  SysCtlClockSet                 
00002551  diplayADCInfoOnBoard           
0000270d  GrDefaultStringRenderer        
00002885  __aeabi_memcpy                 
00002885  __aeabi_memcpy4                
00002885  __aeabi_memcpy8                
00002885  memcpy                         
00002921  GrRectFill                     
000029a7  __aeabi_cdcmpeq                
000029a7  __aeabi_cdcmple                
00002a2d  __aeabi_cdrcmple               
00002ab3  ADCSequenceStepConfigure       
00002b2d  __aeabi_memclr                 
00002b2d  __aeabi_memclr4                
00002b2d  __aeabi_memclr8                
00002b2f  __aeabi_memset                 
00002b2f  __aeabi_memset4                
00002b2f  __aeabi_memset8                
00002b35  memset                         
00002ba7  __mpu_init                     
00002ba9  __TI_auto_init                 
00002c19  GrContextInit                  
00002c81  GrStringWidthGet               
00002ce9  IntEnable                      
00002d51  __TI_decompress_lzss           
00002db9  Timer0IntHandler               
00002e1d  frexp                          
00002e1d  frexpl                         
00002f41  TimerConfigure                 
00002fa1  sprintf                        
0000305b  _system_post_cinit             
0000305d  ADCSequenceConfigure           
000030b5  _c_int00                       
00003109  C$$EXIT                        
0000310d  abort                          
00003115  exit                           
0000315d  ltoa                           
00003201  clearBlack                     
0000324d  atoi                           
00003299  copy_in                        
0000332f  __aeabi_d2iz                   
00003377  UARTConfigSetExpClk            
0000343d  SysCtlPeripheralReady          
00003475  SysCtlPeripheralEnable         
000034a9  ADCIntStatus                   
000034d7  GrStringNextCharGet            
00003505  __aeabi_i2d                    
00003533  GrFontBaselineGet              
0000355f  GPIODirModeSet                 
000035b1  GrFontInfoGet                  
000035d7  GrFontGlyphDataGet             
000035f9  UARTDisable                    
00003619  ADCSequenceDataGet             
00003637  GrFontCodepageGet              
00003655  memccpy                        
00003671  ADCProcessorTrigger            
00003689  GPIOPinTypeGPIOOutput          
000036a1  _args_main                     
000036b9  GrStringDraw                   
000036cf  strchr                         
000036e5  UARTEnable                     
000036f9  _register_unlock               
000036ff  _register_lock                 
00003707  _nop                           
0000370d  copysign                       
0000370d  copysignl                      
00003721  strlen                         
00003735  TimerLoadSet                   
00003749  FPULazyStackingEnable          
00003759  IntMasterDisable               
00003769  IntMasterEnable                
00003779  Timer1IntHandler               
00003789  ADCSequenceDisable             
00003797  ADCSequenceEnable              
000037a5  TimerEnable                    
000037b3  __TI_decompress_none           
000037c1  CPUcpsid                       
000037cd  CPUcpsie                       
000037d9  __TI_zero_init                 
000037e5  ADCIntClear                    
000037f9  GrMapISO8859_1_Unicode         
00003801  TimerIntEnable                 
00003809  GPIOPinWrite                   
0000380f  GrContextFontSet               
00003815  ResetISR                       
0000381b  SysCtlDelay                    
00003821  TimerIntClear                  
00003825  _system_pre_init               
00003b20  _ctypes_                       
00003c24  g_sFontFixed6x8                
00003dc8  g_sCFAL96x64x16                
00003df0  g_psDefaultCodePointMapTable   
00003e28  __TI_Handler_Table_Base        
00003e34  __TI_Handler_Table_Limit       
00003e40  __TI_CINIT_Base                
00003e50  __TI_CINIT_Limit               
20000000  __stack                        
20000400  __STACK_END                    
20000400  __STACK_TOP                    
20000400  sContext                       
20000444  __TI_cleanup_ptr               
20000448  __TI_dtors_ptr                 
2000044c  __TI_enable_exit_profile_output
20000450  _lock                          
20000454  _unlock                        
20000458  errno                          
2000045c  main_func_sp                   
ffffffff  __TI_pprof_out_hndl            
ffffffff  __TI_prof_data_size            
ffffffff  __TI_prof_data_start           
ffffffff  __binit__                      
ffffffff  __c_args__                     
ffffffff  binit                          
UNDEFED   SHT$$INIT_ARRAY$$Base          
UNDEFED   SHT$$INIT_ARRAY$$Limit         

[133 symbols]
